shelltest 1.11
args: Args
  { list = False
  , include = []
  , exclude = []
  , all_ = False
  , color = False
  , diff = False
  , precise = False
  , hide_successes = False
  , fail_fast = False
  , xmlout = ""
  , defmacro = []
  , execdir = False
  , extension = ".test"
  , with = ""
  , timeout = 0
  , threads = 0
  , shell_cmd = Nothing
  , debug = True
  , debug_parse = False
  , testpaths = [ "test/cli" ]
  , print_ = Nothing
  , hspec_ = False
  }
processing 31 test files: test/cli\000-cleanup.test, test/cli\bitignore.test, test/cli\device-prompt.test, test/cli\fetch-output.test, test/cli\filesystem-remote-direct.test, test/cli\fsck.test, test/cli\gdrive-remote.test, test/cli\init-config.test, test/cli\init.test, test/cli\ls-files.test, test/cli\merge-local.test, test/cli\no-repo.test, test/cli\one-repo.test, test/cli\path-type-safety.test, test/cli\process-io.test, test/cli\progress-reporting.test, test/cli\proof-of-possession.test, test/cli\remote-flag.test, test/cli\remote-repair.test, test/cli\remote-show.test, test/cli\remote-targeted.test, test/cli\restore-checkout.test, test/cli\scan-cache.test, test/cli\skip-scan.test, test/cli\status.test, test/cli\unicode-remote.test, test/cli\unicode.test, test/cli\upstream-tracking.test, test/cli\verify-progress.test, test/cli\verify-remote.test, test/cli\verify.test
parsed test/cli\000-cleanup.test:
 ShellTest
  { command =
      ReplaceableCommand
        "timeout /t 1 >nul & rmdir /s /q test\\cli\\output 2>nul & mkdir test\\cli\\output & echo global cleanup done"
  , stdin = ""
  , stdoutExpected = Just "global cleanup done\n"
  , stderrExpected = Nothing
  , exitCodeExpected = 0
  , testname = "test/cli\\000-cleanup.test:1"
  , lineNumber = 12
  }
parsed test/cli\bitignore.test:
 ShellTest
  { command =
      ReplaceableCommand
        "rmdir /s /q test\\cli\\output\\work 2>nul & mkdir test\\cli\\output\\work & cd test\\cli\\output\\work & bit init"
  , stdin = ""
  , stdoutExpected = Just "/.*[Ii]nitialized.*/"
  , stderrExpected = Nothing
  , exitCodeExpected = 0
  , testname = "test/cli\\bitignore.test:1"
  , lineNumber = 4
  }
 ShellTest
  { command =
      ReplaceableCommand
        "cd test\\cli\\output\\work & echo *.log> .bitignore"
  , stdin = ""
  , stdoutExpected = Nothing
  , stderrExpected = Nothing
  , exitCodeExpected = 0
  , testname = "test/cli\\bitignore.test:2"
  , lineNumber = 10
  }
 ShellTest
  { command =
      ReplaceableCommand
        "cd test\\cli\\output\\work & echo hello> file.txt & echo debug content> debug.log"
  , stdin = ""
  , stdoutExpected = Nothing
  , stderrExpected = Nothing
  , exitCodeExpected = 0
  , testname = "test/cli\\bitignore.test:3"
  , lineNumber = 15
  }
 ShellTest
  { command =
      ReplaceableCommand "cd test\\cli\\output\\work & bit add ."
  , stdin = ""
  , stdoutExpected = Nothing
  , stderrExpected = Nothing
  , exitCodeExpected = 0
  , testname = "test/cli\\bitignore.test:4"
  , lineNumber = 20
  }
 ShellTest
  { command =
      ReplaceableCommand "cd test\\cli\\output\\work & bit status"
  , stdin = ""
  , stdoutExpected = Just "/file\\.txt/"
  , stderrExpected = Nothing
  , exitCodeExpected = 0
  , testname = "test/cli\\bitignore.test:5"
  , lineNumber = 25
  }
 ShellTest
  { command =
      ReplaceableCommand
        "cd test\\cli\\output\\work & bit status | findstr \"debug.log\" && exit 1 || exit 0"
  , stdin = ""
  , stdoutExpected = Nothing
  , stderrExpected = Nothing
  , exitCodeExpected = 0
  , testname = "test/cli\\bitignore.test:6"
  , lineNumber = 31
  }
 ShellTest
  { command =
      ReplaceableCommand
        "cd test\\cli\\output\\work & bit commit -m \"test commit\""
  , stdin = ""
  , stdoutExpected = Just "/file.*changed/"
  , stderrExpected = Nothing
  , exitCodeExpected = 0
  , testname = "test/cli\\bitignore.test:7"
  , lineNumber = 36
  }
 ShellTest
  { command =
      ReplaceableCommand
        "if exist \"test\\cli\\output\\work\\.bit\\index\\debug.log\" (exit 1) else (exit 0)"
  , stdin = ""
  , stdoutExpected = Nothing
  , stderrExpected = Nothing
  , exitCodeExpected = 0
  , testname = "test/cli\\bitignore.test:8"
  , lineNumber = 42
  }
 ShellTest
  { command =
      ReplaceableCommand
        "if exist \"test\\cli\\output\\work\\.bit\\index\\file.txt\" (exit 0) else (exit 1)"
  , stdin = ""
  , stdoutExpected = Nothing
  , stderrExpected = Nothing
  , exitCodeExpected = 0
  , testname = "test/cli\\bitignore.test:9"
  , lineNumber = 47
  }
 ShellTest
  { command =
      ReplaceableCommand
        "cd test\\cli\\output\\work & echo *.tmp>> .bitignore"
  , stdin = ""
  , stdoutExpected = Nothing
  , stderrExpected = Nothing
  , exitCodeExpected = 0
  , testname = "test/cli\\bitignore.test:10"
  , lineNumber = 52
  }
 ShellTest
  { command =
      ReplaceableCommand
        "cd test\\cli\\output\\work & echo temp content> test.tmp"
  , stdin = ""
  , stdoutExpected = Nothing
  , stderrExpected = Nothing
  , exitCodeExpected = 0
  , testname = "test/cli\\bitignore.test:11"
  , lineNumber = 57
  }
 ShellTest
  { command =
      ReplaceableCommand "cd test\\cli\\output\\work & bit add ."
  , stdin = ""
  , stdoutExpected = Nothing
  , stderrExpected = Nothing
  , exitCodeExpected = 0
  , testname = "test/cli\\bitignore.test:12"
  , lineNumber = 62
  }
 ShellTest
  { command =
      ReplaceableCommand
        "cd test\\cli\\output\\work & bit status | findstr \"test.tmp\" && exit 1 || exit 0"
  , stdin = ""
  , stdoutExpected = Nothing
  , stderrExpected = Nothing
  , exitCodeExpected = 0
  , testname = "test/cli\\bitignore.test:13"
  , lineNumber = 67
  }
 ShellTest
  { command =
      ReplaceableCommand "rmdir /s /q test\\cli\\output\\work 2>nul"
  , stdin = ""
  , stdoutExpected = Nothing
  , stderrExpected = Nothing
  , exitCodeExpected = 0
  , testname = "test/cli\\bitignore.test:14"
  , lineNumber = 72
  }
parsed test/cli\device-prompt.test:
 ShellTest
  { command =
      ReplaceableCommand "cd test\\cli & subst Z: . & cd ..\\.."
  , stdin = ""
  , stdoutExpected = Just ""
  , stderrExpected = Nothing
  , exitCodeExpected = 0
  , testname = "test/cli\\device-prompt.test:1"
  , lineNumber = 6
  }
 ShellTest
  { command =
      ReplaceableCommand
        "rmdir /s /q test\\cli\\output\\work 2>nul & rmdir /s /q test\\cli\\output\\device_prompt_remote 2>nul & mkdir test\\cli\\output\\work & mkdir test\\cli\\output\\device_prompt_remote & cd test\\cli\\output\\work & bit init"
  , stdin = ""
  , stdoutExpected = Just "/.*[Ii]nitialized.*/"
  , stderrExpected = Nothing
  , exitCodeExpected = 0
  , testname = "test/cli\\device-prompt.test:2"
  , lineNumber = 12
  }
 ShellTest
  { command =
      ReplaceableCommand
        "cd test\\cli\\output\\work & set BIT_USE_STDIN=1 & echo test_device| bit remote add origin Z:\\output\\device_prompt_remote"
  , stdin = ""
  , stdoutExpected = Just "/Remote.*origin|Device.*registered/"
  , stderrExpected = Nothing
  , exitCodeExpected = 0
  , testname = "test/cli\\device-prompt.test:3"
  , lineNumber = 18
  }
 ShellTest
  { command =
      ReplaceableCommand
        "findstr /C:\"device:\" test\\cli\\output\\work\\.bit\\remotes\\origin >nul || findstr /C:\"local:\" test\\cli\\output\\work\\.bit\\remotes\\origin >nul"
  , stdin = ""
  , stdoutExpected = Just ""
  , stderrExpected = Nothing
  , exitCodeExpected = 0
  , testname = "test/cli\\device-prompt.test:4"
  , lineNumber = 24
  }
 ShellTest
  { command =
      ReplaceableCommand
        "subst Z: /D 2>nul & rmdir /s /q test\\cli\\output\\work 2>nul & rmdir /s /q test\\cli\\output\\device_prompt_remote 2>nul"
  , stdin = ""
  , stdoutExpected = Just ""
  , stderrExpected = Nothing
  , exitCodeExpected = 0
  , testname = "test/cli\\device-prompt.test:5"
  , lineNumber = 30
  }
parsed test/cli\fetch-output.test:
 ShellTest
  { command =
      ReplaceableCommand
        "timeout /t 1 >nul & rmdir /s /q test\\cli\\output\\work_fetch_a 2>nul & rmdir /s /q test\\cli\\output\\work_fetch_b 2>nul & rclone purge gdrive-test:bit-test-fetch 2>nul & echo cleanup done"
  , stdin = ""
  , stdoutExpected = Just "cleanup done\n"
  , stderrExpected = Nothing
  , exitCodeExpected = 0
  , testname = "test/cli\\fetch-output.test:1"
  , lineNumber = 12
  }
 ShellTest
  { command =
      ReplaceableCommand "mkdir test\\cli\\output\\work_fetch_a"
  , stdin = ""
  , stdoutExpected = Just ""
  , stderrExpected = Nothing
  , exitCodeExpected = 0
  , testname = "test/cli\\fetch-output.test:2"
  , lineNumber = 22
  }
 ShellTest
  { command =
      ReplaceableCommand "mkdir test\\cli\\output\\work_fetch_b"
  , stdin = ""
  , stdoutExpected = Just ""
  , stderrExpected = Nothing
  , exitCodeExpected = 0
  , testname = "test/cli\\fetch-output.test:3"
  , lineNumber = 27
  }
 ShellTest
  { command =
      ReplaceableCommand "rclone mkdir gdrive-test:bit-test-fetch"
  , stdin = ""
  , stdoutExpected = Just ""
  , stderrExpected = Nothing
  , exitCodeExpected = 0
  , testname = "test/cli\\fetch-output.test:4"
  , lineNumber = 32
  }
 ShellTest
  { command =
      ReplaceableCommand "cd test\\cli\\output\\work_fetch_a & bit init"
  , stdin = ""
  , stdoutExpected = Just "/.*[Ii]nitialized.*/"
  , stderrExpected = Nothing
  , exitCodeExpected = 0
  , testname = "test/cli\\fetch-output.test:5"
  , lineNumber = 38
  }
 ShellTest
  { command =
      ReplaceableCommand
        "cd test\\cli\\output\\work_fetch_a & bit remote add origin gdrive-test:bit-test-fetch"
  , stdin = ""
  , stdoutExpected = Just "/Remote.*added/"
  , stderrExpected = Nothing
  , exitCodeExpected = 0
  , testname = "test/cli\\fetch-output.test:6"
  , lineNumber = 43
  }
 ShellTest
  { command =
      ReplaceableCommand
        "cd test\\cli\\output\\work_fetch_a & echo initial> file1.txt & bit add file1.txt & bit commit -m \"Initial commit\""
  , stdin = ""
  , stdoutExpected = Just "/\\[master|main|file changed/"
  , stderrExpected = Nothing
  , exitCodeExpected = 0
  , testname = "test/cli\\fetch-output.test:7"
  , lineNumber = 48
  }
 ShellTest
  { command =
      ReplaceableCommand "cd test\\cli\\output\\work_fetch_a & bit push"
  , stdin = ""
  , stdoutExpected =
      Just "/Metadata push complete\\.|Remote check passed/"
  , stderrExpected = Nothing
  , exitCodeExpected = 0
  , testname = "test/cli\\fetch-output.test:8"
  , lineNumber = 53
  }
 ShellTest
  { command =
      ReplaceableCommand "cd test\\cli\\output\\work_fetch_b & bit init"
  , stdin = ""
  , stdoutExpected = Just "/.*[Ii]nitialized.*/"
  , stderrExpected = Nothing
  , exitCodeExpected = 0
  , testname = "test/cli\\fetch-output.test:9"
  , lineNumber = 62
  }
 ShellTest
  { command =
      ReplaceableCommand
        "cd test\\cli\\output\\work_fetch_b & bit remote add origin gdrive-test:bit-test-fetch"
  , stdin = ""
  , stdoutExpected = Just "/Remote.*added/"
  , stderrExpected = Nothing
  , exitCodeExpected = 0
  , testname = "test/cli\\fetch-output.test:10"
  , lineNumber = 67
  }
 ShellTest
  { command =
      ReplaceableCommand "cd test\\cli\\output\\work_fetch_b & bit fetch"
  , stdin = ""
  , stdoutExpected = Just "/Scanning remote|Fetched:|Fetch complete/"
  , stderrExpected =
      Just "/From gdrive-test:bit-test-fetch|new branch.*origin\\/main/"
  , exitCodeExpected = 0
  , testname = "test/cli\\fetch-output.test:11"
  , lineNumber = 73
  }
 ShellTest
  { command =
      ReplaceableCommand "cd test\\cli\\output\\work_fetch_b & bit fetch"
  , stdin = ""
  , stdoutExpected = Just ""
  , stderrExpected = Nothing
  , exitCodeExpected = 0
  , testname = "test/cli\\fetch-output.test:12"
  , lineNumber = 84
  }
 ShellTest
  { command =
      ReplaceableCommand "cd test\\cli\\output\\work_fetch_b & bit fetch"
  , stdin = ""
  , stdoutExpected = Just ""
  , stderrExpected = Nothing
  , exitCodeExpected = 0
  , testname = "test/cli\\fetch-output.test:13"
  , lineNumber = 90
  }
 ShellTest
  { command =
      ReplaceableCommand
        "cd test\\cli\\output\\work_fetch_a & echo updated> file2.txt & bit add file2.txt & bit commit -m \"Second commit\""
  , stdin = ""
  , stdoutExpected = Just "/\\[master|main|file changed/"
  , stderrExpected = Nothing
  , exitCodeExpected = 0
  , testname = "test/cli\\fetch-output.test:14"
  , lineNumber = 100
  }
 ShellTest
  { command =
      ReplaceableCommand "cd test\\cli\\output\\work_fetch_a & bit push"
  , stdin = ""
  , stdoutExpected =
      Just "/Metadata push complete\\.|Remote check passed/"
  , stderrExpected = Nothing
  , exitCodeExpected = 0
  , testname = "test/cli\\fetch-output.test:15"
  , lineNumber = 105
  }
 ShellTest
  { command =
      ReplaceableCommand "cd test\\cli\\output\\work_fetch_b & bit fetch"
  , stdin = ""
  , stdoutExpected = Just "/Scanning remote|Updated:|Fetch complete/"
  , stderrExpected = Nothing
  , exitCodeExpected = 0
  , testname = "test/cli\\fetch-output.test:16"
  , lineNumber = 111
  }
 ShellTest
  { command =
      ReplaceableCommand "cd test\\cli\\output\\work_fetch_b & bit fetch"
  , stdin = ""
  , stdoutExpected = Just ""
  , stderrExpected = Nothing
  , exitCodeExpected = 0
  , testname = "test/cli\\fetch-output.test:17"
  , lineNumber = 117
  }
 ShellTest
  { command =
      ReplaceableCommand
        "timeout /t 1 >nul & rmdir /s /q test\\cli\\output\\work_fetch_a 2>nul & rmdir /s /q test\\cli\\output\\work_fetch_b 2>nul & rclone purge gdrive-test:bit-test-fetch 2>nul & echo cleanup done"
  , stdin = ""
  , stdoutExpected = Just "cleanup done\n"
  , stderrExpected = Nothing
  , exitCodeExpected = 0
  , testname = "test/cli\\fetch-output.test:18"
  , lineNumber = 126
  }
parsed test/cli\filesystem-remote-direct.test:
 ShellTest
  { command =
      ReplaceableCommand
        "timeout /t 1 >nul & rmdir /s /q test\\cli\\output\\work_direct 2>nul & rmdir /s /q test\\cli\\output\\fs_remote_direct 2>nul & mkdir test\\cli\\output\\work_direct & mkdir test\\cli\\output\\fs_remote_direct"
  , stdin = ""
  , stdoutExpected = Just ""
  , stderrExpected = Nothing
  , exitCodeExpected = 0
  , testname = "test/cli\\filesystem-remote-direct.test:1"
  , lineNumber = 5
  }
 ShellTest
  { command =
      ReplaceableCommand "cd test\\cli\\output\\work_direct & bit init"
  , stdin = ""
  , stdoutExpected = Just "/.*[Ii]nitialized.*/"
  , stderrExpected = Nothing
  , exitCodeExpected = 0
  , testname = "test/cli\\filesystem-remote-direct.test:2"
  , lineNumber = 11
  }
 ShellTest
  { command =
      ReplaceableCommand
        "cd test\\cli\\output\\work_direct & bit remote add origin ..\\fs_remote_direct"
  , stdin = ""
  , stdoutExpected = Just "/Remote 'origin' added/"
  , stderrExpected = Nothing
  , exitCodeExpected = 0
  , testname = "test/cli\\filesystem-remote-direct.test:3"
  , lineNumber = 17
  }
 ShellTest
  { command =
      ReplaceableCommand
        "cd test\\cli\\output\\work_direct & echo test content> file.txt & bit add file.txt & bit commit -m \"Initial\""
  , stdin = ""
  , stdoutExpected = Just "/\\[main|files? changed/"
  , stderrExpected = Nothing
  , exitCodeExpected = 0
  , testname = "test/cli\\filesystem-remote-direct.test:4"
  , lineNumber = 23
  }
 ShellTest
  { command =
      ReplaceableCommand "cd test\\cli\\output\\work_direct & bit push"
  , stdin = ""
  , stdoutExpected = Just "/Push complete/"
  , stderrExpected = Nothing
  , exitCodeExpected = 0
  , testname = "test/cli\\filesystem-remote-direct.test:5"
  , lineNumber = 28
  }
 ShellTest
  { command =
      ReplaceableCommand
        "cd test\\cli\\output\\fs_remote_direct & bit status"
  , stdin = ""
  , stdoutExpected =
      Just "/nothing to commit|working tree clean|On branch/"
  , stderrExpected = Nothing
  , exitCodeExpected = 0
  , testname = "test/cli\\filesystem-remote-direct.test:6"
  , lineNumber = 34
  }
 ShellTest
  { command =
      ReplaceableCommand
        "cd test\\cli\\output\\fs_remote_direct & bit log --oneline"
  , stdin = ""
  , stdoutExpected = Just "/Initial/"
  , stderrExpected = Nothing
  , exitCodeExpected = 0
  , testname = "test/cli\\filesystem-remote-direct.test:7"
  , lineNumber = 40
  }
 ShellTest
  { command =
      ReplaceableCommand
        "cd test\\cli\\output\\fs_remote_direct & echo remote change> file.txt & bit add file.txt & bit commit -m \"Remote edit\""
  , stdin = ""
  , stdoutExpected = Just "/\\[main|files? changed/"
  , stderrExpected = Nothing
  , exitCodeExpected = 0
  , testname = "test/cli\\filesystem-remote-direct.test:8"
  , lineNumber = 46
  }
 ShellTest
  { command =
      ReplaceableCommand
        "cd test\\cli\\output\\work_direct & echo local change> other.txt & bit add other.txt & bit commit -m \"Local edit\""
  , stdin = ""
  , stdoutExpected = Just "/\\[main|files? changed/"
  , stderrExpected = Nothing
  , exitCodeExpected = 0
  , testname = "test/cli\\filesystem-remote-direct.test:9"
  , lineNumber = 52
  }
 ShellTest
  { command =
      ReplaceableCommand "cd test\\cli\\output\\work_direct & bit push"
  , stdin = ""
  , stdoutExpected = Nothing
  , stderrExpected = Just "/error.*Remote has local commits/"
  , exitCodeExpected = 1
  , testname = "test/cli\\filesystem-remote-direct.test:10"
  , lineNumber = 57
  }
 ShellTest
  { command =
      ReplaceableCommand "cd test\\cli\\output\\work_direct & bit pull"
  , stdin = ""
  , stdoutExpected = Just "/Pull|Merging|Updating/"
  , stderrExpected = Nothing
  , exitCodeExpected = 0
  , testname = "test/cli\\filesystem-remote-direct.test:11"
  , lineNumber = 63
  }
 ShellTest
  { command =
      ReplaceableCommand "cd test\\cli\\output\\work_direct & bit push"
  , stdin = ""
  , stdoutExpected = Just "/Push complete/"
  , stderrExpected = Nothing
  , exitCodeExpected = 0
  , testname = "test/cli\\filesystem-remote-direct.test:12"
  , lineNumber = 69
  }
 ShellTest
  { command =
      ReplaceableCommand
        "if exist \"test\\cli\\output\\fs_remote_direct\\file.txt\" (echo file exists) else (echo missing)"
  , stdin = ""
  , stdoutExpected = Just "file exists\n"
  , stderrExpected = Nothing
  , exitCodeExpected = 0
  , testname = "test/cli\\filesystem-remote-direct.test:13"
  , lineNumber = 75
  }
 ShellTest
  { command =
      ReplaceableCommand
        "if exist \"test\\cli\\output\\fs_remote_direct\\other.txt\" (echo other exists) else (echo missing)"
  , stdin = ""
  , stdoutExpected = Just "other exists\n"
  , stderrExpected = Nothing
  , exitCodeExpected = 0
  , testname = "test/cli\\filesystem-remote-direct.test:14"
  , lineNumber = 81
  }
 ShellTest
  { command =
      ReplaceableCommand
        "timeout /t 1 >nul & rmdir /s /q test\\cli\\output\\work_direct 2>nul & rmdir /s /q test\\cli\\output\\fs_remote_direct 2>nul & echo cleanup done"
  , stdin = ""
  , stdoutExpected = Just "cleanup done\n"
  , stderrExpected = Nothing
  , exitCodeExpected = 0
  , testname = "test/cli\\filesystem-remote-direct.test:15"
  , lineNumber = 91
  }
parsed test/cli\fsck.test:
 ShellTest
  { command =
      ReplaceableCommand
        "rmdir /s /q test\\cli\\output\\work_fsck 2>nul & mkdir test\\cli\\output\\work_fsck & cd test\\cli\\output\\work_fsck & bit init"
  , stdin = ""
  , stdoutExpected = Just "/.*[Ii]nitialized.*/"
  , stderrExpected = Nothing
  , exitCodeExpected = 0
  , testname = "test/cli\\fsck.test:1"
  , lineNumber = 4
  }
 ShellTest
  { command =
      ReplaceableCommand "cd test\\cli\\output\\work_fsck & bit fsck"
  , stdin = ""
  , stdoutExpected = Nothing
  , stderrExpected = Nothing
  , exitCodeExpected = 0
  , testname = "test/cli\\fsck.test:2"
  , lineNumber = 9
  }
 ShellTest
  { command =
      ReplaceableCommand
        "rmdir /s /q test\\cli\\output\\work_fsck 2>nul & mkdir test\\cli\\output\\work_fsck & cd test\\cli\\output\\work_fsck & bit init & echo hello> a.txt & bit add a.txt & bit commit -m \"Add a\""
  , stdin = ""
  , stdoutExpected = Just "/.*[Ii]nitialized.*/"
  , stderrExpected = Nothing
  , exitCodeExpected = 0
  , testname = "test/cli\\fsck.test:3"
  , lineNumber = 14
  }
 ShellTest
  { command =
      ReplaceableCommand "cd test\\cli\\output\\work_fsck & bit fsck"
  , stdin = ""
  , stdoutExpected = Nothing
  , stderrExpected = Nothing
  , exitCodeExpected = 0
  , testname = "test/cli\\fsck.test:4"
  , lineNumber = 19
  }
 ShellTest
  { command =
      ReplaceableCommand
        "timeout /t 1 >nul & rmdir /s /q test\\cli\\output\\work_fsck 2>nul"
  , stdin = ""
  , stdoutExpected = Nothing
  , stderrExpected = Nothing
  , exitCodeExpected = 0
  , testname = "test/cli\\fsck.test:5"
  , lineNumber = 24
  }
parsed test/cli\gdrive-remote.test:
 ShellTest
  { command =
      ReplaceableCommand
        "timeout /t 1 >nul & rmdir /s /q test\\cli\\output\\work_gdrive_a 2>nul & rmdir /s /q test\\cli\\output\\work_gdrive_b 2>nul & mkdir test\\cli\\output\\work_gdrive_a & mkdir test\\cli\\output\\work_gdrive_b & rclone purge gdrive-test:bit-test 2>nul & rclone mkdir gdrive-test:bit-test"
  , stdin = ""
  , stdoutExpected = Just ""
  , stderrExpected = Nothing
  , exitCodeExpected = 0
  , testname = "test/cli\\gdrive-remote.test:1"
  , lineNumber = 6
  }
 ShellTest
  { command =
      ReplaceableCommand "cd test\\cli\\output\\work_gdrive_a & bit init"
  , stdin = ""
  , stdoutExpected = Just "/.*[Ii]nitialized.*/"
  , stderrExpected = Nothing
  , exitCodeExpected = 0
  , testname = "test/cli\\gdrive-remote.test:2"
  , lineNumber = 12
  }
 ShellTest
  { command =
      ReplaceableCommand
        "cd test\\cli\\output\\work_gdrive_a & bit remote add origin gdrive-test:bit-test"
  , stdin = ""
  , stdoutExpected = Just "/Remote.*added/"
  , stderrExpected = Nothing
  , exitCodeExpected = 0
  , testname = "test/cli\\gdrive-remote.test:3"
  , lineNumber = 17
  }
 ShellTest
  { command =
      ReplaceableCommand
        "cd test\\cli\\output\\work_gdrive_a & echo hello from A> foo.txt & echo x> bar.bin & bit add foo.txt bar.bin & bit commit -m \"Add foo and bar\""
  , stdin = ""
  , stdoutExpected = Just "/\\[master|main|file changed/"
  , stderrExpected = Nothing
  , exitCodeExpected = 0
  , testname = "test/cli\\gdrive-remote.test:4"
  , lineNumber = 22
  }
 ShellTest
  { command =
      ReplaceableCommand "cd test\\cli\\output\\work_gdrive_a & bit push"
  , stdin = ""
  , stdoutExpected =
      Just
        "/Metadata push complete\\.|Remote is empty|Remote check passed/"
  , stderrExpected = Nothing
  , exitCodeExpected = 0
  , testname = "test/cli\\gdrive-remote.test:5"
  , lineNumber = 27
  }
 ShellTest
  { command =
      ReplaceableCommand
        "cd test\\cli\\output\\work_gdrive_a & bit remote repair"
  , stdin = ""
  , stdoutExpected = Just "/Nothing to repair/"
  , stderrExpected = Nothing
  , exitCodeExpected = 0
  , testname = "test/cli\\gdrive-remote.test:6"
  , lineNumber = 33
  }
 ShellTest
  { command =
      ReplaceableCommand "cd test\\cli\\output\\work_gdrive_b & bit init"
  , stdin = ""
  , stdoutExpected = Just "/.*[Ii]nitialized.*/"
  , stderrExpected = Nothing
  , exitCodeExpected = 0
  , testname = "test/cli\\gdrive-remote.test:7"
  , lineNumber = 39
  }
 ShellTest
  { command =
      ReplaceableCommand
        "cd test\\cli\\output\\work_gdrive_b & bit remote add origin gdrive-test:bit-test"
  , stdin = ""
  , stdoutExpected = Just "/Remote.*added/"
  , stderrExpected = Nothing
  , exitCodeExpected = 0
  , testname = "test/cli\\gdrive-remote.test:8"
  , lineNumber = 44
  }
 ShellTest
  { command =
      ReplaceableCommand
        "cd test\\cli\\output\\work_gdrive_b & bit fetch"
  , stdin = ""
  , stdoutExpected = Nothing
  , stderrExpected =
      Just "/From gdrive-test:bit-test|new branch.*origin\\/main/"
  , exitCodeExpected = 0
  , testname = "test/cli\\gdrive-remote.test:9"
  , lineNumber = 49
  }
 ShellTest
  { command =
      ReplaceableCommand "cd test\\cli\\output\\work_gdrive_b & bit pull"
  , stdin = ""
  , stdoutExpected =
      Just
        "/first pull|Checking out|Syncing binaries|Merge made|remote: Counting/"
  , stderrExpected = Nothing
  , exitCodeExpected = 0
  , testname = "test/cli\\gdrive-remote.test:10"
  , lineNumber = 54
  }
 ShellTest
  { command =
      ReplaceableCommand
        "findstr /C:\"hello from A\" test\\cli\\output\\work_gdrive_b\\.bit\\index\\foo.txt >nul"
  , stdin = ""
  , stdoutExpected = Just ""
  , stderrExpected = Nothing
  , exitCodeExpected = 0
  , testname = "test/cli\\gdrive-remote.test:11"
  , lineNumber = 60
  }
 ShellTest
  { command =
      ReplaceableCommand "rclone deletefile gdrive-test:bit-test/bar.bin"
  , stdin = ""
  , stdoutExpected = Just ""
  , stderrExpected = Nothing
  , exitCodeExpected = 0
  , testname = "test/cli\\gdrive-remote.test:12"
  , lineNumber = 66
  }
 ShellTest
  { command =
      ReplaceableCommand
        "cd test\\cli\\output\\work_gdrive_b & bit verify --remote"
  , stdin = ""
  , stdoutExpected =
      Just
        "/Missing:|issues found|ERROR|\\[OK\\] All files match|Verifying 0/"
  , stderrExpected = Nothing
  , exitCodeExpected = 0
  , testname = "test/cli\\gdrive-remote.test:13"
  , lineNumber = 72
  }
 ShellTest
  { command =
      ReplaceableCommand "cd test\\cli\\output\\work_gdrive_a & bit push"
  , stdin = ""
  , stdoutExpected =
      Just
        "/Metadata push complete\\.|Remote check passed|Pulling changes|up to date/"
  , stderrExpected = Nothing
  , exitCodeExpected = 0
  , testname = "test/cli\\gdrive-remote.test:14"
  , lineNumber = 78
  }
 ShellTest
  { command =
      ReplaceableCommand
        "cd test\\cli\\output\\work_gdrive_b & bit fetch"
  , stdin = ""
  , stdoutExpected = Just ""
  , stderrExpected = Nothing
  , exitCodeExpected = 0
  , testname = "test/cli\\gdrive-remote.test:15"
  , lineNumber = 84
  }
 ShellTest
  { command =
      ReplaceableCommand "cd test\\cli\\output\\work_gdrive_b & bit pull"
  , stdin = ""
  , stdoutExpected =
      Just "/up to date|Merge made|Syncing binaries|first pull/"
  , stderrExpected = Nothing
  , exitCodeExpected = 0
  , testname = "test/cli\\gdrive-remote.test:16"
  , lineNumber = 89
  }
 ShellTest
  { command =
      ReplaceableCommand
        "cd test\\cli\\output\\work_gdrive_b & bit verify --remote"
  , stdin = ""
  , stdoutExpected =
      Just "/\\[OK\\] All.*files match|Checked.*files/"
  , stderrExpected = Nothing
  , exitCodeExpected = 0
  , testname = "test/cli\\gdrive-remote.test:17"
  , lineNumber = 95
  }
 ShellTest
  { command =
      ReplaceableCommand
        "findstr /C:\"hello from A\" test\\cli\\output\\work_gdrive_b\\.bit\\index\\foo.txt >nul"
  , stdin = ""
  , stdoutExpected = Just ""
  , stderrExpected = Nothing
  , exitCodeExpected = 0
  , testname = "test/cli\\gdrive-remote.test:18"
  , lineNumber = 100
  }
 ShellTest
  { command =
      ReplaceableCommand
        "cd test\\cli\\output\\work_gdrive_a & echo second file> baz.txt & bit add baz.txt & bit commit -m \"Add baz\" & bit push"
  , stdin = ""
  , stdoutExpected =
      Just "/Metadata push complete\\.|Remote check passed|file changed/"
  , stderrExpected = Nothing
  , exitCodeExpected = 0
  , testname = "test/cli\\gdrive-remote.test:19"
  , lineNumber = 106
  }
 ShellTest
  { command =
      ReplaceableCommand
        "cd test\\cli\\output\\work_gdrive_b & bit fetch & bit pull"
  , stdin = ""
  , stdoutExpected = Nothing
  , stderrExpected =
      Just
        "/From (gdrive-test|\\.git\\\\fetched_remote\\.bundle)|Merge made|Syncing|Updating|remote: Counting/"
  , exitCodeExpected = 0
  , testname = "test/cli\\gdrive-remote.test:20"
  , lineNumber = 111
  }
 ShellTest
  { command =
      ReplaceableCommand
        "findstr /C:\"second file\" test\\cli\\output\\work_gdrive_b\\.bit\\index\\baz.txt >nul"
  , stdin = ""
  , stdoutExpected = Just ""
  , stderrExpected = Nothing
  , exitCodeExpected = 0
  , testname = "test/cli\\gdrive-remote.test:21"
  , lineNumber = 116
  }
 ShellTest
  { command =
      ReplaceableCommand
        "echo junk content> test\\cli\\output\\work_gdrive_b\\junk.tmp & rclone copyto test\\cli\\output\\work_gdrive_b\\junk.tmp gdrive-test:bit-test/orphan.txt"
  , stdin = ""
  , stdoutExpected = Just ""
  , stderrExpected = Nothing
  , exitCodeExpected = 0
  , testname = "test/cli\\gdrive-remote.test:22"
  , lineNumber = 122
  }
 ShellTest
  { command =
      ReplaceableCommand
        "cd test\\cli\\output\\work_gdrive_b & bit fetch"
  , stdin = ""
  , stdoutExpected = Just ""
  , stderrExpected = Nothing
  , exitCodeExpected = 0
  , testname = "test/cli\\gdrive-remote.test:23"
  , lineNumber = 128
  }
 ShellTest
  { command =
      ReplaceableCommand
        "cd test\\cli\\output\\work_gdrive_b & bit verify --remote"
  , stdin = ""
  , stdoutExpected = Just "/Verifying|All files match|issues found/"
  , stderrExpected = Nothing
  , exitCodeExpected = 0
  , testname = "test/cli\\gdrive-remote.test:24"
  , lineNumber = 133
  }
 ShellTest
  { command =
      ReplaceableCommand
        "rclone deletefile gdrive-test:bit-test/orphan.txt"
  , stdin = ""
  , stdoutExpected = Just ""
  , stderrExpected = Nothing
  , exitCodeExpected = 0
  , testname = "test/cli\\gdrive-remote.test:25"
  , lineNumber = 139
  }
 ShellTest
  { command =
      ReplaceableCommand
        "timeout /t 1 >nul & rmdir /s /q test\\cli\\output\\work_gdrive_a & rmdir /s /q test\\cli\\output\\work_gdrive_b & echo cleanup done"
  , stdin = ""
  , stdoutExpected = Just "cleanup done\n"
  , stderrExpected = Nothing
  , exitCodeExpected = 0
  , testname = "test/cli\\gdrive-remote.test:26"
  , lineNumber = 145
  }
parsed test/cli\init-config.test:
 ShellTest
  { command =
      ReplaceableCommand
        "rmdir /s /q test\\cli\\output\\work 2>nul & mkdir test\\cli\\output\\work & cd test\\cli\\output\\work & bit init"
  , stdin = ""
  , stdoutExpected = Just "/.*[Ii]nitialized.*/"
  , stderrExpected = Nothing
  , exitCodeExpected = 0
  , testname = "test/cli\\init-config.test:1"
  , lineNumber = 2
  }
 ShellTest
  { command =
      ReplaceableCommand
        "cd test\\cli\\output\\work & git -C .bit\\index config --get init.defaultBranch"
  , stdin = ""
  , stdoutExpected = Just "main\n"
  , stderrExpected = Nothing
  , exitCodeExpected = 0
  , testname = "test/cli\\init-config.test:2"
  , lineNumber = 8
  }
 ShellTest
  { command =
      ReplaceableCommand
        "cd test\\cli\\output\\work & git -C .bit\\index config --get core.quotePath"
  , stdin = ""
  , stdoutExpected = Just "false\n"
  , stderrExpected = Nothing
  , exitCodeExpected = 0
  , testname = "test/cli\\init-config.test:3"
  , lineNumber = 15
  }
 ShellTest
  { command =
      ReplaceableCommand
        "cd test\\cli\\output\\work & git -C .bit\\index config --get merge.bit-metadata.driver"
  , stdin = ""
  , stdoutExpected = Just "false\n"
  , stderrExpected = Nothing
  , exitCodeExpected = 0
  , testname = "test/cli\\init-config.test:4"
  , lineNumber = 22
  }
 ShellTest
  { command =
      ReplaceableCommand "cd test\\cli\\output\\work & bit status"
  , stdin = ""
  , stdoutExpected = Nothing
  , stderrExpected = Nothing
  , exitCodeExpected = 0
  , testname = "test/cli\\init-config.test:5"
  , lineNumber = 29
  }
 ShellTest
  { command =
      ReplaceableCommand
        "cd test\\cli\\output\\work & echo test> file.txt & bit add file.txt"
  , stdin = ""
  , stdoutExpected = Nothing
  , stderrExpected = Nothing
  , exitCodeExpected = 0
  , testname = "test/cli\\init-config.test:6"
  , lineNumber = 34
  }
 ShellTest
  { command =
      ReplaceableCommand
        "cd test\\cli\\output\\work & bit commit -m \"test commit\""
  , stdin = ""
  , stdoutExpected = Just "/\\[main|master|file/"
  , stderrExpected = Nothing
  , exitCodeExpected = 0
  , testname = "test/cli\\init-config.test:7"
  , lineNumber = 39
  }
parsed test/cli\init.test:
 ShellTest
  { command =
      ReplaceableCommand
        "rmdir /s /q test\\cli\\output\\work 2>nul & mkdir test\\cli\\output\\work & cd test\\cli\\output\\work & bit init"
  , stdin = ""
  , stdoutExpected = Just "/.*[Ii]nitialized.*/"
  , stderrExpected = Nothing
  , exitCodeExpected = 0
  , testname = "test/cli\\init.test:1"
  , lineNumber = 2
  }
 ShellTest
  { command =
      ReplaceableCommand
        "if exist \"test\\cli\\output\\work\\.bit\\\" (echo exists) else (echo missing)"
  , stdin = ""
  , stdoutExpected = Just "exists\n"
  , stderrExpected = Nothing
  , exitCodeExpected = 0
  , testname = "test/cli\\init.test:2"
  , lineNumber = 8
  }
parsed test/cli\ls-files.test:
 ShellTest
  { command =
      ReplaceableCommand
        "rmdir /s /q test\\cli\\output\\work 2>nul & mkdir test\\cli\\output\\work & cd test\\cli\\output\\work & bit init"
  , stdin = ""
  , stdoutExpected = Just "/.*[Ii]nitialized.*/"
  , stderrExpected = Nothing
  , exitCodeExpected = 0
  , testname = "test/cli\\ls-files.test:1"
  , lineNumber = 2
  }
 ShellTest
  { command =
      ReplaceableCommand "cd test\\cli\\output\\work & bit ls-files"
  , stdin = ""
  , stdoutExpected = Just ""
  , stderrExpected = Nothing
  , exitCodeExpected = 0
  , testname = "test/cli\\ls-files.test:2"
  , lineNumber = 8
  }
 ShellTest
  { command =
      ReplaceableCommand
        "cd test\\cli\\output\\work & echo hello> test.txt & bit add test.txt"
  , stdin = ""
  , stdoutExpected = Just ""
  , stderrExpected = Nothing
  , exitCodeExpected = 0
  , testname = "test/cli\\ls-files.test:3"
  , lineNumber = 14
  }
 ShellTest
  { command =
      ReplaceableCommand "cd test\\cli\\output\\work & bit ls-files"
  , stdin = ""
  , stdoutExpected = Just "/test\\.txt/"
  , stderrExpected = Nothing
  , exitCodeExpected = 0
  , testname = "test/cli\\ls-files.test:4"
  , lineNumber = 20
  }
 ShellTest
  { command =
      ReplaceableCommand
        "cd test\\cli\\output\\work & bit commit -m \"Add test.txt\""
  , stdin = ""
  , stdoutExpected = Just "/\\[master|main|files? changed/"
  , stderrExpected = Nothing
  , exitCodeExpected = 0
  , testname = "test/cli\\ls-files.test:5"
  , lineNumber = 26
  }
 ShellTest
  { command =
      ReplaceableCommand "cd test\\cli\\output\\work & bit ls-files"
  , stdin = ""
  , stdoutExpected = Just "/test\\.txt/"
  , stderrExpected = Nothing
  , exitCodeExpected = 0
  , testname = "test/cli\\ls-files.test:6"
  , lineNumber = 32
  }
 ShellTest
  { command =
      ReplaceableCommand
        "cd test\\cli\\output\\work & echo data> data.txt & echo notes> notes.txt & bit add data.txt notes.txt"
  , stdin = ""
  , stdoutExpected = Just ""
  , stderrExpected = Nothing
  , exitCodeExpected = 0
  , testname = "test/cli\\ls-files.test:7"
  , lineNumber = 38
  }
 ShellTest
  { command =
      ReplaceableCommand
        "cd test\\cli\\output\\work & bit commit -m \"Add more files\""
  , stdin = ""
  , stdoutExpected = Just "/\\[master|main|files? changed/"
  , stderrExpected = Nothing
  , exitCodeExpected = 0
  , testname = "test/cli\\ls-files.test:8"
  , lineNumber = 44
  }
 ShellTest
  { command =
      ReplaceableCommand "cd test\\cli\\output\\work & bit ls-files"
  , stdin = ""
  , stdoutExpected = Just "/test\\.txt/"
  , stderrExpected = Nothing
  , exitCodeExpected = 0
  , testname = "test/cli\\ls-files.test:9"
  , lineNumber = 50
  }
 ShellTest
  { command =
      ReplaceableCommand
        "cd test\\cli\\output\\work & bit ls-files --stage"
  , stdin = ""
  , stdoutExpected = Just "/100644.*test\\.txt/"
  , stderrExpected = Nothing
  , exitCodeExpected = 0
  , testname = "test/cli\\ls-files.test:10"
  , lineNumber = 56
  }
 ShellTest
  { command =
      ReplaceableCommand
        "cd test\\cli\\output\\work & bit ls-files test.txt"
  , stdin = ""
  , stdoutExpected = Just "/^test\\.txt$/"
  , stderrExpected = Nothing
  , exitCodeExpected = 0
  , testname = "test/cli\\ls-files.test:11"
  , lineNumber = 62
  }
 ShellTest
  { command =
      ReplaceableCommand
        "cd test\\cli\\output\\work & echo binary> file.bin & bit add file.bin & bit commit -m \"Add binary\""
  , stdin = ""
  , stdoutExpected = Just "/\\[master|main|files? changed/"
  , stderrExpected = Nothing
  , exitCodeExpected = 0
  , testname = "test/cli\\ls-files.test:12"
  , lineNumber = 68
  }
 ShellTest
  { command =
      ReplaceableCommand "cd test\\cli\\output\\work & bit ls-files"
  , stdin = ""
  , stdoutExpected = Just "/file\\.bin/"
  , stderrExpected = Nothing
  , exitCodeExpected = 0
  , testname = "test/cli\\ls-files.test:13"
  , lineNumber = 74
  }
 ShellTest
  { command =
      ReplaceableCommand
        "cd test\\cli\\output\\work & bit ls-files *.txt"
  , stdin = ""
  , stdoutExpected = Just "/\\.txt/"
  , stderrExpected = Nothing
  , exitCodeExpected = 0
  , testname = "test/cli\\ls-files.test:14"
  , lineNumber = 80
  }
 ShellTest
  { command =
      ReplaceableCommand
        "cd test\\cli\\output\\work & bit ls-files --cached"
  , stdin = ""
  , stdoutExpected = Just "/test\\.txt/"
  , stderrExpected = Nothing
  , exitCodeExpected = 0
  , testname = "test/cli\\ls-files.test:15"
  , lineNumber = 86
  }
 ShellTest
  { command =
      ReplaceableCommand
        "cd test\\cli\\output\\work & mkdir subdir & echo sub> subdir\\sub.txt & bit add subdir\\sub.txt & bit commit -m \"Add subdir\""
  , stdin = ""
  , stdoutExpected = Just "/\\[master|main|files? changed/"
  , stderrExpected = Nothing
  , exitCodeExpected = 0
  , testname = "test/cli\\ls-files.test:16"
  , lineNumber = 92
  }
 ShellTest
  { command =
      ReplaceableCommand "cd test\\cli\\output\\work & bit ls-files"
  , stdin = ""
  , stdoutExpected = Just "/subdir/"
  , stderrExpected = Nothing
  , exitCodeExpected = 0
  , testname = "test/cli\\ls-files.test:17"
  , lineNumber = 98
  }
 ShellTest
  { command =
      ReplaceableCommand
        "cd test\\cli\\output\\work & bit ls-files subdir"
  , stdin = ""
  , stdoutExpected = Just "/subdir/"
  , stderrExpected = Nothing
  , exitCodeExpected = 0
  , testname = "test/cli\\ls-files.test:18"
  , lineNumber = 104
  }
parsed test/cli\merge-local.test:
 ShellTest
  { command =
      ReplaceableCommand
        "timeout /t 1 >nul & rmdir /s /q test\\cli\\output\\work_merge_a 2>nul & rmdir /s /q test\\cli\\output\\work_merge_b 2>nul & rmdir /s /q test\\cli\\output\\shared_merge_remote 2>nul & echo cleanup done"
  , stdin = ""
  , stdoutExpected = Just "cleanup done\n"
  , stderrExpected = Nothing
  , exitCodeExpected = 0
  , testname = "test/cli\\merge-local.test:1"
  , lineNumber = 26
  }
 ShellTest
  { command =
      ReplaceableCommand "mkdir test\\cli\\output\\shared_merge_remote"
  , stdin = ""
  , stdoutExpected = Just ""
  , stderrExpected = Nothing
  , exitCodeExpected = 0
  , testname = "test/cli\\merge-local.test:2"
  , lineNumber = 37
  }
 ShellTest
  { command =
      ReplaceableCommand
        "mkdir test\\cli\\output\\work_merge_a & cd test\\cli\\output\\work_merge_a & bit init"
  , stdin = ""
  , stdoutExpected = Just "/.*[Ii]nitialized.*/"
  , stderrExpected = Nothing
  , exitCodeExpected = 0
  , testname = "test/cli\\merge-local.test:3"
  , lineNumber = 43
  }
 ShellTest
  { command =
      ReplaceableCommand
        "cd test\\cli\\output\\work_merge_a & bit remote add origin ..\\shared_merge_remote"
  , stdin = ""
  , stdoutExpected = Just "/Remote.*added/"
  , stderrExpected = Nothing
  , exitCodeExpected = 0
  , testname = "test/cli\\merge-local.test:4"
  , lineNumber = 49
  }
 ShellTest
  { command =
      ReplaceableCommand
        "cd test\\cli\\output\\work_merge_a & echo base content> text.txt & bit add text.txt"
  , stdin = ""
  , stdoutExpected = Just ""
  , stderrExpected = Nothing
  , exitCodeExpected = 0
  , testname = "test/cli\\merge-local.test:5"
  , lineNumber = 55
  }
 ShellTest
  { command =
      ReplaceableCommand
        "cd test\\cli\\output\\work_merge_a & bit commit -m \"Base: add text.txt\""
  , stdin = ""
  , stdoutExpected = Just "/\\[main|master|files? changed/"
  , stderrExpected = Nothing
  , exitCodeExpected = 0
  , testname = "test/cli\\merge-local.test:6"
  , lineNumber = 60
  }
 ShellTest
  { command =
      ReplaceableCommand
        "cd test\\cli\\output\\work_merge_a & echo binarydata> data.bin & bit add data.bin"
  , stdin = ""
  , stdoutExpected = Just ""
  , stderrExpected = Nothing
  , exitCodeExpected = 0
  , testname = "test/cli\\merge-local.test:7"
  , lineNumber = 66
  }
 ShellTest
  { command =
      ReplaceableCommand
        "cd test\\cli\\output\\work_merge_a & bit commit -m \"Base: add data.bin\""
  , stdin = ""
  , stdoutExpected = Just "/\\[main|master|files? changed/"
  , stderrExpected = Nothing
  , exitCodeExpected = 0
  , testname = "test/cli\\merge-local.test:8"
  , lineNumber = 71
  }
 ShellTest
  { command =
      ReplaceableCommand "cd test\\cli\\output\\work_merge_a & bit push"
  , stdin = ""
  , stdoutExpected =
      Just "/Push complete|Pushing to filesystem remote/"
  , stderrExpected = Nothing
  , exitCodeExpected = 0
  , testname = "test/cli\\merge-local.test:9"
  , lineNumber = 77
  }
 ShellTest
  { command =
      ReplaceableCommand
        "mkdir test\\cli\\output\\work_merge_b & cd test\\cli\\output\\work_merge_b & bit init"
  , stdin = ""
  , stdoutExpected = Just "/.*[Ii]nitialized.*/"
  , stderrExpected = Nothing
  , exitCodeExpected = 0
  , testname = "test/cli\\merge-local.test:10"
  , lineNumber = 88
  }
 ShellTest
  { command =
      ReplaceableCommand
        "cd test\\cli\\output\\work_merge_b & bit remote add origin ..\\shared_merge_remote"
  , stdin = ""
  , stdoutExpected = Just "/Remote.*added/"
  , stderrExpected = Nothing
  , exitCodeExpected = 0
  , testname = "test/cli\\merge-local.test:11"
  , lineNumber = 94
  }
 ShellTest
  { command =
      ReplaceableCommand "cd test\\cli\\output\\work_merge_b & bit pull"
  , stdin = ""
  , stdoutExpected =
      Just "/first pull|Checking out|Syncing binaries/"
  , stderrExpected = Nothing
  , exitCodeExpected = 0
  , testname = "test/cli\\merge-local.test:12"
  , lineNumber = 105
  }
 ShellTest
  { command =
      ReplaceableCommand
        "findstr /C:\"base content\" test\\cli\\output\\work_merge_b\\.bit\\index\\text.txt >nul"
  , stdin = ""
  , stdoutExpected = Just ""
  , stderrExpected = Nothing
  , exitCodeExpected = 0
  , testname = "test/cli\\merge-local.test:13"
  , lineNumber = 111
  }
 ShellTest
  { command =
      ReplaceableCommand
        "findstr /C:\"hash:\" test\\cli\\output\\work_merge_b\\.bit\\index\\data.bin >nul"
  , stdin = ""
  , stdoutExpected = Just ""
  , stderrExpected = Nothing
  , exitCodeExpected = 0
  , testname = "test/cli\\merge-local.test:14"
  , lineNumber = 117
  }
 ShellTest
  { command =
      ReplaceableCommand
        "if exist \"test\\cli\\output\\work_merge_b\\text.txt\" (echo file exists) else (echo missing)"
  , stdin = ""
  , stdoutExpected = Just "file exists\n"
  , stderrExpected = Nothing
  , exitCodeExpected = 0
  , testname = "test/cli\\merge-local.test:15"
  , lineNumber = 123
  }
 ShellTest
  { command =
      ReplaceableCommand
        "cd test\\cli\\output\\work_merge_b & bit status"
  , stdin = ""
  , stdoutExpected =
      Just "/nothing to commit|working tree clean|up to date/"
  , stderrExpected = Nothing
  , exitCodeExpected = 0
  , testname = "test/cli\\merge-local.test:16"
  , lineNumber = 131
  }
 ShellTest
  { command =
      ReplaceableCommand
        "cd test\\cli\\output\\work_merge_a & echo new from A> extra.txt & bit add extra.txt & bit commit -m \"Add extra.txt\""
  , stdin = ""
  , stdoutExpected = Just "/\\[main|master|files? changed/"
  , stderrExpected = Nothing
  , exitCodeExpected = 0
  , testname = "test/cli\\merge-local.test:17"
  , lineNumber = 142
  }
 ShellTest
  { command =
      ReplaceableCommand "cd test\\cli\\output\\work_merge_a & bit push"
  , stdin = ""
  , stdoutExpected =
      Just "/Push complete|Pushing to filesystem remote/"
  , stderrExpected = Nothing
  , exitCodeExpected = 0
  , testname = "test/cli\\merge-local.test:18"
  , lineNumber = 147
  }
 ShellTest
  { command =
      ReplaceableCommand "cd test\\cli\\output\\work_merge_b & bit fetch"
  , stdin = ""
  , stdoutExpected = Just "/Fetch complete|Fetching from/"
  , stderrExpected = Nothing
  , exitCodeExpected = 0
  , testname = "test/cli\\merge-local.test:19"
  , lineNumber = 153
  }
 ShellTest
  { command =
      ReplaceableCommand "cd test\\cli\\output\\work_merge_b & bit pull"
  , stdin = ""
  , stdoutExpected = Just "/Updating|Merge made|Syncing binaries/"
  , stderrExpected = Nothing
  , exitCodeExpected = 0
  , testname = "test/cli\\merge-local.test:20"
  , lineNumber = 158
  }
 ShellTest
  { command =
      ReplaceableCommand
        "findstr /C:\"new from A\" test\\cli\\output\\work_merge_b\\.bit\\index\\extra.txt >nul"
  , stdin = ""
  , stdoutExpected = Just ""
  , stderrExpected = Nothing
  , exitCodeExpected = 0
  , testname = "test/cli\\merge-local.test:21"
  , lineNumber = 164
  }
 ShellTest
  { command =
      ReplaceableCommand
        "cd test\\cli\\output\\work_merge_b & bit status"
  , stdin = ""
  , stdoutExpected =
      Just "/nothing to commit|working tree clean|up to date/"
  , stderrExpected = Nothing
  , exitCodeExpected = 0
  , testname = "test/cli\\merge-local.test:22"
  , lineNumber = 170
  }
 ShellTest
  { command =
      ReplaceableCommand
        "cd test\\cli\\output\\work_merge_a & echo updated by A> text.txt & bit add text.txt & bit commit -m \"A: update text.txt\""
  , stdin = ""
  , stdoutExpected = Just "/\\[main|master|files? changed/"
  , stderrExpected = Nothing
  , exitCodeExpected = 0
  , testname = "test/cli\\merge-local.test:23"
  , lineNumber = 181
  }
 ShellTest
  { command =
      ReplaceableCommand "cd test\\cli\\output\\work_merge_a & bit push"
  , stdin = ""
  , stdoutExpected =
      Just "/Push complete|Pushing to filesystem remote/"
  , stderrExpected = Nothing
  , exitCodeExpected = 0
  , testname = "test/cli\\merge-local.test:24"
  , lineNumber = 186
  }
 ShellTest
  { command =
      ReplaceableCommand
        "cd test\\cli\\output\\work_merge_b & echo B only file> bonly.txt & bit add bonly.txt & bit commit -m \"B: add bonly.txt\""
  , stdin = ""
  , stdoutExpected = Just "/\\[main|master|files? changed/"
  , stderrExpected = Nothing
  , exitCodeExpected = 0
  , testname = "test/cli\\merge-local.test:25"
  , lineNumber = 192
  }
 ShellTest
  { command =
      ReplaceableCommand "cd test\\cli\\output\\work_merge_b & bit pull"
  , stdin = ""
  , stdoutExpected = Just "/Merge made|Syncing binaries|Updating/"
  , stderrExpected = Nothing
  , exitCodeExpected = 0
  , testname = "test/cli\\merge-local.test:26"
  , lineNumber = 198
  }
 ShellTest
  { command =
      ReplaceableCommand
        "findstr /C:\"updated by A\" test\\cli\\output\\work_merge_b\\.bit\\index\\text.txt >nul"
  , stdin = ""
  , stdoutExpected = Just ""
  , stderrExpected = Nothing
  , exitCodeExpected = 0
  , testname = "test/cli\\merge-local.test:27"
  , lineNumber = 204
  }
 ShellTest
  { command =
      ReplaceableCommand
        "findstr /C:\"B only file\" test\\cli\\output\\work_merge_b\\.bit\\index\\bonly.txt >nul"
  , stdin = ""
  , stdoutExpected = Just ""
  , stderrExpected = Nothing
  , exitCodeExpected = 0
  , testname = "test/cli\\merge-local.test:28"
  , lineNumber = 210
  }
 ShellTest
  { command =
      ReplaceableCommand
        "cd test\\cli\\output\\work_merge_b & bit status"
  , stdin = ""
  , stdoutExpected =
      Just "/nothing to commit|working tree clean|up to date/"
  , stderrExpected = Nothing
  , exitCodeExpected = 0
  , testname = "test/cli\\merge-local.test:29"
  , lineNumber = 216
  }
 ShellTest
  { command =
      ReplaceableCommand "cd test\\cli\\output\\work_merge_b & bit push"
  , stdin = ""
  , stdoutExpected =
      Just "/Push complete|Pushing to filesystem remote/"
  , stderrExpected = Nothing
  , exitCodeExpected = 0
  , testname = "test/cli\\merge-local.test:30"
  , lineNumber = 230
  }
 ShellTest
  { command =
      ReplaceableCommand
        "cd test\\cli\\output\\work_merge_a & bit fetch & bit pull"
  , stdin = ""
  , stdoutExpected = Just "//"
  , stderrExpected = Nothing
  , exitCodeExpected = 0
  , testname = "test/cli\\merge-local.test:31"
  , lineNumber = 235
  }
 ShellTest
  { command =
      ReplaceableCommand
        "cd test\\cli\\output\\work_merge_a & echo conflict version A> text.txt & bit add text.txt & bit commit -m \"A: conflict version\""
  , stdin = ""
  , stdoutExpected = Just "/\\[main|master|files? changed/"
  , stderrExpected = Nothing
  , exitCodeExpected = 0
  , testname = "test/cli\\merge-local.test:32"
  , lineNumber = 241
  }
 ShellTest
  { command =
      ReplaceableCommand "cd test\\cli\\output\\work_merge_a & bit push"
  , stdin = ""
  , stdoutExpected =
      Just "/Push complete|Pushing to filesystem remote/"
  , stderrExpected = Nothing
  , exitCodeExpected = 0
  , testname = "test/cli\\merge-local.test:33"
  , lineNumber = 246
  }
 ShellTest
  { command =
      ReplaceableCommand
        "cd test\\cli\\output\\work_merge_b & echo conflict version B> text.txt & bit add text.txt & bit commit -m \"B: conflict version\""
  , stdin = ""
  , stdoutExpected = Just "/\\[main|master|files? changed/"
  , stderrExpected = Nothing
  , exitCodeExpected = 0
  , testname = "test/cli\\merge-local.test:34"
  , lineNumber = 252
  }
 ShellTest
  { command =
      ReplaceableCommand "cd test\\cli\\output\\work_merge_b & bit pull"
  , stdin = "l\n"
  , stdoutExpected =
      Just
        "/Automatic merge failed|CONFLICT|Resolving conflicts|Merge complete|conflict/"
  , stderrExpected = Nothing
  , exitCodeExpected = 0
  , testname = "test/cli\\merge-local.test:35"
  , lineNumber = 258
  }
 ShellTest
  { command =
      ReplaceableCommand
        "findstr /C:\"conflict version B\" test\\cli\\output\\work_merge_b\\.bit\\index\\text.txt >nul"
  , stdin = ""
  , stdoutExpected = Just ""
  , stderrExpected = Nothing
  , exitCodeExpected = 0
  , testname = "test/cli\\merge-local.test:36"
  , lineNumber = 265
  }
 ShellTest
  { command =
      ReplaceableCommand "cd test\\cli\\output\\work_merge_b & bit push"
  , stdin = ""
  , stdoutExpected =
      Just "/Push complete|Pushing to filesystem remote/"
  , stderrExpected = Nothing
  , exitCodeExpected = 0
  , testname = "test/cli\\merge-local.test:37"
  , lineNumber = 277
  }
 ShellTest
  { command =
      ReplaceableCommand
        "cd test\\cli\\output\\work_merge_a & bit fetch & bit pull"
  , stdin = ""
  , stdoutExpected = Just "//"
  , stderrExpected = Nothing
  , exitCodeExpected = 0
  , testname = "test/cli\\merge-local.test:38"
  , lineNumber = 282
  }
 ShellTest
  { command =
      ReplaceableCommand
        "cd test\\cli\\output\\work_merge_a & echo remote wins version> text.txt & bit add text.txt & bit commit -m \"A: remote wins\""
  , stdin = ""
  , stdoutExpected = Just "/\\[main|master|files? changed/"
  , stderrExpected = Nothing
  , exitCodeExpected = 0
  , testname = "test/cli\\merge-local.test:39"
  , lineNumber = 288
  }
 ShellTest
  { command =
      ReplaceableCommand "cd test\\cli\\output\\work_merge_a & bit push"
  , stdin = ""
  , stdoutExpected =
      Just "/Push complete|Pushing to filesystem remote/"
  , stderrExpected = Nothing
  , exitCodeExpected = 0
  , testname = "test/cli\\merge-local.test:40"
  , lineNumber = 293
  }
 ShellTest
  { command =
      ReplaceableCommand
        "cd test\\cli\\output\\work_merge_b & echo local loses version> text.txt & bit add text.txt & bit commit -m \"B: local loses\""
  , stdin = ""
  , stdoutExpected = Just "/\\[main|master|files? changed/"
  , stderrExpected = Nothing
  , exitCodeExpected = 0
  , testname = "test/cli\\merge-local.test:41"
  , lineNumber = 299
  }
 ShellTest
  { command =
      ReplaceableCommand "cd test\\cli\\output\\work_merge_b & bit pull"
  , stdin = "r\n"
  , stdoutExpected =
      Just
        "/Automatic merge failed|CONFLICT|Resolving conflicts|Merge complete|conflict/"
  , stderrExpected = Nothing
  , exitCodeExpected = 0
  , testname = "test/cli\\merge-local.test:42"
  , lineNumber = 305
  }
 ShellTest
  { command =
      ReplaceableCommand
        "findstr /C:\"remote wins version\" test\\cli\\output\\work_merge_b\\.bit\\index\\text.txt >nul"
  , stdin = ""
  , stdoutExpected = Just ""
  , stderrExpected = Nothing
  , exitCodeExpected = 0
  , testname = "test/cli\\merge-local.test:43"
  , lineNumber = 312
  }
 ShellTest
  { command =
      ReplaceableCommand "cd test\\cli\\output\\work_merge_b & bit push"
  , stdin = ""
  , stdoutExpected =
      Just "/Push complete|Pushing to filesystem remote/"
  , stderrExpected = Nothing
  , exitCodeExpected = 0
  , testname = "test/cli\\merge-local.test:44"
  , lineNumber = 324
  }
 ShellTest
  { command =
      ReplaceableCommand
        "cd test\\cli\\output\\work_merge_a & bit fetch & bit pull"
  , stdin = ""
  , stdoutExpected = Just "//"
  , stderrExpected = Nothing
  , exitCodeExpected = 0
  , testname = "test/cli\\merge-local.test:45"
  , lineNumber = 329
  }
 ShellTest
  { command =
      ReplaceableCommand
        "cd test\\cli\\output\\work_merge_a & (echo A multi 1)> file1.txt & (echo A multi 2)> file2.txt & bit add file1.txt file2.txt & bit commit -m \"A: modify two files\""
  , stdin = ""
  , stdoutExpected = Just "/\\[main|master|files? changed/"
  , stderrExpected = Nothing
  , exitCodeExpected = 0
  , testname = "test/cli\\merge-local.test:46"
  , lineNumber = 335
  }
 ShellTest
  { command =
      ReplaceableCommand "cd test\\cli\\output\\work_merge_a & bit push"
  , stdin = ""
  , stdoutExpected =
      Just "/Push complete|Pushing to filesystem remote/"
  , stderrExpected = Nothing
  , exitCodeExpected = 0
  , testname = "test/cli\\merge-local.test:47"
  , lineNumber = 340
  }
 ShellTest
  { command =
      ReplaceableCommand
        "cd test\\cli\\output\\work_merge_b & (echo B multi 1)> file1.txt & (echo B multi 2)> file2.txt & bit add file1.txt file2.txt & bit commit -m \"B: modify two files\""
  , stdin = ""
  , stdoutExpected = Just "/\\[main|master|files? changed/"
  , stderrExpected = Nothing
  , exitCodeExpected = 0
  , testname = "test/cli\\merge-local.test:48"
  , lineNumber = 346
  }
 ShellTest
  { command =
      ReplaceableCommand "cd test\\cli\\output\\work_merge_b & bit pull"
  , stdin = "l\nr\n"
  , stdoutExpected =
      Just
        "/Automatic merge failed|CONFLICT|Resolving conflicts|Merge complete|2 conflict/"
  , stderrExpected = Nothing
  , exitCodeExpected = 0
  , testname = "test/cli\\merge-local.test:49"
  , lineNumber = 352
  }
 ShellTest
  { command =
      ReplaceableCommand
        "findstr /C:\"B multi 1\" test\\cli\\output\\work_merge_b\\.bit\\index\\file1.txt >nul"
  , stdin = ""
  , stdoutExpected = Just ""
  , stderrExpected = Nothing
  , exitCodeExpected = 0
  , testname = "test/cli\\merge-local.test:50"
  , lineNumber = 360
  }
 ShellTest
  { command =
      ReplaceableCommand
        "findstr /C:\"A multi 2\" test\\cli\\output\\work_merge_b\\.bit\\index\\file2.txt >nul"
  , stdin = ""
  , stdoutExpected = Just ""
  , stderrExpected = Nothing
  , exitCodeExpected = 0
  , testname = "test/cli\\merge-local.test:51"
  , lineNumber = 365
  }
 ShellTest
  { command =
      ReplaceableCommand "cd test\\cli\\output\\work_merge_b & bit push"
  , stdin = ""
  , stdoutExpected =
      Just "/Push complete|Pushing to filesystem remote/"
  , stderrExpected = Nothing
  , exitCodeExpected = 0
  , testname = "test/cli\\merge-local.test:52"
  , lineNumber = 376
  }
 ShellTest
  { command =
      ReplaceableCommand
        "cd test\\cli\\output\\work_merge_a & bit fetch & bit pull"
  , stdin = ""
  , stdoutExpected = Just "//"
  , stderrExpected = Nothing
  , exitCodeExpected = 0
  , testname = "test/cli\\merge-local.test:53"
  , lineNumber = 381
  }
 ShellTest
  { command =
      ReplaceableCommand
        "cd test\\cli\\output\\work_merge_a & echo A created this> shared_new.txt & bit add shared_new.txt & bit commit -m \"A: add shared_new.txt\""
  , stdin = ""
  , stdoutExpected = Just "/\\[main|master|files? changed/"
  , stderrExpected = Nothing
  , exitCodeExpected = 0
  , testname = "test/cli\\merge-local.test:54"
  , lineNumber = 387
  }
 ShellTest
  { command =
      ReplaceableCommand "cd test\\cli\\output\\work_merge_a & bit push"
  , stdin = ""
  , stdoutExpected =
      Just "/Push complete|Pushing to filesystem remote/"
  , stderrExpected = Nothing
  , exitCodeExpected = 0
  , testname = "test/cli\\merge-local.test:55"
  , lineNumber = 392
  }
 ShellTest
  { command =
      ReplaceableCommand
        "cd test\\cli\\output\\work_merge_b & echo B created this> shared_new.txt & bit add shared_new.txt & bit commit -m \"B: add shared_new.txt\""
  , stdin = ""
  , stdoutExpected = Just "/\\[main|master|files? changed/"
  , stderrExpected = Nothing
  , exitCodeExpected = 0
  , testname = "test/cli\\merge-local.test:56"
  , lineNumber = 398
  }
 ShellTest
  { command =
      ReplaceableCommand "cd test\\cli\\output\\work_merge_b & bit pull"
  , stdin = "r\n"
  , stdoutExpected =
      Just
        "/Automatic merge failed|CONFLICT|Resolving conflicts|Merge complete|conflict/"
  , stderrExpected = Nothing
  , exitCodeExpected = 0
  , testname = "test/cli\\merge-local.test:57"
  , lineNumber = 404
  }
 ShellTest
  { command =
      ReplaceableCommand
        "findstr /C:\"A created this\" test\\cli\\output\\work_merge_b\\.bit\\index\\shared_new.txt >nul"
  , stdin = ""
  , stdoutExpected = Just ""
  , stderrExpected = Nothing
  , exitCodeExpected = 0
  , testname = "test/cli\\merge-local.test:58"
  , lineNumber = 411
  }
 ShellTest
  { command =
      ReplaceableCommand
        "cd test\\cli\\output\\work_merge_b & bit status"
  , stdin = ""
  , stdoutExpected =
      Just "/nothing to commit|working tree clean|up to date/"
  , stderrExpected = Nothing
  , exitCodeExpected = 0
  , testname = "test/cli\\merge-local.test:59"
  , lineNumber = 422
  }
 ShellTest
  { command =
      ReplaceableCommand
        "cd test\\cli\\output\\work_merge_b & bit merge --abort"
  , stdin = ""
  , stdoutExpected = Nothing
  , stderrExpected = Just "/no merge in progress/"
  , exitCodeExpected = 1
  , testname = "test/cli\\merge-local.test:60"
  , lineNumber = 428
  }
 ShellTest
  { command =
      ReplaceableCommand
        "cd test\\cli\\output\\work_merge_b & bit merge --continue"
  , stdin = ""
  , stdoutExpected = Nothing
  , stderrExpected = Just "/no merge in progress|error/"
  , exitCodeExpected = 1
  , testname = "test/cli\\merge-local.test:61"
  , lineNumber = 438
  }
 ShellTest
  { command =
      ReplaceableCommand "cd test\\cli\\output\\work_merge_b & bit push"
  , stdin = ""
  , stdoutExpected =
      Just "/Push complete|Pushing to filesystem remote/"
  , stderrExpected = Nothing
  , exitCodeExpected = 0
  , testname = "test/cli\\merge-local.test:62"
  , lineNumber = 451
  }
 ShellTest
  { command =
      ReplaceableCommand
        "cd test\\cli\\output\\work_merge_a & bit fetch & bit pull"
  , stdin = ""
  , stdoutExpected = Just "//"
  , stderrExpected = Nothing
  , exitCodeExpected = 0
  , testname = "test/cli\\merge-local.test:63"
  , lineNumber = 456
  }
 ShellTest
  { command =
      ReplaceableCommand
        "cd test\\cli\\output\\work_merge_a & echo accept remote test> text.txt & bit add text.txt & bit commit -m \"A: accept-remote test\""
  , stdin = ""
  , stdoutExpected = Just "/\\[main|master|files? changed/"
  , stderrExpected = Nothing
  , exitCodeExpected = 0
  , testname = "test/cli\\merge-local.test:64"
  , lineNumber = 462
  }
 ShellTest
  { command =
      ReplaceableCommand "cd test\\cli\\output\\work_merge_a & bit push"
  , stdin = ""
  , stdoutExpected =
      Just "/Push complete|Pushing to filesystem remote/"
  , stderrExpected = Nothing
  , exitCodeExpected = 0
  , testname = "test/cli\\merge-local.test:65"
  , lineNumber = 467
  }
 ShellTest
  { command =
      ReplaceableCommand
        "cd test\\cli\\output\\work_merge_b & bit pull origin --accept-remote"
  , stdin = ""
  , stdoutExpected =
      Just
        "/Accepting remote file state|accept-remote completed|Scanning remote/"
  , stderrExpected = Nothing
  , exitCodeExpected = 0
  , testname = "test/cli\\merge-local.test:66"
  , lineNumber = 473
  }
 ShellTest
  { command =
      ReplaceableCommand
        "findstr /C:\"accept remote test\" test\\cli\\output\\work_merge_b\\.bit\\index\\text.txt >nul"
  , stdin = ""
  , stdoutExpected = Just ""
  , stderrExpected = Nothing
  , exitCodeExpected = 0
  , testname = "test/cli\\merge-local.test:67"
  , lineNumber = 479
  }
 ShellTest
  { command =
      ReplaceableCommand
        "cd test\\cli\\output\\work_merge_b & bit status"
  , stdin = ""
  , stdoutExpected =
      Just "/nothing to commit|working tree clean|up to date/"
  , stderrExpected = Nothing
  , exitCodeExpected = 0
  , testname = "test/cli\\merge-local.test:68"
  , lineNumber = 491
  }
 ShellTest
  { command =
      ReplaceableCommand
        "cd test\\cli\\output\\work_merge_a & bit status"
  , stdin = ""
  , stdoutExpected = Just "/nothing to commit|working tree clean/"
  , stderrExpected = Nothing
  , exitCodeExpected = 0
  , testname = "test/cli\\merge-local.test:69"
  , lineNumber = 502
  }
 ShellTest
  { command =
      ReplaceableCommand "cd test\\cli\\output\\work_merge_a & bit fsck"
  , stdin = ""
  , stdoutExpected = Just ""
  , stderrExpected = Nothing
  , exitCodeExpected = 0
  , testname = "test/cli\\merge-local.test:70"
  , lineNumber = 508
  }
 ShellTest
  { command =
      ReplaceableCommand
        "timeout /t 1 >nul & rmdir /s /q test\\cli\\output\\work_merge_a 2>nul & rmdir /s /q test\\cli\\output\\work_merge_b 2>nul & rmdir /s /q test\\cli\\output\\shared_merge_remote 2>nul & echo cleanup done"
  , stdin = ""
  , stdoutExpected = Just "cleanup done\n"
  , stderrExpected = Nothing
  , exitCodeExpected = 0
  , testname = "test/cli\\merge-local.test:71"
  , lineNumber = 517
  }
parsed test/cli\no-repo.test:
 ShellTest
  { command =
      ReplaceableCommand
        "rmdir /s /q test\\cli\\output\\work_norepo 2>nul & mkdir test\\cli\\output\\work_norepo"
  , stdin = ""
  , stdoutExpected = Just ""
  , stderrExpected = Nothing
  , exitCodeExpected = 0
  , testname = "test/cli\\no-repo.test:1"
  , lineNumber = 6
  }
 ShellTest
  { command =
      ReplaceableCommand
        "cd test\\cli\\output\\work_norepo & bit status 2>&1"
  , stdin = ""
  , stdoutExpected = Just "/fatal: not a bit repository/"
  , stderrExpected = Nothing
  , exitCodeExpected = 1
  , testname = "test/cli\\no-repo.test:2"
  , lineNumber = 12
  }
 ShellTest
  { command =
      ReplaceableCommand
        "if exist \"test\\cli\\output\\work_norepo\\.bit\\\" (echo exists) else (echo not created)"
  , stdin = ""
  , stdoutExpected = Just "not created\n"
  , stderrExpected = Nothing
  , exitCodeExpected = 0
  , testname = "test/cli\\no-repo.test:3"
  , lineNumber = 18
  }
 ShellTest
  { command =
      ReplaceableCommand
        "cd test\\cli\\output\\work_norepo & echo test> file.txt & bit add file.txt 2>&1"
  , stdin = ""
  , stdoutExpected = Just "/fatal: not a bit repository/"
  , stderrExpected = Nothing
  , exitCodeExpected = 1
  , testname = "test/cli\\no-repo.test:4"
  , lineNumber = 25
  }
 ShellTest
  { command =
      ReplaceableCommand
        "if exist \"test\\cli\\output\\work_norepo\\.bit\\\" (echo exists) else (echo not created)"
  , stdin = ""
  , stdoutExpected = Just "not created\n"
  , stderrExpected = Nothing
  , exitCodeExpected = 0
  , testname = "test/cli\\no-repo.test:5"
  , lineNumber = 31
  }
 ShellTest
  { command =
      ReplaceableCommand
        "cd test\\cli\\output\\work_norepo & bit commit -m \"test\" 2>&1"
  , stdin = ""
  , stdoutExpected = Just "/fatal: not a bit repository/"
  , stderrExpected = Nothing
  , exitCodeExpected = 1
  , testname = "test/cli\\no-repo.test:6"
  , lineNumber = 38
  }
 ShellTest
  { command =
      ReplaceableCommand
        "cd test\\cli\\output\\work_norepo & bit log 2>&1"
  , stdin = ""
  , stdoutExpected = Just "/fatal: not a bit repository/"
  , stderrExpected = Nothing
  , exitCodeExpected = 1
  , testname = "test/cli\\no-repo.test:7"
  , lineNumber = 44
  }
 ShellTest
  { command =
      ReplaceableCommand
        "cd test\\cli\\output\\work_norepo & bit diff 2>&1"
  , stdin = ""
  , stdoutExpected = Just "/fatal: not a bit repository/"
  , stderrExpected = Nothing
  , exitCodeExpected = 1
  , testname = "test/cli\\no-repo.test:8"
  , lineNumber = 50
  }
 ShellTest
  { command =
      ReplaceableCommand
        "cd test\\cli\\output\\work_norepo & bit push 2>&1"
  , stdin = ""
  , stdoutExpected = Just "/fatal: not a bit repository/"
  , stderrExpected = Nothing
  , exitCodeExpected = 1
  , testname = "test/cli\\no-repo.test:9"
  , lineNumber = 56
  }
 ShellTest
  { command =
      ReplaceableCommand
        "cd test\\cli\\output\\work_norepo & bit pull 2>&1"
  , stdin = ""
  , stdoutExpected = Just "/fatal: not a bit repository/"
  , stderrExpected = Nothing
  , exitCodeExpected = 1
  , testname = "test/cli\\no-repo.test:10"
  , lineNumber = 62
  }
 ShellTest
  { command =
      ReplaceableCommand
        "cd test\\cli\\output\\work_norepo & bit fetch 2>&1"
  , stdin = ""
  , stdoutExpected = Just "/fatal: not a bit repository/"
  , stderrExpected = Nothing
  , exitCodeExpected = 1
  , testname = "test/cli\\no-repo.test:11"
  , lineNumber = 68
  }
 ShellTest
  { command =
      ReplaceableCommand
        "cd test\\cli\\output\\work_norepo & bit restore file.txt 2>&1"
  , stdin = ""
  , stdoutExpected = Just "/fatal: not a bit repository/"
  , stderrExpected = Nothing
  , exitCodeExpected = 1
  , testname = "test/cli\\no-repo.test:12"
  , lineNumber = 74
  }
 ShellTest
  { command =
      ReplaceableCommand
        "cd test\\cli\\output\\work_norepo & bit checkout file.txt 2>&1"
  , stdin = ""
  , stdoutExpected = Just "/fatal: not a bit repository/"
  , stderrExpected = Nothing
  , exitCodeExpected = 1
  , testname = "test/cli\\no-repo.test:13"
  , lineNumber = 80
  }
 ShellTest
  { command =
      ReplaceableCommand
        "cd test\\cli\\output\\work_norepo & bit remote show 2>&1"
  , stdin = ""
  , stdoutExpected = Just "/fatal: not a bit repository/"
  , stderrExpected = Nothing
  , exitCodeExpected = 1
  , testname = "test/cli\\no-repo.test:14"
  , lineNumber = 86
  }
 ShellTest
  { command =
      ReplaceableCommand
        "cd test\\cli\\output\\work_norepo & bit remote add origin /tmp/remote 2>&1"
  , stdin = ""
  , stdoutExpected = Just "/fatal: not a bit repository/"
  , stderrExpected = Nothing
  , exitCodeExpected = 1
  , testname = "test/cli\\no-repo.test:15"
  , lineNumber = 92
  }
 ShellTest
  { command =
      ReplaceableCommand
        "cd test\\cli\\output\\work_norepo & bit verify 2>&1"
  , stdin = ""
  , stdoutExpected = Just "/fatal: not a bit repository/"
  , stderrExpected = Nothing
  , exitCodeExpected = 1
  , testname = "test/cli\\no-repo.test:16"
  , lineNumber = 98
  }
 ShellTest
  { command =
      ReplaceableCommand
        "if exist \"test\\cli\\output\\work_norepo\\.bit\\\" (echo exists) else (echo not created)"
  , stdin = ""
  , stdoutExpected = Just "not created\n"
  , stderrExpected = Nothing
  , exitCodeExpected = 0
  , testname = "test/cli\\no-repo.test:17"
  , lineNumber = 104
  }
 ShellTest
  { command =
      ReplaceableCommand "cd test\\cli\\output\\work_norepo & bit init"
  , stdin = ""
  , stdoutExpected = Just "/.*[Ii]nitialized.*/"
  , stderrExpected = Nothing
  , exitCodeExpected = 0
  , testname = "test/cli\\no-repo.test:18"
  , lineNumber = 111
  }
 ShellTest
  { command =
      ReplaceableCommand
        "if exist \"test\\cli\\output\\work_norepo\\.bit\\\" (echo exists) else (echo missing)"
  , stdin = ""
  , stdoutExpected = Just "exists\n"
  , stderrExpected = Nothing
  , exitCodeExpected = 0
  , testname = "test/cli\\no-repo.test:19"
  , lineNumber = 117
  }
 ShellTest
  { command =
      ReplaceableCommand
        "del test\\cli\\output\\work_norepo\\file.txt 2>nul"
  , stdin = ""
  , stdoutExpected = Just ""
  , stderrExpected = Nothing
  , exitCodeExpected = 0
  , testname = "test/cli\\no-repo.test:20"
  , lineNumber = 124
  }
 ShellTest
  { command =
      ReplaceableCommand "cd test\\cli\\output\\work_norepo & bit status"
  , stdin = ""
  , stdoutExpected = Just "/.*/"
  , stderrExpected = Nothing
  , exitCodeExpected = 0
  , testname = "test/cli\\no-repo.test:21"
  , lineNumber = 130
  }
 ShellTest
  { command =
      ReplaceableCommand
        "rmdir /s /q test\\cli\\output\\work_norepo 2>nul"
  , stdin = ""
  , stdoutExpected = Just ""
  , stderrExpected = Nothing
  , exitCodeExpected = 0
  , testname = "test/cli\\no-repo.test:22"
  , lineNumber = 136
  }
parsed test/cli\one-repo.test:
 ShellTest
  { command =
      ReplaceableCommand
        "rmdir /s /q test\\cli\\output\\work 2>nul & mkdir test\\cli\\output\\work & cd test\\cli\\output\\work & bit init"
  , stdin = ""
  , stdoutExpected = Just "/.*[Ii]nitialized.*/"
  , stderrExpected = Nothing
  , exitCodeExpected = 0
  , testname = "test/cli\\one-repo.test:1"
  , lineNumber = 2
  }
 ShellTest
  { command =
      ReplaceableCommand
        "cd test\\cli\\output\\work & echo hello> test.txt & bit add test.txt"
  , stdin = ""
  , stdoutExpected = Just ""
  , stderrExpected = Nothing
  , exitCodeExpected = 0
  , testname = "test/cli\\one-repo.test:2"
  , lineNumber = 8
  }
 ShellTest
  { command =
      ReplaceableCommand
        "if exist \"test\\cli\\output\\work\\.bit\\index\\test.txt\" (echo metadata exists) else (echo missing)"
  , stdin = ""
  , stdoutExpected = Just "metadata exists\n"
  , stderrExpected = Nothing
  , exitCodeExpected = 0
  , testname = "test/cli\\one-repo.test:3"
  , lineNumber = 14
  }
 ShellTest
  { command =
      ReplaceableCommand
        "findstr /C:\"hello\" test\\cli\\output\\work\\.bit\\index\\test.txt >nul"
  , stdin = ""
  , stdoutExpected = Just ""
  , stderrExpected = Nothing
  , exitCodeExpected = 0
  , testname = "test/cli\\one-repo.test:4"
  , lineNumber = 20
  }
 ShellTest
  { command =
      ReplaceableCommand "cd test\\cli\\output\\work & bit status"
  , stdin = ""
  , stdoutExpected = Just "/new file:.*test\\.txt/"
  , stderrExpected = Nothing
  , exitCodeExpected = 0
  , testname = "test/cli\\one-repo.test:5"
  , lineNumber = 26
  }
 ShellTest
  { command =
      ReplaceableCommand
        "cd test\\cli\\output\\work & bit commit -m \"Add test.txt\""
  , stdin = ""
  , stdoutExpected = Just "/\\[master|main|files? changed/"
  , stderrExpected = Nothing
  , exitCodeExpected = 0
  , testname = "test/cli\\one-repo.test:6"
  , lineNumber = 32
  }
 ShellTest
  { command =
      ReplaceableCommand "cd test\\cli\\output\\work & bit status"
  , stdin = ""
  , stdoutExpected = Just "/nothing to commit|working tree clean/"
  , stderrExpected = Nothing
  , exitCodeExpected = 0
  , testname = "test/cli\\one-repo.test:7"
  , lineNumber = 38
  }
 ShellTest
  { command =
      ReplaceableCommand
        "cd test\\cli\\output\\work & echo x> file.bin & bit add file.bin"
  , stdin = ""
  , stdoutExpected = Just ""
  , stderrExpected = Nothing
  , exitCodeExpected = 0
  , testname = "test/cli\\one-repo.test:8"
  , lineNumber = 44
  }
 ShellTest
  { command =
      ReplaceableCommand
        "if exist \"test\\cli\\output\\work\\.bit\\index\\file.bin\" (echo metadata exists) else (echo missing)"
  , stdin = ""
  , stdoutExpected = Just "metadata exists\n"
  , stderrExpected = Nothing
  , exitCodeExpected = 0
  , testname = "test/cli\\one-repo.test:9"
  , lineNumber = 50
  }
 ShellTest
  { command =
      ReplaceableCommand
        "findstr /C:\"hash:\" test\\cli\\output\\work\\.bit\\index\\file.bin >nul"
  , stdin = ""
  , stdoutExpected = Just ""
  , stderrExpected = Nothing
  , exitCodeExpected = 0
  , testname = "test/cli\\one-repo.test:10"
  , lineNumber = 56
  }
 ShellTest
  { command =
      ReplaceableCommand
        "findstr /C:\"size:\" test\\cli\\output\\work\\.bit\\index\\file.bin >nul"
  , stdin = ""
  , stdoutExpected = Just ""
  , stderrExpected = Nothing
  , exitCodeExpected = 0
  , testname = "test/cli\\one-repo.test:11"
  , lineNumber = 61
  }
 ShellTest
  { command =
      ReplaceableCommand "cd test\\cli\\output\\work & bit status"
  , stdin = ""
  , stdoutExpected = Just "/new file:.*file\\.bin/"
  , stderrExpected = Nothing
  , exitCodeExpected = 0
  , testname = "test/cli\\one-repo.test:12"
  , lineNumber = 67
  }
 ShellTest
  { command =
      ReplaceableCommand
        "cd test\\cli\\output\\work & bit commit -m \"Add file.bin\""
  , stdin = ""
  , stdoutExpected = Just "/\\[master|main|files? changed/"
  , stderrExpected = Nothing
  , exitCodeExpected = 0
  , testname = "test/cli\\one-repo.test:13"
  , lineNumber = 73
  }
 ShellTest
  { command =
      ReplaceableCommand
        "cd test\\cli\\output\\work & echo data> data.txt & echo notes> notes.txt & bit add ."
  , stdin = ""
  , stdoutExpected = Just ""
  , stderrExpected = Nothing
  , exitCodeExpected = 0
  , testname = "test/cli\\one-repo.test:14"
  , lineNumber = 79
  }
 ShellTest
  { command =
      ReplaceableCommand
        "if exist \"test\\cli\\output\\work\\.bit\\index\\data.txt\" (echo data ok) else (echo missing)"
  , stdin = ""
  , stdoutExpected = Just "data ok\n"
  , stderrExpected = Nothing
  , exitCodeExpected = 0
  , testname = "test/cli\\one-repo.test:15"
  , lineNumber = 85
  }
 ShellTest
  { command =
      ReplaceableCommand
        "if exist \"test\\cli\\output\\work\\.bit\\index\\notes.txt\" (echo notes ok) else (echo missing)"
  , stdin = ""
  , stdoutExpected = Just "notes ok\n"
  , stderrExpected = Nothing
  , exitCodeExpected = 0
  , testname = "test/cli\\one-repo.test:16"
  , lineNumber = 91
  }
 ShellTest
  { command =
      ReplaceableCommand "cd test\\cli\\output\\work & bit status"
  , stdin = ""
  , stdoutExpected = Just "/new file:.*data\\.txt/"
  , stderrExpected = Nothing
  , exitCodeExpected = 0
  , testname = "test/cli\\one-repo.test:17"
  , lineNumber = 98
  }
 ShellTest
  { command =
      ReplaceableCommand
        "cd test\\cli\\output\\work & bit commit -m \"Add data and notes\""
  , stdin = ""
  , stdoutExpected = Just "/\\[master|main|files? changed/"
  , stderrExpected = Nothing
  , exitCodeExpected = 0
  , testname = "test/cli\\one-repo.test:18"
  , lineNumber = 104
  }
 ShellTest
  { command =
      ReplaceableCommand
        "cd test\\cli\\output\\work & echo hello world> test.txt & bit add test.txt"
  , stdin = ""
  , stdoutExpected = Just ""
  , stderrExpected = Nothing
  , exitCodeExpected = 0
  , testname = "test/cli\\one-repo.test:19"
  , lineNumber = 110
  }
 ShellTest
  { command =
      ReplaceableCommand
        "findstr /C:\"hello world\" test\\cli\\output\\work\\.bit\\index\\test.txt >nul"
  , stdin = ""
  , stdoutExpected = Just ""
  , stderrExpected = Nothing
  , exitCodeExpected = 0
  , testname = "test/cli\\one-repo.test:20"
  , lineNumber = 116
  }
 ShellTest
  { command =
      ReplaceableCommand "cd test\\cli\\output\\work & bit status"
  , stdin = ""
  , stdoutExpected = Just "/modified:.*test\\.txt/"
  , stderrExpected = Nothing
  , exitCodeExpected = 0
  , testname = "test/cli\\one-repo.test:21"
  , lineNumber = 122
  }
 ShellTest
  { command =
      ReplaceableCommand
        "cd test\\cli\\output\\work & bit commit -m \"Update test.txt\""
  , stdin = ""
  , stdoutExpected = Just "/\\[master|main|files? changed/"
  , stderrExpected = Nothing
  , exitCodeExpected = 0
  , testname = "test/cli\\one-repo.test:22"
  , lineNumber = 128
  }
 ShellTest
  { command =
      ReplaceableCommand "cd test\\cli\\output\\work & bit status"
  , stdin = ""
  , stdoutExpected = Just "/nothing to commit|working tree clean/"
  , stderrExpected = Nothing
  , exitCodeExpected = 0
  , testname = "test/cli\\one-repo.test:23"
  , lineNumber = 134
  }
 ShellTest
  { command =
      ReplaceableCommand "cd test\\cli\\output\\work & bit log --oneline"
  , stdin = ""
  , stdoutExpected = Just "/Update test\\.txt/"
  , stderrExpected = Nothing
  , exitCodeExpected = 0
  , testname = "test/cli\\one-repo.test:24"
  , lineNumber = 140
  }
 ShellTest
  { command =
      ReplaceableCommand
        "cd test\\cli\\output\\work & bit log --pretty=format:\"%s\" -n 1"
  , stdin = ""
  , stdoutExpected = Just "/Update test\\.txt/"
  , stderrExpected = Nothing
  , exitCodeExpected = 0
  , testname = "test/cli\\one-repo.test:25"
  , lineNumber = 146
  }
parsed test/cli\path-type-safety.test:
 ShellTest
  { command =
      ReplaceableCommand
        "timeout /t 1 >nul & rmdir /s /q test\\cli\\output\\work_path_safety 2>nul & echo cleanup done"
  , stdin = ""
  , stdoutExpected = Just "cleanup done\n"
  , stderrExpected = Nothing
  , exitCodeExpected = 0
  , testname = "test/cli\\path-type-safety.test:1"
  , lineNumber = 11
  }
 ShellTest
  { command =
      ReplaceableCommand "mkdir test\\cli\\output\\work_path_safety"
  , stdin = ""
  , stdoutExpected = Just ""
  , stderrExpected = Nothing
  , exitCodeExpected = 0
  , testname = "test/cli\\path-type-safety.test:2"
  , lineNumber = 21
  }
 ShellTest
  { command =
      ReplaceableCommand
        "cd test\\cli\\output\\work_path_safety & bit init"
  , stdin = ""
  , stdoutExpected = Just "/.*[Ii]nitialized.*/"
  , stderrExpected = Nothing
  , exitCodeExpected = 0
  , testname = "test/cli\\path-type-safety.test:3"
  , lineNumber = 26
  }
 ShellTest
  { command =
      ReplaceableCommand "mkdir test\\cli\\output\\work_path_safety\\sub"
  , stdin = ""
  , stdoutExpected = Just ""
  , stderrExpected = Nothing
  , exitCodeExpected = 0
  , testname = "test/cli\\path-type-safety.test:4"
  , lineNumber = 31
  }
 ShellTest
  { command =
      ReplaceableCommand
        "echo hello> test\\cli\\output\\work_path_safety\\sub\\file.txt"
  , stdin = ""
  , stdoutExpected = Just ""
  , stderrExpected = Nothing
  , exitCodeExpected = 0
  , testname = "test/cli\\path-type-safety.test:5"
  , lineNumber = 36
  }
 ShellTest
  { command =
      ReplaceableCommand
        "mkdir test\\cli\\output\\work_path_safety\\.bit\\junk"
  , stdin = ""
  , stdoutExpected = Just ""
  , stderrExpected = Nothing
  , exitCodeExpected = 0
  , testname = "test/cli\\path-type-safety.test:6"
  , lineNumber = 41
  }
 ShellTest
  { command =
      ReplaceableCommand
        "echo nope> test\\cli\\output\\work_path_safety\\.bit\\junk\\should_not_show.txt"
  , stdin = ""
  , stdoutExpected = Just ""
  , stderrExpected = Nothing
  , exitCodeExpected = 0
  , testname = "test/cli\\path-type-safety.test:7"
  , lineNumber = 46
  }
 ShellTest
  { command =
      ReplaceableCommand
        "cd test\\cli\\output\\work_path_safety & bit add . & bit commit -m \"Add nested file\""
  , stdin = ""
  , stdoutExpected = Just "/\\[main.*\\].*Add nested file/"
  , stderrExpected = Nothing
  , exitCodeExpected = 0
  , testname = "test/cli\\path-type-safety.test:8"
  , lineNumber = 51
  }
 ShellTest
  { command =
      ReplaceableCommand
        "cd test\\cli\\output\\work_path_safety & bit ls-files | findstr /R /C:\"sub[\\\\/]*file\\.txt\" >nul"
  , stdin = ""
  , stdoutExpected = Nothing
  , stderrExpected = Nothing
  , exitCodeExpected = 0
  , testname = "test/cli\\path-type-safety.test:9"
  , lineNumber = 61
  }
 ShellTest
  { command =
      ReplaceableCommand
        "cd test\\cli\\output\\work_path_safety & bit ls-files | findstr /C:\".bit\" >nul"
  , stdin = ""
  , stdoutExpected = Nothing
  , stderrExpected = Nothing
  , exitCodeExpected = 1
  , testname = "test/cli\\path-type-safety.test:10"
  , lineNumber = 66
  }
 ShellTest
  { command =
      ReplaceableCommand
        "timeout /t 1 >nul & rmdir /s /q test\\cli\\output\\work_path_safety 2>nul & echo cleanup done"
  , stdin = ""
  , stdoutExpected = Just "cleanup done\n"
  , stderrExpected = Nothing
  , exitCodeExpected = 0
  , testname = "test/cli\\path-type-safety.test:11"
  , lineNumber = 74
  }
parsed test/cli\process-io.test:
 ShellTest
  { command =
      ReplaceableCommand
        "timeout /t 1 >nul & rmdir /s /q test\\cli\\output\\work_process 2>nul & echo cleanup done"
  , stdin = ""
  , stdoutExpected = Just "cleanup done\n"
  , stderrExpected = Nothing
  , exitCodeExpected = 0
  , testname = "test/cli\\process-io.test:1"
  , lineNumber = 16
  }
 ShellTest
  { command =
      ReplaceableCommand "mkdir test\\cli\\output\\work_process"
  , stdin = ""
  , stdoutExpected = Just ""
  , stderrExpected = Nothing
  , exitCodeExpected = 0
  , testname = "test/cli\\process-io.test:2"
  , lineNumber = 26
  }
 ShellTest
  { command =
      ReplaceableCommand "cd test\\cli\\output\\work_process & bit init"
  , stdin = ""
  , stdoutExpected = Just "/.*[Ii]nitialized.*/"
  , stderrExpected = Nothing
  , exitCodeExpected = 0
  , testname = "test/cli\\process-io.test:3"
  , lineNumber = 31
  }
 ShellTest
  { command =
      ReplaceableCommand
        "cd test\\cli\\output\\work_process & bit status"
  , stdin = ""
  , stdoutExpected = Just "/On branch main/"
  , stderrExpected = Nothing
  , exitCodeExpected = 0
  , testname = "test/cli\\process-io.test:4"
  , lineNumber = 42
  }
 ShellTest
  { command =
      ReplaceableCommand
        "cd test\\cli\\output\\work_process & bit status"
  , stdin = ""
  , stdoutExpected = Just "/On branch main/"
  , stderrExpected = Nothing
  , exitCodeExpected = 0
  , testname = "test/cli\\process-io.test:5"
  , lineNumber = 47
  }
 ShellTest
  { command =
      ReplaceableCommand
        "cd test\\cli\\output\\work_process & bit status"
  , stdin = ""
  , stdoutExpected = Just "/On branch main/"
  , stderrExpected = Nothing
  , exitCodeExpected = 0
  , testname = "test/cli\\process-io.test:6"
  , lineNumber = 52
  }
 ShellTest
  { command =
      ReplaceableCommand
        "cd test\\cli\\output\\work_process & echo test > file.txt"
  , stdin = ""
  , stdoutExpected = Just ""
  , stderrExpected = Nothing
  , exitCodeExpected = 0
  , testname = "test/cli\\process-io.test:7"
  , lineNumber = 58
  }
 ShellTest
  { command =
      ReplaceableCommand
        "cd test\\cli\\output\\work_process & bit status"
  , stdin = ""
  , stdoutExpected = Just "/Untracked files/"
  , stderrExpected = Nothing
  , exitCodeExpected = 0
  , testname = "test/cli\\process-io.test:8"
  , lineNumber = 63
  }
 ShellTest
  { command =
      ReplaceableCommand
        "cd test\\cli\\output\\work_process & bit status"
  , stdin = ""
  , stdoutExpected = Just "/Untracked files/"
  , stderrExpected = Nothing
  , exitCodeExpected = 0
  , testname = "test/cli\\process-io.test:9"
  , lineNumber = 68
  }
 ShellTest
  { command =
      ReplaceableCommand
        "cd test\\cli\\output\\work_process & bit add nonexistent_file.txt"
  , stdin = ""
  , stdoutExpected = Nothing
  , stderrExpected = Just "/fatal|pathspec|did not match/"
  , exitCodeExpected = 128
  , testname = "test/cli\\process-io.test:10"
  , lineNumber = 79
  }
 ShellTest
  { command =
      ReplaceableCommand
        "timeout /t 1 >nul & rmdir /s /q test\\cli\\output\\work_process 2>nul & echo cleanup done"
  , stdin = ""
  , stdoutExpected = Just "cleanup done\n"
  , stderrExpected = Nothing
  , exitCodeExpected = 0
  , testname = "test/cli\\process-io.test:11"
  , lineNumber = 88
  }
parsed test/cli\progress-reporting.test:
 ShellTest
  { command =
      ReplaceableCommand
        "timeout /t 1 >nul & rmdir /s /q test\\cli\\output\\work_progress_a 2>nul & rmdir /s /q test\\cli\\output\\work_progress_b 2>nul & rmdir /s /q test\\cli\\output\\fs_remote_progress 2>nul & echo cleanup done"
  , stdin = ""
  , stdoutExpected = Just "cleanup done\n"
  , stderrExpected = Nothing
  , exitCodeExpected = 0
  , testname = "test/cli\\progress-reporting.test:1"
  , lineNumber = 10
  }
 ShellTest
  { command =
      ReplaceableCommand
        "mkdir test\\cli\\output\\work_progress_a & mkdir test\\cli\\output\\work_progress_b & mkdir test\\cli\\output\\fs_remote_progress"
  , stdin = ""
  , stdoutExpected = Just ""
  , stderrExpected = Nothing
  , exitCodeExpected = 0
  , testname = "test/cli\\progress-reporting.test:2"
  , lineNumber = 20
  }
 ShellTest
  { command =
      ReplaceableCommand
        "cd test\\cli\\output\\work_progress_a & bit init"
  , stdin = ""
  , stdoutExpected = Just "/.*[Ii]nitialized.*/"
  , stderrExpected = Nothing
  , exitCodeExpected = 0
  , testname = "test/cli\\progress-reporting.test:3"
  , lineNumber = 26
  }
 ShellTest
  { command =
      ReplaceableCommand
        "cd test\\cli\\output\\work_progress_a & bit remote add origin ..\\fs_remote_progress"
  , stdin = ""
  , stdoutExpected = Just "/Remote 'origin' added/"
  , stderrExpected = Nothing
  , exitCodeExpected = 0
  , testname = "test/cli\\progress-reporting.test:4"
  , lineNumber = 32
  }
 ShellTest
  { command =
      ReplaceableCommand
        "cd test\\cli\\output\\work_progress_a & echo binary content> data1.bin & echo binary content> data2.bin & echo binary content> data3.bin & bit add . & bit commit -m \"Add binary files\""
  , stdin = ""
  , stdoutExpected = Just "/\\[main|files? changed/"
  , stderrExpected = Nothing
  , exitCodeExpected = 0
  , testname = "test/cli\\progress-reporting.test:5"
  , lineNumber = 42
  }
 ShellTest
  { command =
      ReplaceableCommand
        "cd test\\cli\\output\\work_progress_a & bit push"
  , stdin = ""
  , stdoutExpected =
      Just "/Push complete|Pushing to filesystem remote/"
  , stderrExpected = Nothing
  , exitCodeExpected = 0
  , testname = "test/cli\\progress-reporting.test:6"
  , lineNumber = 48
  }
 ShellTest
  { command =
      ReplaceableCommand
        "if exist \"test\\cli\\output\\fs_remote_progress\\data1.bin\" (echo files exist) else (echo missing)"
  , stdin = ""
  , stdoutExpected = Just "files exist\n"
  , stderrExpected = Nothing
  , exitCodeExpected = 0
  , testname = "test/cli\\progress-reporting.test:7"
  , lineNumber = 54
  }
 ShellTest
  { command =
      ReplaceableCommand
        "cd test\\cli\\output\\work_progress_b & bit init"
  , stdin = ""
  , stdoutExpected = Just "/.*[Ii]nitialized.*/"
  , stderrExpected = Nothing
  , exitCodeExpected = 0
  , testname = "test/cli\\progress-reporting.test:8"
  , lineNumber = 65
  }
 ShellTest
  { command =
      ReplaceableCommand
        "cd test\\cli\\output\\work_progress_b & bit remote add origin ..\\fs_remote_progress"
  , stdin = ""
  , stdoutExpected = Just "/Remote 'origin' added/"
  , stderrExpected = Nothing
  , exitCodeExpected = 0
  , testname = "test/cli\\progress-reporting.test:9"
  , lineNumber = 70
  }
 ShellTest
  { command =
      ReplaceableCommand
        "cd test\\cli\\output\\work_progress_b & bit pull"
  , stdin = ""
  , stdoutExpected = Just "/Pull|Checking out/"
  , stderrExpected = Nothing
  , exitCodeExpected = 0
  , testname = "test/cli\\progress-reporting.test:10"
  , lineNumber = 76
  }
 ShellTest
  { command =
      ReplaceableCommand
        "if exist \"test\\cli\\output\\work_progress_b\\data1.bin\" (echo files exist) else (echo missing)"
  , stdin = ""
  , stdoutExpected = Just "files exist\n"
  , stderrExpected = Nothing
  , exitCodeExpected = 0
  , testname = "test/cli\\progress-reporting.test:11"
  , lineNumber = 82
  }
 ShellTest
  { command =
      ReplaceableCommand
        "cd test\\cli\\output\\work_progress_a & echo modified> data1.bin & bit add data1.bin & bit commit -m \"Modify data1\""
  , stdin = ""
  , stdoutExpected = Just "/\\[main|files? changed/"
  , stderrExpected = Nothing
  , exitCodeExpected = 0
  , testname = "test/cli\\progress-reporting.test:12"
  , lineNumber = 93
  }
 ShellTest
  { command =
      ReplaceableCommand
        "cd test\\cli\\output\\work_progress_a & bit push"
  , stdin = ""
  , stdoutExpected = Just "/Push complete|Syncing changed files/"
  , stderrExpected = Nothing
  , exitCodeExpected = 0
  , testname = "test/cli\\progress-reporting.test:13"
  , lineNumber = 99
  }
 ShellTest
  { command =
      ReplaceableCommand
        "cd test\\cli\\output\\work_progress_b & echo modified> data2.bin & bit add data2.bin & bit commit -m \"Modify data2\""
  , stdin = ""
  , stdoutExpected = Just "/\\[main|files? changed/"
  , stderrExpected = Nothing
  , exitCodeExpected = 0
  , testname = "test/cli\\progress-reporting.test:14"
  , lineNumber = 109
  }
 ShellTest
  { command =
      ReplaceableCommand
        "cd test\\cli\\output\\work_progress_b & bit pull"
  , stdin = ""
  , stdoutExpected = Just "/Pull|Merging|Updating/"
  , stderrExpected = Nothing
  , exitCodeExpected = 0
  , testname = "test/cli\\progress-reporting.test:15"
  , lineNumber = 115
  }
 ShellTest
  { command =
      ReplaceableCommand
        "timeout /t 1 >nul & rmdir /s /q test\\cli\\output\\work_progress_a 2>nul & rmdir /s /q test\\cli\\output\\work_progress_b 2>nul & rmdir /s /q test\\cli\\output\\fs_remote_progress 2>nul & echo cleanup done"
  , stdin = ""
  , stdoutExpected = Just "cleanup done\n"
  , stderrExpected = Nothing
  , exitCodeExpected = 0
  , testname = "test/cli\\progress-reporting.test:16"
  , lineNumber = 131
  }
parsed test/cli\proof-of-possession.test:
 ShellTest
  { command =
      ReplaceableCommand
        "timeout /t 1 >nul & rmdir /s /q test\\cli\\output\\work_pop_local 2>nul & rmdir /s /q test\\cli\\output\\work_pop_remote 2>nul & echo cleanup done"
  , stdin = ""
  , stdoutExpected = Just "cleanup done\n"
  , stderrExpected = Nothing
  , exitCodeExpected = 0
  , testname = "test/cli\\proof-of-possession.test:1"
  , lineNumber = 16
  }
 ShellTest
  { command =
      ReplaceableCommand "mkdir test\\cli\\output\\work_pop_local"
  , stdin = ""
  , stdoutExpected = Just ""
  , stderrExpected = Nothing
  , exitCodeExpected = 0
  , testname = "test/cli\\proof-of-possession.test:2"
  , lineNumber = 26
  }
 ShellTest
  { command =
      ReplaceableCommand
        "cd test\\cli\\output\\work_pop_local & bit init"
  , stdin = ""
  , stdoutExpected = Just "/.*[Ii]nitialized.*/"
  , stderrExpected = Nothing
  , exitCodeExpected = 0
  , testname = "test/cli\\proof-of-possession.test:3"
  , lineNumber = 31
  }
 ShellTest
  { command =
      ReplaceableCommand
        "cd test\\cli\\output\\work_pop_local & echo original content > file.txt & bit add file.txt"
  , stdin = ""
  , stdoutExpected = Just ""
  , stderrExpected = Nothing
  , exitCodeExpected = 0
  , testname = "test/cli\\proof-of-possession.test:4"
  , lineNumber = 37
  }
 ShellTest
  { command =
      ReplaceableCommand
        "cd test\\cli\\output\\work_pop_local & bit commit -m \"Initial commit\""
  , stdin = ""
  , stdoutExpected = Just "/.*1 file changed.*/"
  , stderrExpected = Nothing
  , exitCodeExpected = 0
  , testname = "test/cli\\proof-of-possession.test:5"
  , lineNumber = 42
  }
 ShellTest
  { command =
      ReplaceableCommand "mkdir test\\cli\\output\\work_pop_remote"
  , stdin = ""
  , stdoutExpected = Just ""
  , stderrExpected = Nothing
  , exitCodeExpected = 0
  , testname = "test/cli\\proof-of-possession.test:6"
  , lineNumber = 48
  }
 ShellTest
  { command =
      ReplaceableCommand
        "cd test\\cli\\output\\work_pop_local & bit remote add origin ..\\work_pop_remote"
  , stdin = ""
  , stdoutExpected = Just "/Remote.*added/"
  , stderrExpected = Nothing
  , exitCodeExpected = 0
  , testname = "test/cli\\proof-of-possession.test:7"
  , lineNumber = 53
  }
 ShellTest
  { command =
      ReplaceableCommand
        "cd test\\cli\\output\\work_pop_local & bit push -u origin"
  , stdin = ""
  , stdoutExpected = Just "/Push complete/"
  , stderrExpected = Nothing
  , exitCodeExpected = 0
  , testname = "test/cli\\proof-of-possession.test:8"
  , lineNumber = 59
  }
 ShellTest
  { command =
      ReplaceableCommand
        "cd test\\cli\\output\\work_pop_local & del file.txt & bit push"
  , stdin = ""
  , stdoutExpected = Just "/Verifying local files/"
  , stderrExpected = Just "/Working tree does not match metadata/"
  , exitCodeExpected = 1
  , testname = "test/cli\\proof-of-possession.test:9"
  , lineNumber = 69
  }
 ShellTest
  { command =
      ReplaceableCommand
        "cd test\\cli\\output\\work_pop_local & echo original content > file.txt & bit push --force"
  , stdin = ""
  , stdoutExpected = Just "/Push|Pushing to filesystem remote/"
  , stderrExpected = Nothing
  , exitCodeExpected = 0
  , testname = "test/cli\\proof-of-possession.test:10"
  , lineNumber = 76
  }
 ShellTest
  { command =
      ReplaceableCommand
        "cd test\\cli\\output\\work_pop_remote & echo corrupted content > file.txt & cd ..\\work_pop_local & bit pull"
  , stdin = ""
  , stdoutExpected = Just "/Verifying remote/"
  , stderrExpected =
      Just "/Remote working tree does not match remote metadata/"
  , exitCodeExpected = 1
  , testname = "test/cli\\proof-of-possession.test:11"
  , lineNumber = 86
  }
 ShellTest
  { command =
      ReplaceableCommand
        "cd test\\cli\\output\\work_pop_local & bit pull --skip-verify"
  , stdin = ""
  , stdoutExpected = Just "/Pull|Fetching remote commits/"
  , stderrExpected = Nothing
  , exitCodeExpected = 0
  , testname = "test/cli\\proof-of-possession.test:12"
  , lineNumber = 93
  }
 ShellTest
  { command =
      ReplaceableCommand
        "cd test\\cli\\output\\work_pop_remote & echo corrupted again > file.txt & cd ..\\work_pop_local & bit pull origin --accept-remote"
  , stdin = ""
  , stdoutExpected = Just "/Accepting remote file state/"
  , stderrExpected = Nothing
  , exitCodeExpected = 0
  , testname = "test/cli\\proof-of-possession.test:13"
  , lineNumber = 99
  }
 ShellTest
  { command =
      ReplaceableCommand
        "timeout /t 1 >nul & rmdir /s /q test\\cli\\output\\work_pop_local 2>nul & rmdir /s /q test\\cli\\output\\work_pop_remote 2>nul & echo cleanup done"
  , stdin = ""
  , stdoutExpected = Just "cleanup done\n"
  , stderrExpected = Nothing
  , exitCodeExpected = 0
  , testname = "test/cli\\proof-of-possession.test:14"
  , lineNumber = 108
  }
parsed test/cli\remote-flag.test:
 ShellTest
  { command =
      ReplaceableCommand
        "timeout /t 1 >nul & rmdir /s /q test\\cli\\output\\work_rflag_a 2>nul & rmdir /s /q test\\cli\\output\\fs_remote_rflag 2>nul & echo cleanup done"
  , stdin = ""
  , stdoutExpected = Just "cleanup done\n"
  , stderrExpected = Nothing
  , exitCodeExpected = 0
  , testname = "test/cli\\remote-flag.test:1"
  , lineNumber = 12
  }
 ShellTest
  { command =
      ReplaceableCommand "mkdir test\\cli\\output\\fs_remote_rflag"
  , stdin = ""
  , stdoutExpected = Just ""
  , stderrExpected = Nothing
  , exitCodeExpected = 0
  , testname = "test/cli\\remote-flag.test:2"
  , lineNumber = 23
  }
 ShellTest
  { command =
      ReplaceableCommand
        "echo Text file 1 > test\\cli\\output\\fs_remote_rflag\\file1.txt"
  , stdin = ""
  , stdoutExpected = Just ""
  , stderrExpected = Nothing
  , exitCodeExpected = 0
  , testname = "test/cli\\remote-flag.test:3"
  , lineNumber = 28
  }
 ShellTest
  { command =
      ReplaceableCommand
        "echo Binary content > test\\cli\\output\\fs_remote_rflag\\data.bin"
  , stdin = ""
  , stdoutExpected = Just ""
  , stderrExpected = Nothing
  , exitCodeExpected = 0
  , testname = "test/cli\\remote-flag.test:4"
  , lineNumber = 33
  }
 ShellTest
  { command =
      ReplaceableCommand
        "mkdir test\\cli\\output\\fs_remote_rflag\\subdir"
  , stdin = ""
  , stdoutExpected = Just ""
  , stderrExpected = Nothing
  , exitCodeExpected = 0
  , testname = "test/cli\\remote-flag.test:5"
  , lineNumber = 38
  }
 ShellTest
  { command =
      ReplaceableCommand
        "echo Subdir text > test\\cli\\output\\fs_remote_rflag\\subdir\\file2.txt"
  , stdin = ""
  , stdoutExpected = Just ""
  , stderrExpected = Nothing
  , exitCodeExpected = 0
  , testname = "test/cli\\remote-flag.test:6"
  , lineNumber = 43
  }
 ShellTest
  { command =
      ReplaceableCommand "mkdir test\\cli\\output\\work_rflag_a"
  , stdin = ""
  , stdoutExpected = Just ""
  , stderrExpected = Nothing
  , exitCodeExpected = 0
  , testname = "test/cli\\remote-flag.test:7"
  , lineNumber = 52
  }
 ShellTest
  { command =
      ReplaceableCommand "cd test\\cli\\output\\work_rflag_a & bit init"
  , stdin = ""
  , stdoutExpected = Just "/.*[Ii]nitialized.*/"
  , stderrExpected = Nothing
  , exitCodeExpected = 0
  , testname = "test/cli\\remote-flag.test:8"
  , lineNumber = 57
  }
 ShellTest
  { command =
      ReplaceableCommand
        "cd test\\cli\\output\\work_rflag_a & bit remote add origin ..\\fs_remote_rflag"
  , stdin = ""
  , stdoutExpected = Just "/Remote.*added/"
  , stderrExpected = Nothing
  , exitCodeExpected = 0
  , testname = "test/cli\\remote-flag.test:9"
  , lineNumber = 62
  }
 ShellTest
  { command =
      ReplaceableCommand
        "cd test\\cli\\output\\work_rflag_a & bit --remote origin init"
  , stdin = ""
  , stdoutExpected =
      Just "/[Ii]nitialized.*bit.*repository.*on.*remote/"
  , stderrExpected = Nothing
  , exitCodeExpected = 0
  , testname = "test/cli\\remote-flag.test:10"
  , lineNumber = 72
  }
 ShellTest
  { command =
      ReplaceableCommand
        "cd test\\cli\\output\\work_rflag_a & if exist .bit\\remote-workspaces\\origin\\.git (echo workspace exists) else (echo no workspace)"
  , stdin = ""
  , stdoutExpected = Just "no workspace\n"
  , stderrExpected = Nothing
  , exitCodeExpected = 0
  , testname = "test/cli\\remote-flag.test:11"
  , lineNumber = 78
  }
 ShellTest
  { command =
      ReplaceableCommand
        "cd test\\cli\\output\\work_rflag_a & if exist ..\\fs_remote_rflag\\.bit\\bit.bundle echo bundle exists"
  , stdin = ""
  , stdoutExpected = Just "bundle exists\n"
  , stderrExpected = Nothing
  , exitCodeExpected = 0
  , testname = "test/cli\\remote-flag.test:12"
  , lineNumber = 85
  }
 ShellTest
  { command =
      ReplaceableCommand
        "cd test\\cli\\output\\work_rflag_a & bit --remote origin add ."
  , stdin = ""
  , stdoutExpected = Just "/Scanning remote|Remote metadata updated/"
  , stderrExpected = Nothing
  , exitCodeExpected = 0
  , testname = "test/cli\\remote-flag.test:13"
  , lineNumber = 96
  }
 ShellTest
  { command =
      ReplaceableCommand
        "cd test\\cli\\output\\work_rflag_a & bit --remote origin status"
  , stdin = ""
  , stdoutExpected = Just "/Scanning remote|On branch main/"
  , stderrExpected = Nothing
  , exitCodeExpected = 0
  , testname = "test/cli\\remote-flag.test:14"
  , lineNumber = 105
  }
 ShellTest
  { command =
      ReplaceableCommand
        "cd test\\cli\\output\\work_rflag_a & bit --remote origin commit --amend -m \"Commit via --remote flag\""
  , stdin = ""
  , stdoutExpected = Just "/Commit via --remote flag/"
  , stderrExpected = Nothing
  , exitCodeExpected = 0
  , testname = "test/cli\\remote-flag.test:15"
  , lineNumber = 114
  }
 ShellTest
  { command =
      ReplaceableCommand
        "cd test\\cli\\output\\work_rflag_a & if exist ..\\fs_remote_rflag\\.bit\\bit.bundle echo bundle exists"
  , stdin = ""
  , stdoutExpected = Just "bundle exists\n"
  , stderrExpected = Nothing
  , exitCodeExpected = 0
  , testname = "test/cli\\remote-flag.test:16"
  , lineNumber = 120
  }
 ShellTest
  { command =
      ReplaceableCommand
        "cd test\\cli\\output\\work_rflag_a & bit --remote origin log --oneline"
  , stdin = ""
  , stdoutExpected = Just "/Commit via --remote flag/"
  , stderrExpected = Nothing
  , exitCodeExpected = 0
  , testname = "test/cli\\remote-flag.test:17"
  , lineNumber = 130
  }
 ShellTest
  { command =
      ReplaceableCommand
        "cd test\\cli\\output\\work_rflag_a & bit --remote"
  , stdin = ""
  , stdoutExpected = Nothing
  , stderrExpected = Just "/requires a remote name argument/"
  , exitCodeExpected = 1
  , testname = "test/cli\\remote-flag.test:18"
  , lineNumber = 140
  }
 ShellTest
  { command =
      ReplaceableCommand
        "cd test\\cli\\output\\work_rflag_a & bit --remote fake init"
  , stdin = ""
  , stdoutExpected = Nothing
  , stderrExpected = Just "/remote.*not found/"
  , exitCodeExpected = 1
  , testname = "test/cli\\remote-flag.test:19"
  , lineNumber = 146
  }
 ShellTest
  { command =
      ReplaceableCommand
        "cd test\\cli\\output\\work_rflag_a & bit --remote origin push"
  , stdin = ""
  , stdoutExpected = Nothing
  , stderrExpected = Just "/not supported in remote context/"
  , exitCodeExpected = 1
  , testname = "test/cli\\remote-flag.test:20"
  , lineNumber = 152
  }
 ShellTest
  { command =
      ReplaceableCommand
        "cd test\\cli\\output\\work_rflag_a & bit verify --remote"
  , stdin = ""
  , stdoutExpected = Just "/Verifying remote files|\\[OK\\] All/"
  , stderrExpected = Nothing
  , exitCodeExpected = 0
  , testname = "test/cli\\remote-flag.test:21"
  , lineNumber = 158
  }
 ShellTest
  { command =
      ReplaceableCommand
        "timeout /t 1 >nul & rmdir /s /q test\\cli\\output\\work_rflag_a 2>nul & rmdir /s /q test\\cli\\output\\fs_remote_rflag 2>nul & echo cleanup done"
  , stdin = ""
  , stdoutExpected = Just "cleanup done\n"
  , stderrExpected = Nothing
  , exitCodeExpected = 0
  , testname = "test/cli\\remote-flag.test:22"
  , lineNumber = 167
  }
parsed test/cli\remote-repair.test:
 ShellTest
  { command =
      ReplaceableCommand
        "timeout /t 1 >nul & rmdir /s /q test\\cli\\output\\work_repair 2>nul & rmdir /s /q test\\cli\\output\\remote_repair 2>nul & echo cleanup done"
  , stdin = ""
  , stdoutExpected = Just "cleanup done\n"
  , stderrExpected = Nothing
  , exitCodeExpected = 0
  , testname = "test/cli\\remote-repair.test:1"
  , lineNumber = 6
  }
 ShellTest
  { command =
      ReplaceableCommand
        "rmdir /s /q test\\cli\\output\\work_repair 2>nul & mkdir test\\cli\\output\\work_repair & cd test\\cli\\output\\work_repair & bit init"
  , stdin = ""
  , stdoutExpected = Just "/.*[Ii]nitialized.*/"
  , stderrExpected = Nothing
  , exitCodeExpected = 0
  , testname = "test/cli\\remote-repair.test:2"
  , lineNumber = 16
  }
 ShellTest
  { command =
      ReplaceableCommand
        "cd test\\cli\\output\\work_repair & bit remote repair"
  , stdin = ""
  , stdoutExpected = Nothing
  , stderrExpected = Just "/fatal: No remote configured/"
  , exitCodeExpected = 1
  , testname = "test/cli\\remote-repair.test:3"
  , lineNumber = 21
  }
 ShellTest
  { command =
      ReplaceableCommand
        "rmdir /s /q test\\cli\\output\\work_repair 2>nul & rmdir /s /q test\\cli\\output\\remote_repair 2>nul & mkdir test\\cli\\output\\work_repair & mkdir test\\cli\\output\\remote_repair & cd test\\cli\\output\\work_repair & bit init & echo hello> greet.txt & echo binarydata> data.bin & bit add greet.txt data.bin & bit commit -m \"Add files\""
  , stdin = ""
  , stdoutExpected = Just "/.*[Ii]nitialized.*/"
  , stderrExpected = Nothing
  , exitCodeExpected = 0
  , testname = "test/cli\\remote-repair.test:4"
  , lineNumber = 30
  }
 ShellTest
  { command =
      ReplaceableCommand
        "cd test\\cli\\output\\work_repair & bit remote add origin ..\\remote_repair"
  , stdin = ""
  , stdoutExpected = Just "/Remote.*added/"
  , stderrExpected = Nothing
  , exitCodeExpected = 0
  , testname = "test/cli\\remote-repair.test:5"
  , lineNumber = 35
  }
 ShellTest
  { command =
      ReplaceableCommand "cd test\\cli\\output\\work_repair & bit push"
  , stdin = ""
  , stdoutExpected =
      Just
        "/Push complete|Pushing to filesystem remote|Metadata push complete/"
  , stderrExpected = Nothing
  , exitCodeExpected = 0
  , testname = "test/cli\\remote-repair.test:6"
  , lineNumber = 40
  }
 ShellTest
  { command =
      ReplaceableCommand
        "cd test\\cli\\output\\work_repair & bit remote repair"
  , stdin = ""
  , stdoutExpected = Just "/Nothing to repair/"
  , stderrExpected = Nothing
  , exitCodeExpected = 0
  , testname = "test/cli\\remote-repair.test:7"
  , lineNumber = 45
  }
 ShellTest
  { command =
      ReplaceableCommand
        "cd test\\cli\\output\\work_repair & echo corrupted> data.bin"
  , stdin = ""
  , stdoutExpected = Just ""
  , stderrExpected = Nothing
  , exitCodeExpected = 0
  , testname = "test/cli\\remote-repair.test:8"
  , lineNumber = 54
  }
 ShellTest
  { command =
      ReplaceableCommand
        "cd test\\cli\\output\\work_repair & bit remote repair"
  , stdin = ""
  , stdoutExpected = Just "/REPAIRED.*data\\.bin/"
  , stderrExpected = Nothing
  , exitCodeExpected = 0
  , testname = "test/cli\\remote-repair.test:9"
  , lineNumber = 59
  }
 ShellTest
  { command =
      ReplaceableCommand
        "cd test\\cli\\output\\work_repair & bit remote repair"
  , stdin = ""
  , stdoutExpected = Just "/Nothing to repair/"
  , stderrExpected = Nothing
  , exitCodeExpected = 0
  , testname = "test/cli\\remote-repair.test:10"
  , lineNumber = 65
  }
 ShellTest
  { command =
      ReplaceableCommand
        "cd test\\cli\\output\\work_repair & echo stale_corrupt> data.bin"
  , stdin = ""
  , stdoutExpected = Just ""
  , stderrExpected = Nothing
  , exitCodeExpected = 0
  , testname = "test/cli\\remote-repair.test:11"
  , lineNumber = 76
  }
 ShellTest
  { command =
      ReplaceableCommand "cd test\\cli\\output\\work_repair & bit status"
  , stdin = ""
  , stdoutExpected = Nothing
  , stderrExpected = Nothing
  , exitCodeExpected = 0
  , testname = "test/cli\\remote-repair.test:12"
  , lineNumber = 82
  }
 ShellTest
  { command =
      ReplaceableCommand
        "cd test\\cli\\output\\work_repair & bit remote repair"
  , stdin = ""
  , stdoutExpected = Just "/REPAIRED.*data\\.bin/"
  , stderrExpected = Nothing
  , exitCodeExpected = 0
  , testname = "test/cli\\remote-repair.test:13"
  , lineNumber = 87
  }
 ShellTest
  { command =
      ReplaceableCommand
        "cd test\\cli\\output\\work_repair & bit remote repair"
  , stdin = ""
  , stdoutExpected = Just "/Nothing to repair/"
  , stderrExpected = Nothing
  , exitCodeExpected = 0
  , testname = "test/cli\\remote-repair.test:14"
  , lineNumber = 93
  }
 ShellTest
  { command =
      ReplaceableCommand
        "cd test\\cli\\output\\work_repair & echo local_corrupt> data.bin"
  , stdin = ""
  , stdoutExpected = Just ""
  , stderrExpected = Nothing
  , exitCodeExpected = 0
  , testname = "test/cli\\remote-repair.test:15"
  , lineNumber = 103
  }
 ShellTest
  { command =
      ReplaceableCommand
        "cd test\\cli\\output\\remote_repair & echo remote_corrupt> data.bin"
  , stdin = ""
  , stdoutExpected = Just ""
  , stderrExpected = Nothing
  , exitCodeExpected = 0
  , testname = "test/cli\\remote-repair.test:16"
  , lineNumber = 109
  }
 ShellTest
  { command =
      ReplaceableCommand
        "cd test\\cli\\output\\work_repair & bit remote repair"
  , stdin = ""
  , stdoutExpected = Just "/UNREPAIRABLE.*data\\.bin|unrepairable/"
  , stderrExpected = Nothing
  , exitCodeExpected = 1
  , testname = "test/cli\\remote-repair.test:17"
  , lineNumber = 114
  }
 ShellTest
  { command =
      ReplaceableCommand
        "timeout /t 1 >nul & rmdir /s /q test\\cli\\output\\work_repair 2>nul & rmdir /s /q test\\cli\\output\\remote_repair 2>nul"
  , stdin = ""
  , stdoutExpected = Just ""
  , stderrExpected = Nothing
  , exitCodeExpected = 0
  , testname = "test/cli\\remote-repair.test:18"
  , lineNumber = 120
  }
parsed test/cli\remote-show.test:
 ShellTest
  { command =
      ReplaceableCommand
        "timeout /t 1 >nul & rmdir /s /q test\\cli\\output\\work_remote_show 2>nul & rmdir /s /q test\\cli\\output\\remote_show_a 2>nul & rmdir /s /q test\\cli\\output\\remote_show_b 2>nul & echo cleanup done"
  , stdin = ""
  , stdoutExpected = Just "cleanup done\n"
  , stderrExpected = Nothing
  , exitCodeExpected = 0
  , testname = "test/cli\\remote-show.test:1"
  , lineNumber = 12
  }
 ShellTest
  { command =
      ReplaceableCommand "mkdir test\\cli\\output\\work_remote_show"
  , stdin = ""
  , stdoutExpected = Just ""
  , stderrExpected = Nothing
  , exitCodeExpected = 0
  , testname = "test/cli\\remote-show.test:2"
  , lineNumber = 22
  }
 ShellTest
  { command =
      ReplaceableCommand
        "cd test\\cli\\output\\work_remote_show & bit init"
  , stdin = ""
  , stdoutExpected = Just "/.*[Ii]nitialized.*/"
  , stderrExpected = Nothing
  , exitCodeExpected = 0
  , testname = "test/cli\\remote-show.test:3"
  , lineNumber = 27
  }
 ShellTest
  { command =
      ReplaceableCommand
        "cd test\\cli\\output\\work_remote_show & bit remote show"
  , stdin = ""
  , stdoutExpected = Just "/No remotes configured.*bit remote add/"
  , stderrExpected = Nothing
  , exitCodeExpected = 0
  , testname = "test/cli\\remote-show.test:4"
  , lineNumber = 33
  }
 ShellTest
  { command =
      ReplaceableCommand "mkdir test\\cli\\output\\remote_show_a"
  , stdin = ""
  , stdoutExpected = Just ""
  , stderrExpected = Nothing
  , exitCodeExpected = 0
  , testname = "test/cli\\remote-show.test:5"
  , lineNumber = 42
  }
 ShellTest
  { command =
      ReplaceableCommand
        "cd test\\cli\\output\\work_remote_show & bit remote add dok1 ..\\remote_show_a"
  , stdin = ""
  , stdoutExpected = Just "/Remote.*added/"
  , stderrExpected = Nothing
  , exitCodeExpected = 0
  , testname = "test/cli\\remote-show.test:6"
  , lineNumber = 47
  }
 ShellTest
  { command =
      ReplaceableCommand
        "cd test\\cli\\output\\work_remote_show & bit remote show"
  , stdin = ""
  , stdoutExpected = Just "/dok1.*remote_show_a/"
  , stderrExpected = Nothing
  , exitCodeExpected = 0
  , testname = "test/cli\\remote-show.test:7"
  , lineNumber = 53
  }
 ShellTest
  { command =
      ReplaceableCommand
        "cd test\\cli\\output\\work_remote_show & bit remote show dok1"
  , stdin = ""
  , stdoutExpected = Just "/dok1.*remote_show_a/"
  , stderrExpected = Nothing
  , exitCodeExpected = 0
  , testname = "test/cli\\remote-show.test:8"
  , lineNumber = 59
  }
 ShellTest
  { command =
      ReplaceableCommand "mkdir test\\cli\\output\\remote_show_b"
  , stdin = ""
  , stdoutExpected = Just ""
  , stderrExpected = Nothing
  , exitCodeExpected = 0
  , testname = "test/cli\\remote-show.test:9"
  , lineNumber = 68
  }
 ShellTest
  { command =
      ReplaceableCommand
        "cd test\\cli\\output\\work_remote_show & bit remote add backup ..\\remote_show_b"
  , stdin = ""
  , stdoutExpected = Just "/Remote.*added/"
  , stderrExpected = Nothing
  , exitCodeExpected = 0
  , testname = "test/cli\\remote-show.test:10"
  , lineNumber = 73
  }
 ShellTest
  { command =
      ReplaceableCommand
        "cd test\\cli\\output\\work_remote_show & bit remote show"
  , stdin = ""
  , stdoutExpected = Just "/dok1.*remote_show_a/"
  , stderrExpected = Nothing
  , exitCodeExpected = 0
  , testname = "test/cli\\remote-show.test:11"
  , lineNumber = 79
  }
 ShellTest
  { command =
      ReplaceableCommand
        "cd test\\cli\\output\\work_remote_show & bit remote show"
  , stdin = ""
  , stdoutExpected = Just "/backup.*remote_show_b/"
  , stderrExpected = Nothing
  , exitCodeExpected = 0
  , testname = "test/cli\\remote-show.test:12"
  , lineNumber = 84
  }
 ShellTest
  { command =
      ReplaceableCommand
        "cd test\\cli\\output\\work_remote_show & bit remote show backup"
  , stdin = ""
  , stdoutExpected = Just "/backup.*remote_show_b/"
  , stderrExpected = Nothing
  , exitCodeExpected = 0
  , testname = "test/cli\\remote-show.test:13"
  , lineNumber = 90
  }
 ShellTest
  { command =
      ReplaceableCommand
        "timeout /t 1 >nul & rmdir /s /q test\\cli\\output\\work_remote_show 2>nul & rmdir /s /q test\\cli\\output\\remote_show_a 2>nul & rmdir /s /q test\\cli\\output\\remote_show_b 2>nul & echo cleanup done"
  , stdin = ""
  , stdoutExpected = Just "cleanup done\n"
  , stderrExpected = Nothing
  , exitCodeExpected = 0
  , testname = "test/cli\\remote-show.test:14"
  , lineNumber = 99
  }
parsed test/cli\remote-targeted.test:
 ShellTest
  { command =
      ReplaceableCommand
        "timeout /t 1 >nul & rmdir /s /q test\\cli\\output\\work_rmt_a 2>nul & rmdir /s /q test\\cli\\output\\fs_remote_rmt 2>nul & echo cleanup done"
  , stdin = ""
  , stdoutExpected = Just "cleanup done\n"
  , stderrExpected = Nothing
  , exitCodeExpected = 0
  , testname = "test/cli\\remote-targeted.test:1"
  , lineNumber = 12
  }
 ShellTest
  { command =
      ReplaceableCommand "mkdir test\\cli\\output\\fs_remote_rmt"
  , stdin = ""
  , stdoutExpected = Just ""
  , stderrExpected = Nothing
  , exitCodeExpected = 0
  , testname = "test/cli\\remote-targeted.test:2"
  , lineNumber = 23
  }
 ShellTest
  { command =
      ReplaceableCommand
        "echo Text file 1 > test\\cli\\output\\fs_remote_rmt\\file1.txt"
  , stdin = ""
  , stdoutExpected = Just ""
  , stderrExpected = Nothing
  , exitCodeExpected = 0
  , testname = "test/cli\\remote-targeted.test:3"
  , lineNumber = 29
  }
 ShellTest
  { command =
      ReplaceableCommand
        "echo Text file 2 > test\\cli\\output\\fs_remote_rmt\\file2.md"
  , stdin = ""
  , stdoutExpected = Just ""
  , stderrExpected = Nothing
  , exitCodeExpected = 0
  , testname = "test/cli\\remote-targeted.test:4"
  , lineNumber = 34
  }
 ShellTest
  { command =
      ReplaceableCommand "mkdir test\\cli\\output\\fs_remote_rmt\\subdir"
  , stdin = ""
  , stdoutExpected = Just ""
  , stderrExpected = Nothing
  , exitCodeExpected = 0
  , testname = "test/cli\\remote-targeted.test:5"
  , lineNumber = 40
  }
 ShellTest
  { command =
      ReplaceableCommand
        "echo Subdir text > test\\cli\\output\\fs_remote_rmt\\subdir\\file3.txt"
  , stdin = ""
  , stdoutExpected = Just ""
  , stderrExpected = Nothing
  , exitCodeExpected = 0
  , testname = "test/cli\\remote-targeted.test:6"
  , lineNumber = 45
  }
 ShellTest
  { command =
      ReplaceableCommand
        "echo Binary content > test\\cli\\output\\fs_remote_rmt\\data.bin"
  , stdin = ""
  , stdoutExpected = Just ""
  , stderrExpected = Nothing
  , exitCodeExpected = 0
  , testname = "test/cli\\remote-targeted.test:7"
  , lineNumber = 51
  }
 ShellTest
  { command =
      ReplaceableCommand "mkdir test\\cli\\output\\work_rmt_a"
  , stdin = ""
  , stdoutExpected = Just ""
  , stderrExpected = Nothing
  , exitCodeExpected = 0
  , testname = "test/cli\\remote-targeted.test:8"
  , lineNumber = 61
  }
 ShellTest
  { command =
      ReplaceableCommand "cd test\\cli\\output\\work_rmt_a & bit init"
  , stdin = ""
  , stdoutExpected = Just "/.*[Ii]nitialized.*/"
  , stderrExpected = Nothing
  , exitCodeExpected = 0
  , testname = "test/cli\\remote-targeted.test:9"
  , lineNumber = 66
  }
 ShellTest
  { command =
      ReplaceableCommand
        "cd test\\cli\\output\\work_rmt_a & bit remote add origin ..\\fs_remote_rmt"
  , stdin = ""
  , stdoutExpected = Just "/Remote.*added/"
  , stderrExpected = Nothing
  , exitCodeExpected = 0
  , testname = "test/cli\\remote-targeted.test:10"
  , lineNumber = 72
  }
 ShellTest
  { command =
      ReplaceableCommand
        "cd test\\cli\\output\\work_rmt_a & bit @origin init"
  , stdin = ""
  , stdoutExpected =
      Just "/[Ii]nitialized.*bit.*repository.*on.*remote/"
  , stderrExpected = Nothing
  , exitCodeExpected = 0
  , testname = "test/cli\\remote-targeted.test:11"
  , lineNumber = 82
  }
 ShellTest
  { command =
      ReplaceableCommand
        "cd test\\cli\\output\\work_rmt_a & if exist .bit\\remote-workspaces\\origin\\.git (echo workspace exists) else (echo no workspace)"
  , stdin = ""
  , stdoutExpected = Just "no workspace\n"
  , stderrExpected = Nothing
  , exitCodeExpected = 0
  , testname = "test/cli\\remote-targeted.test:12"
  , lineNumber = 88
  }
 ShellTest
  { command =
      ReplaceableCommand
        "cd test\\cli\\output\\work_rmt_a & if exist ..\\fs_remote_rmt\\.bit\\bit.bundle echo bundle exists"
  , stdin = ""
  , stdoutExpected = Just "bundle exists\n"
  , stderrExpected = Nothing
  , exitCodeExpected = 0
  , testname = "test/cli\\remote-targeted.test:13"
  , lineNumber = 95
  }
 ShellTest
  { command =
      ReplaceableCommand
        "cd test\\cli\\output\\work_rmt_a & bit @origin init"
  , stdin = ""
  , stdoutExpected = Nothing
  , stderrExpected = Just "/already has a bit repository/"
  , exitCodeExpected = 1
  , testname = "test/cli\\remote-targeted.test:14"
  , lineNumber = 102
  }
 ShellTest
  { command =
      ReplaceableCommand
        "cd test\\cli\\output\\work_rmt_a & bit @origin add ."
  , stdin = ""
  , stdoutExpected = Just "/Scanning remote|Remote metadata updated/"
  , stderrExpected = Nothing
  , exitCodeExpected = 0
  , testname = "test/cli\\remote-targeted.test:15"
  , lineNumber = 112
  }
 ShellTest
  { command =
      ReplaceableCommand
        "cd test\\cli\\output\\work_rmt_a & if exist ..\\fs_remote_rmt\\.bit\\bit.bundle echo bundle exists"
  , stdin = ""
  , stdoutExpected = Just "bundle exists\n"
  , stderrExpected = Nothing
  , exitCodeExpected = 0
  , testname = "test/cli\\remote-targeted.test:16"
  , lineNumber = 118
  }
 ShellTest
  { command =
      ReplaceableCommand
        "cd test\\cli\\output\\work_rmt_a & bit @origin add ."
  , stdin = ""
  , stdoutExpected = Just "/Nothing to add|up to date/"
  , stderrExpected = Nothing
  , exitCodeExpected = 0
  , testname = "test/cli\\remote-targeted.test:17"
  , lineNumber = 125
  }
 ShellTest
  { command =
      ReplaceableCommand
        "cd test\\cli\\output\\work_rmt_a & bit @nonexistent add ."
  , stdin = ""
  , stdoutExpected = Nothing
  , stderrExpected = Just "/not found/"
  , exitCodeExpected = 1
  , testname = "test/cli\\remote-targeted.test:18"
  , lineNumber = 131
  }
 ShellTest
  { command =
      ReplaceableCommand
        "cd test\\cli\\output\\work_rmt_a & bit @origin status"
  , stdin = ""
  , stdoutExpected = Just "/Scanning remote|On branch main/"
  , stderrExpected = Nothing
  , exitCodeExpected = 0
  , testname = "test/cli\\remote-targeted.test:19"
  , lineNumber = 141
  }
 ShellTest
  { command =
      ReplaceableCommand
        "echo New untracked file > test\\cli\\output\\fs_remote_rmt\\newfile.txt"
  , stdin = ""
  , stdoutExpected = Just ""
  , stderrExpected = Nothing
  , exitCodeExpected = 0
  , testname = "test/cli\\remote-targeted.test:20"
  , lineNumber = 147
  }
 ShellTest
  { command =
      ReplaceableCommand
        "cd test\\cli\\output\\work_rmt_a & bit @origin status"
  , stdin = ""
  , stdoutExpected = Just "/newfile\\.txt/"
  , stderrExpected = Nothing
  , exitCodeExpected = 0
  , testname = "test/cli\\remote-targeted.test:21"
  , lineNumber = 153
  }
 ShellTest
  { command =
      ReplaceableCommand
        "cd test\\cli\\output\\work_rmt_a & bit @origin add ."
  , stdin = ""
  , stdoutExpected = Just "/Remote metadata updated/"
  , stderrExpected = Nothing
  , exitCodeExpected = 0
  , testname = "test/cli\\remote-targeted.test:22"
  , lineNumber = 159
  }
 ShellTest
  { command =
      ReplaceableCommand
        "cd test\\cli\\output\\work_rmt_a & bit @origin log --oneline"
  , stdin = ""
  , stdoutExpected =
      Just "/Initial remote repository|Update remote metadata/"
  , stderrExpected = Nothing
  , exitCodeExpected = 0
  , testname = "test/cli\\remote-targeted.test:23"
  , lineNumber = 169
  }
 ShellTest
  { command =
      ReplaceableCommand
        "cd test\\cli\\output\\work_rmt_a & bit @origin ls-files"
  , stdin = ""
  , stdoutExpected = Just "/file1\\.txt/"
  , stderrExpected = Nothing
  , exitCodeExpected = 0
  , testname = "test/cli\\remote-targeted.test:24"
  , lineNumber = 179
  }
 ShellTest
  { command =
      ReplaceableCommand
        "cd test\\cli\\output\\work_rmt_a & bit --remote origin ls-files"
  , stdin = ""
  , stdoutExpected = Just "/file2\\.md/"
  , stderrExpected = Nothing
  , exitCodeExpected = 0
  , testname = "test/cli\\remote-targeted.test:25"
  , lineNumber = 185
  }
 ShellTest
  { command =
      ReplaceableCommand
        "cd test\\cli\\output\\work_rmt_a & bit @origin commit --amend -m \"Initial metadata scan\""
  , stdin = ""
  , stdoutExpected = Just "/Initial metadata scan/"
  , stderrExpected = Nothing
  , exitCodeExpected = 0
  , testname = "test/cli\\remote-targeted.test:26"
  , lineNumber = 195
  }
 ShellTest
  { command =
      ReplaceableCommand
        "cd test\\cli\\output\\work_rmt_a & bit @origin log --oneline"
  , stdin = ""
  , stdoutExpected = Just "/Initial metadata scan/"
  , stderrExpected = Nothing
  , exitCodeExpected = 0
  , testname = "test/cli\\remote-targeted.test:27"
  , lineNumber = 201
  }
 ShellTest
  { command =
      ReplaceableCommand
        "cd test\\cli\\output\\work_rmt_a & bit --remote origin status"
  , stdin = ""
  , stdoutExpected = Just "/Scanning remote|On branch main/"
  , stderrExpected = Nothing
  , exitCodeExpected = 0
  , testname = "test/cli\\remote-targeted.test:28"
  , lineNumber = 211
  }
 ShellTest
  { command =
      ReplaceableCommand
        "cd test\\cli\\output\\work_rmt_a & bit --remote origin log --oneline"
  , stdin = ""
  , stdoutExpected = Just "/Initial metadata scan/"
  , stderrExpected = Nothing
  , exitCodeExpected = 0
  , testname = "test/cli\\remote-targeted.test:29"
  , lineNumber = 217
  }
 ShellTest
  { command =
      ReplaceableCommand
        "cd test\\cli\\output\\work_rmt_a & bit @origin push"
  , stdin = ""
  , stdoutExpected = Nothing
  , stderrExpected = Just "/not supported in remote context/"
  , exitCodeExpected = 1
  , testname = "test/cli\\remote-targeted.test:30"
  , lineNumber = 227
  }
 ShellTest
  { command =
      ReplaceableCommand
        "cd test\\cli\\output\\work_rmt_a & bit @fake init"
  , stdin = ""
  , stdoutExpected = Nothing
  , stderrExpected = Just "/remote.*not found/"
  , exitCodeExpected = 1
  , testname = "test/cli\\remote-targeted.test:31"
  , lineNumber = 233
  }
 ShellTest
  { command =
      ReplaceableCommand "mkdir test\\cli\\output\\work_rmt_a\\notrepo"
  , stdin = ""
  , stdoutExpected = Just ""
  , stderrExpected = Nothing
  , exitCodeExpected = 0
  , testname = "test/cli\\remote-targeted.test:32"
  , lineNumber = 239
  }
 ShellTest
  { command =
      ReplaceableCommand
        "cd test\\cli\\output\\work_rmt_a\\notrepo & bit @origin init"
  , stdin = ""
  , stdoutExpected = Nothing
  , stderrExpected = Just "/not a bit repository/"
  , exitCodeExpected = 1
  , testname = "test/cli\\remote-targeted.test:33"
  , lineNumber = 244
  }
 ShellTest
  { command =
      ReplaceableCommand
        "timeout /t 1 >nul & rmdir /s /q test\\cli\\output\\work_rmt_a 2>nul & rmdir /s /q test\\cli\\output\\fs_remote_rmt 2>nul & echo cleanup done"
  , stdin = ""
  , stdoutExpected = Just "cleanup done\n"
  , stderrExpected = Nothing
  , exitCodeExpected = 0
  , testname = "test/cli\\remote-targeted.test:34"
  , lineNumber = 253
  }
parsed test/cli\restore-checkout.test:
 ShellTest
  { command =
      ReplaceableCommand
        "rmdir /s /q test\\cli\\output\\work 2>nul & mkdir test\\cli\\output\\work & cd test\\cli\\output\\work & bit init"
  , stdin = ""
  , stdoutExpected = Just "/.*[Ii]nitialized.*/"
  , stderrExpected = Nothing
  , exitCodeExpected = 0
  , testname = "test/cli\\restore-checkout.test:1"
  , lineNumber = 3
  }
 ShellTest
  { command =
      ReplaceableCommand
        "cd test\\cli\\output\\work & echo original> file.txt & bit add file.txt & bit commit -m \"Add file\""
  , stdin = ""
  , stdoutExpected = Just "/\\[master|main|files? changed/"
  , stderrExpected = Nothing
  , exitCodeExpected = 0
  , testname = "test/cli\\restore-checkout.test:2"
  , lineNumber = 8
  }
 ShellTest
  { command =
      ReplaceableCommand
        "cd test\\cli\\output\\work & echo modified> file.txt"
  , stdin = ""
  , stdoutExpected = Just ""
  , stderrExpected = Nothing
  , exitCodeExpected = 0
  , testname = "test/cli\\restore-checkout.test:3"
  , lineNumber = 14
  }
 ShellTest
  { command =
      ReplaceableCommand
        "cd test\\cli\\output\\work & bit restore file.txt"
  , stdin = ""
  , stdoutExpected = Just ""
  , stderrExpected = Nothing
  , exitCodeExpected = 0
  , testname = "test/cli\\restore-checkout.test:4"
  , lineNumber = 19
  }
 ShellTest
  { command =
      ReplaceableCommand
        "findstr /C:\"original\" test\\cli\\output\\work\\file.txt >nul"
  , stdin = ""
  , stdoutExpected = Just ""
  , stderrExpected = Nothing
  , exitCodeExpected = 0
  , testname = "test/cli\\restore-checkout.test:5"
  , lineNumber = 24
  }
 ShellTest
  { command =
      ReplaceableCommand
        "cd test\\cli\\output\\work & echo changed> file.txt & bit restore -- file.txt"
  , stdin = ""
  , stdoutExpected = Just ""
  , stderrExpected = Nothing
  , exitCodeExpected = 0
  , testname = "test/cli\\restore-checkout.test:6"
  , lineNumber = 30
  }
 ShellTest
  { command =
      ReplaceableCommand
        "findstr /C:\"original\" test\\cli\\output\\work\\file.txt >nul"
  , stdin = ""
  , stdoutExpected = Just ""
  , stderrExpected = Nothing
  , exitCodeExpected = 0
  , testname = "test/cli\\restore-checkout.test:7"
  , lineNumber = 35
  }
 ShellTest
  { command =
      ReplaceableCommand
        "cd test\\cli\\output\\work & echo discarded> file.txt & bit checkout -- file.txt"
  , stdin = ""
  , stdoutExpected = Just ""
  , stderrExpected = Nothing
  , exitCodeExpected = 0
  , testname = "test/cli\\restore-checkout.test:8"
  , lineNumber = 41
  }
 ShellTest
  { command =
      ReplaceableCommand
        "findstr /C:\"original\" test\\cli\\output\\work\\file.txt >nul"
  , stdin = ""
  , stdoutExpected = Just ""
  , stderrExpected = Nothing
  , exitCodeExpected = 0
  , testname = "test/cli\\restore-checkout.test:9"
  , lineNumber = 46
  }
 ShellTest
  { command =
      ReplaceableCommand
        "cd test\\cli\\output\\work & echo staged change> file.txt & bit add file.txt"
  , stdin = ""
  , stdoutExpected = Just ""
  , stderrExpected = Nothing
  , exitCodeExpected = 0
  , testname = "test/cli\\restore-checkout.test:10"
  , lineNumber = 52
  }
 ShellTest
  { command =
      ReplaceableCommand
        "cd test\\cli\\output\\work & bit restore --staged file.txt"
  , stdin = ""
  , stdoutExpected = Just ""
  , stderrExpected = Nothing
  , exitCodeExpected = 0
  , testname = "test/cli\\restore-checkout.test:11"
  , lineNumber = 57
  }
 ShellTest
  { command =
      ReplaceableCommand "cd test\\cli\\output\\work & bit status"
  , stdin = ""
  , stdoutExpected = Just "/modified:.*file\\.txt/"
  , stderrExpected = Nothing
  , exitCodeExpected = 0
  , testname = "test/cli\\restore-checkout.test:12"
  , lineNumber = 62
  }
 ShellTest
  { command =
      ReplaceableCommand
        "findstr /C:\"staged change\" test\\cli\\output\\work\\file.txt >nul"
  , stdin = ""
  , stdoutExpected = Just ""
  , stderrExpected = Nothing
  , exitCodeExpected = 0
  , testname = "test/cli\\restore-checkout.test:13"
  , lineNumber = 67
  }
 ShellTest
  { command =
      ReplaceableCommand
        "cd test\\cli\\output\\work & bit restore file.txt"
  , stdin = ""
  , stdoutExpected = Just ""
  , stderrExpected = Nothing
  , exitCodeExpected = 0
  , testname = "test/cli\\restore-checkout.test:14"
  , lineNumber = 73
  }
 ShellTest
  { command =
      ReplaceableCommand
        "findstr /C:\"original\" test\\cli\\output\\work\\file.txt >nul"
  , stdin = ""
  , stdoutExpected = Just ""
  , stderrExpected = Nothing
  , exitCodeExpected = 0
  , testname = "test/cli\\restore-checkout.test:15"
  , lineNumber = 78
  }
 ShellTest
  { command =
      ReplaceableCommand "cd test\\cli\\output\\work & bit status"
  , stdin = ""
  , stdoutExpected = Just "/nothing to commit|working tree clean/"
  , stderrExpected = Nothing
  , exitCodeExpected = 0
  , testname = "test/cli\\restore-checkout.test:16"
  , lineNumber = 83
  }
 ShellTest
  { command =
      ReplaceableCommand
        "cd test\\cli\\output\\work & echo a> a.txt & echo b> b.txt & bit add . & bit commit -m \"Add a and b\""
  , stdin = ""
  , stdoutExpected = Just "/\\[master|main|files? changed/"
  , stderrExpected = Nothing
  , exitCodeExpected = 0
  , testname = "test/cli\\restore-checkout.test:17"
  , lineNumber = 89
  }
 ShellTest
  { command =
      ReplaceableCommand
        "cd test\\cli\\output\\work & echo x> a.txt & echo y> b.txt & bit restore ."
  , stdin = ""
  , stdoutExpected = Just ""
  , stderrExpected = Nothing
  , exitCodeExpected = 0
  , testname = "test/cli\\restore-checkout.test:18"
  , lineNumber = 94
  }
 ShellTest
  { command =
      ReplaceableCommand
        "findstr /C:\"a\" test\\cli\\output\\work\\a.txt >nul"
  , stdin = ""
  , stdoutExpected = Just ""
  , stderrExpected = Nothing
  , exitCodeExpected = 0
  , testname = "test/cli\\restore-checkout.test:19"
  , lineNumber = 99
  }
 ShellTest
  { command =
      ReplaceableCommand
        "findstr /C:\"b\" test\\cli\\output\\work\\b.txt >nul"
  , stdin = ""
  , stdoutExpected = Just ""
  , stderrExpected = Nothing
  , exitCodeExpected = 0
  , testname = "test/cli\\restore-checkout.test:20"
  , lineNumber = 104
  }
 ShellTest
  { command =
      ReplaceableCommand
        "cd test\\cli\\output\\work & echo XX> a.txt & echo YY> b.txt & bit checkout -- a.txt b.txt"
  , stdin = ""
  , stdoutExpected = Just ""
  , stderrExpected = Nothing
  , exitCodeExpected = 0
  , testname = "test/cli\\restore-checkout.test:21"
  , lineNumber = 110
  }
 ShellTest
  { command =
      ReplaceableCommand
        "findstr /C:\"a\" test\\cli\\output\\work\\a.txt >nul"
  , stdin = ""
  , stdoutExpected = Just ""
  , stderrExpected = Nothing
  , exitCodeExpected = 0
  , testname = "test/cli\\restore-checkout.test:22"
  , lineNumber = 115
  }
 ShellTest
  { command =
      ReplaceableCommand
        "findstr /C:\"b\" test\\cli\\output\\work\\b.txt >nul"
  , stdin = ""
  , stdoutExpected = Just ""
  , stderrExpected = Nothing
  , exitCodeExpected = 0
  , testname = "test/cli\\restore-checkout.test:23"
  , lineNumber = 120
  }
parsed test/cli\scan-cache.test:
 ShellTest
  { command =
      ReplaceableCommand
        "rmdir /s /q test\\cli\\output\\work 2>nul & mkdir test\\cli\\output\\work & cd test\\cli\\output\\work & bit init"
  , stdin = ""
  , stdoutExpected = Just "/.*[Ii]nitialized.*/"
  , stderrExpected = Nothing
  , exitCodeExpected = 0
  , testname = "test/cli\\scan-cache.test:1"
  , lineNumber = 4
  }
 ShellTest
  { command =
      ReplaceableCommand
        "cd test\\cli\\output\\work & echo test1> file1.txt & echo test2> file2.txt & bit add ."
  , stdin = ""
  , stdoutExpected = Nothing
  , stderrExpected = Nothing
  , exitCodeExpected = 0
  , testname = "test/cli\\scan-cache.test:2"
  , lineNumber = 10
  }
 ShellTest
  { command =
      ReplaceableCommand
        "if exist \"test\\cli\\output\\work\\.bit\\cache\\\" (echo cache exists) else (echo missing)"
  , stdin = ""
  , stdoutExpected = Just "cache exists\n"
  , stderrExpected = Nothing
  , exitCodeExpected = 0
  , testname = "test/cli\\scan-cache.test:3"
  , lineNumber = 15
  }
 ShellTest
  { command =
      ReplaceableCommand
        "if exist \"test\\cli\\output\\work\\.bit\\cache\\file1.txt\" (echo file1 cached) else (echo missing)"
  , stdin = ""
  , stdoutExpected = Just "file1 cached\n"
  , stderrExpected = Nothing
  , exitCodeExpected = 0
  , testname = "test/cli\\scan-cache.test:4"
  , lineNumber = 22
  }
 ShellTest
  { command =
      ReplaceableCommand
        "findstr /C:\"mtime:\" test\\cli\\output\\work\\.bit\\cache\\file1.txt >nul"
  , stdin = ""
  , stdoutExpected = Nothing
  , stderrExpected = Nothing
  , exitCodeExpected = 0
  , testname = "test/cli\\scan-cache.test:5"
  , lineNumber = 29
  }
 ShellTest
  { command =
      ReplaceableCommand
        "findstr /C:\"size:\" test\\cli\\output\\work\\.bit\\cache\\file1.txt >nul"
  , stdin = ""
  , stdoutExpected = Nothing
  , stderrExpected = Nothing
  , exitCodeExpected = 0
  , testname = "test/cli\\scan-cache.test:6"
  , lineNumber = 34
  }
 ShellTest
  { command =
      ReplaceableCommand
        "findstr /C:\"hash:\" test\\cli\\output\\work\\.bit\\cache\\file1.txt >nul"
  , stdin = ""
  , stdoutExpected = Nothing
  , stderrExpected = Nothing
  , exitCodeExpected = 0
  , testname = "test/cli\\scan-cache.test:7"
  , lineNumber = 39
  }
 ShellTest
  { command =
      ReplaceableCommand
        "findstr /C:\"isText:\" test\\cli\\output\\work\\.bit\\cache\\file1.txt >nul"
  , stdin = ""
  , stdoutExpected = Nothing
  , stderrExpected = Nothing
  , exitCodeExpected = 0
  , testname = "test/cli\\scan-cache.test:8"
  , lineNumber = 44
  }
 ShellTest
  { command =
      ReplaceableCommand
        "cd test\\cli\\output\\work & findstr \"hash:\" .bit\\cache\\file1.txt"
  , stdin = ""
  , stdoutExpected = Just "/hash: md5:[a-f0-9]+/"
  , stderrExpected = Nothing
  , exitCodeExpected = 0
  , testname = "test/cli\\scan-cache.test:9"
  , lineNumber = 49
  }
 ShellTest
  { command =
      ReplaceableCommand "cd test\\cli\\output\\work & bit add ."
  , stdin = ""
  , stdoutExpected = Nothing
  , stderrExpected = Nothing
  , exitCodeExpected = 0
  , testname = "test/cli\\scan-cache.test:10"
  , lineNumber = 55
  }
 ShellTest
  { command =
      ReplaceableCommand
        "cd test\\cli\\output\\work & echo modified content> file1.txt"
  , stdin = ""
  , stdoutExpected = Nothing
  , stderrExpected = Nothing
  , exitCodeExpected = 0
  , testname = "test/cli\\scan-cache.test:11"
  , lineNumber = 60
  }
 ShellTest
  { command =
      ReplaceableCommand "cd test\\cli\\output\\work & bit add ."
  , stdin = ""
  , stdoutExpected = Nothing
  , stderrExpected = Nothing
  , exitCodeExpected = 0
  , testname = "test/cli\\scan-cache.test:12"
  , lineNumber = 65
  }
 ShellTest
  { command =
      ReplaceableCommand
        "cd test\\cli\\output\\work & findstr \"hash:\" .bit\\cache\\file1.txt"
  , stdin = ""
  , stdoutExpected = Just "/hash: md5:[a-f0-9]+/"
  , stderrExpected = Nothing
  , exitCodeExpected = 0
  , testname = "test/cli\\scan-cache.test:13"
  , lineNumber = 70
  }
 ShellTest
  { command =
      ReplaceableCommand
        "if exist \"test\\cli\\output\\work\\.bit\\cache\\file2.txt\" (echo file2 still cached) else (echo missing)"
  , stdin = ""
  , stdoutExpected = Just "file2 still cached\n"
  , stderrExpected = Nothing
  , exitCodeExpected = 0
  , testname = "test/cli\\scan-cache.test:14"
  , lineNumber = 76
  }
 ShellTest
  { command =
      ReplaceableCommand
        "cd test\\cli\\output\\work & mkdir subdir & echo subfile> subdir\\nested.txt & bit add ."
  , stdin = ""
  , stdoutExpected = Nothing
  , stderrExpected = Nothing
  , exitCodeExpected = 0
  , testname = "test/cli\\scan-cache.test:15"
  , lineNumber = 83
  }
 ShellTest
  { command =
      ReplaceableCommand
        "if exist \"test\\cli\\output\\work\\.bit\\cache\\subdir\\nested.txt\" (echo nested cached) else (echo missing)"
  , stdin = ""
  , stdoutExpected = Just "nested cached\n"
  , stderrExpected = Nothing
  , exitCodeExpected = 0
  , testname = "test/cli\\scan-cache.test:16"
  , lineNumber = 88
  }
 ShellTest
  { command =
      ReplaceableCommand "rmdir /s /q test\\cli\\output\\work 2>nul"
  , stdin = ""
  , stdoutExpected = Nothing
  , stderrExpected = Nothing
  , exitCodeExpected = 0
  , testname = "test/cli\\scan-cache.test:17"
  , lineNumber = 95
  }
parsed test/cli\skip-scan.test:
 ShellTest
  { command =
      ReplaceableCommand
        "timeout /t 1 >nul & rmdir /s /q test\\cli\\output\\work_skipscan 2>nul & echo cleanup done"
  , stdin = ""
  , stdoutExpected = Just "cleanup done\n"
  , stderrExpected = Nothing
  , exitCodeExpected = 0
  , testname = "test/cli\\skip-scan.test:1"
  , lineNumber = 13
  }
 ShellTest
  { command =
      ReplaceableCommand "mkdir test\\cli\\output\\work_skipscan"
  , stdin = ""
  , stdoutExpected = Just ""
  , stderrExpected = Nothing
  , exitCodeExpected = 0
  , testname = "test/cli\\skip-scan.test:2"
  , lineNumber = 24
  }
 ShellTest
  { command =
      ReplaceableCommand "cd test\\cli\\output\\work_skipscan & bit init"
  , stdin = ""
  , stdoutExpected = Just "/.*[Ii]nitialized.*/"
  , stderrExpected = Nothing
  , exitCodeExpected = 0
  , testname = "test/cli\\skip-scan.test:3"
  , lineNumber = 29
  }
 ShellTest
  { command =
      ReplaceableCommand
        "cd test\\cli\\output\\work_skipscan & echo file1> file1.txt & echo file2> file2.txt & echo file3> file3.txt & echo file4> file4.txt"
  , stdin = ""
  , stdoutExpected = Nothing
  , stderrExpected = Nothing
  , exitCodeExpected = 0
  , testname = "test/cli\\skip-scan.test:4"
  , lineNumber = 35
  }
 ShellTest
  { command =
      ReplaceableCommand
        "cd test\\cli\\output\\work_skipscan & bit add ."
  , stdin = ""
  , stdoutExpected = Nothing
  , stderrExpected = Nothing
  , exitCodeExpected = 0
  , testname = "test/cli\\skip-scan.test:5"
  , lineNumber = 39
  }
 ShellTest
  { command =
      ReplaceableCommand
        "cd test\\cli\\output\\work_skipscan & bit commit -m \"Initial commit\""
  , stdin = ""
  , stdoutExpected = Just "/.*\\[main.*\\].*/"
  , stderrExpected = Nothing
  , exitCodeExpected = 0
  , testname = "test/cli\\skip-scan.test:6"
  , lineNumber = 43
  }
 ShellTest
  { command =
      ReplaceableCommand
        "cd test\\cli\\output\\work_skipscan & bit log 2>&1 | findstr /C:\"Scanned\" >nul"
  , stdin = ""
  , stdoutExpected = Nothing
  , stderrExpected = Nothing
  , exitCodeExpected = 1
  , testname = "test/cli\\skip-scan.test:7"
  , lineNumber = 53
  }
 ShellTest
  { command =
      ReplaceableCommand "cd test\\cli\\output\\work_skipscan & bit log"
  , stdin = ""
  , stdoutExpected = Just "/Initial commit/"
  , stderrExpected = Nothing
  , exitCodeExpected = 0
  , testname = "test/cli\\skip-scan.test:8"
  , lineNumber = 58
  }
 ShellTest
  { command =
      ReplaceableCommand
        "cd test\\cli\\output\\work_skipscan & bit ls-files 2>&1 | findstr /C:\"Scanned\" >nul"
  , stdin = ""
  , stdoutExpected = Nothing
  , stderrExpected = Nothing
  , exitCodeExpected = 1
  , testname = "test/cli\\skip-scan.test:9"
  , lineNumber = 64
  }
 ShellTest
  { command =
      ReplaceableCommand
        "cd test\\cli\\output\\work_skipscan & bit ls-files"
  , stdin = ""
  , stdoutExpected = Just "/file1.txt/"
  , stderrExpected = Nothing
  , exitCodeExpected = 0
  , testname = "test/cli\\skip-scan.test:10"
  , lineNumber = 69
  }
 ShellTest
  { command =
      ReplaceableCommand
        "cd test\\cli\\output\\work_skipscan & bit ls-files --stage 2>&1 | findstr /C:\"Scanned\" >nul"
  , stdin = ""
  , stdoutExpected = Nothing
  , stderrExpected = Nothing
  , exitCodeExpected = 1
  , testname = "test/cli\\skip-scan.test:11"
  , lineNumber = 75
  }
 ShellTest
  { command =
      ReplaceableCommand
        "cd test\\cli\\output\\work_skipscan & bit remote show 2>&1 | findstr /C:\"Scanned\" >nul"
  , stdin = ""
  , stdoutExpected = Nothing
  , stderrExpected = Nothing
  , exitCodeExpected = 1
  , testname = "test/cli\\skip-scan.test:12"
  , lineNumber = 80
  }
 ShellTest
  { command =
      ReplaceableCommand
        "cd test\\cli\\output\\work_skipscan & bit remote show"
  , stdin = ""
  , stdoutExpected = Just "/No remotes? configured/"
  , stderrExpected = Nothing
  , exitCodeExpected = 0
  , testname = "test/cli\\skip-scan.test:13"
  , lineNumber = 85
  }
 ShellTest
  { command =
      ReplaceableCommand
        "cd test\\cli\\output\\work_skipscan & bit verify 2>&1 | findstr /C:\"Scanned\" >nul"
  , stdin = ""
  , stdoutExpected = Nothing
  , stderrExpected = Nothing
  , exitCodeExpected = 1
  , testname = "test/cli\\skip-scan.test:14"
  , lineNumber = 91
  }
 ShellTest
  { command =
      ReplaceableCommand
        "cd test\\cli\\output\\work_skipscan & bit fsck 2>&1 | findstr /C:\"Scanned\" >nul"
  , stdin = ""
  , stdoutExpected = Nothing
  , stderrExpected = Nothing
  , exitCodeExpected = 1
  , testname = "test/cli\\skip-scan.test:15"
  , lineNumber = 96
  }
 ShellTest
  { command =
      ReplaceableCommand
        "cd test\\cli\\output\\work_skipscan & echo newfile> newfile.txt & bit status"
  , stdin = ""
  , stdoutExpected = Just "/newfile.txt|nothing to commit/"
  , stderrExpected = Nothing
  , exitCodeExpected = 0
  , testname = "test/cli\\skip-scan.test:16"
  , lineNumber = 107
  }
 ShellTest
  { command =
      ReplaceableCommand
        "timeout /t 1 >nul & rmdir /s /q test\\cli\\output\\work_skipscan 2>nul & echo cleanup done"
  , stdin = ""
  , stdoutExpected = Just "cleanup done\n"
  , stderrExpected = Nothing
  , exitCodeExpected = 0
  , testname = "test/cli\\skip-scan.test:17"
  , lineNumber = 116
  }
parsed test/cli\status.test:
 ShellTest
  { command =
      ReplaceableCommand
        "rmdir /s /q test\\cli\\output\\work 2>nul & mkdir test\\cli\\output\\work & cd test\\cli\\output\\work & bit init & echo data> file.bin"
  , stdin = ""
  , stdoutExpected = Just "/.*[Ii]nitialized.*/"
  , stderrExpected = Nothing
  , exitCodeExpected = 0
  , testname = "test/cli\\status.test:1"
  , lineNumber = 2
  }
 ShellTest
  { command =
      ReplaceableCommand "cd test\\cli\\output\\work & bit status"
  , stdin = ""
  , stdoutExpected = Just "/file\\.bin/"
  , stderrExpected = Nothing
  , exitCodeExpected = 0
  , testname = "test/cli\\status.test:2"
  , lineNumber = 8
  }
parsed test/cli\unicode-remote.test:
 ShellTest
  { command =
      ReplaceableCommand
        "timeout /t 1 >nul & rmdir /s /q test\\cli\\output\\work_unicode_remote 2>nul & rmdir /s /q test\\cli\\output\\fs_unicode_remote 2>nul & echo cleanup done"
  , stdin = ""
  , stdoutExpected = Just "cleanup done\n"
  , stderrExpected = Nothing
  , exitCodeExpected = 0
  , testname = "test/cli\\unicode-remote.test:1"
  , lineNumber = 13
  }
 ShellTest
  { command =
      ReplaceableCommand "mkdir test\\cli\\output\\work_unicode_remote"
  , stdin = ""
  , stdoutExpected = Just ""
  , stderrExpected = Nothing
  , exitCodeExpected = 0
  , testname = "test/cli\\unicode-remote.test:2"
  , lineNumber = 23
  }
 ShellTest
  { command =
      ReplaceableCommand "mkdir test\\cli\\output\\fs_unicode_remote"
  , stdin = ""
  , stdoutExpected = Just ""
  , stderrExpected = Nothing
  , exitCodeExpected = 0
  , testname = "test/cli\\unicode-remote.test:3"
  , lineNumber = 28
  }
 ShellTest
  { command =
      ReplaceableCommand
        "cd test\\cli\\output\\work_unicode_remote & bit init"
  , stdin = ""
  , stdoutExpected = Just "/.*[Ii]nitialized.*/"
  , stderrExpected = Nothing
  , exitCodeExpected = 0
  , testname = "test/cli\\unicode-remote.test:4"
  , lineNumber = 33
  }
 ShellTest
  { command =
      ReplaceableCommand
        "cd test\\cli\\output\\work_unicode_remote & bit remote add origin ..\\fs_unicode_remote"
  , stdin = ""
  , stdoutExpected = Just "/Remote 'origin' added/"
  , stderrExpected = Nothing
  , exitCodeExpected = 0
  , testname = "test/cli\\unicode-remote.test:5"
  , lineNumber = 39
  }
 ShellTest
  { command =
      ReplaceableCommand
        "cd test\\cli\\output\\work_unicode_remote & echo \9579\8976\9579\163\9579\1509\9579\165 Hebrew content> test-hebrew.txt"
  , stdin = ""
  , stdoutExpected = Nothing
  , stderrExpected = Nothing
  , exitCodeExpected = 0
  , testname = "test/cli\\unicode-remote.test:6"
  , lineNumber = 51
  }
 ShellTest
  { command =
      ReplaceableCommand
        "cd test\\cli\\output\\work_unicode_remote & echo \931\9557\161\181\1510\1495 Chinese content> test-chinese.txt"
  , stdin = ""
  , stdoutExpected = Nothing
  , stderrExpected = Nothing
  , exitCodeExpected = 0
  , testname = "test/cli\\unicode-remote.test:7"
  , lineNumber = 55
  }
 ShellTest
  { command =
      ReplaceableCommand
        "cd test\\cli\\output\\work_unicode_remote & echo \8801\402\1512\1488 Emoji content> test-emoji.txt"
  , stdin = ""
  , stdoutExpected = Nothing
  , stderrExpected = Nothing
  , exitCodeExpected = 0
  , testname = "test/cli\\unicode-remote.test:8"
  , lineNumber = 59
  }
 ShellTest
  { command =
      ReplaceableCommand
        "cd test\\cli\\output\\work_unicode_remote & echo caf\9500\8976 \181\1511\209\181\163\188\934\172\8359 Mixed> test-mixed.txt"
  , stdin = ""
  , stdoutExpected = Nothing
  , stderrExpected = Nothing
  , exitCodeExpected = 0
  , testname = "test/cli\\unicode-remote.test:9"
  , lineNumber = 63
  }
 ShellTest
  { command =
      ReplaceableCommand
        "cd test\\cli\\output\\work_unicode_remote & bit add . & bit commit -m \"Add Unicode files\""
  , stdin = ""
  , stdoutExpected = Just "/\\[main|files? changed/"
  , stderrExpected = Nothing
  , exitCodeExpected = 0
  , testname = "test/cli\\unicode-remote.test:10"
  , lineNumber = 68
  }
 ShellTest
  { command =
      ReplaceableCommand
        "cd test\\cli\\output\\work_unicode_remote & bit push"
  , stdin = ""
  , stdoutExpected = Just "/Push complete/"
  , stderrExpected = Nothing
  , exitCodeExpected = 0
  , testname = "test/cli\\unicode-remote.test:11"
  , lineNumber = 76
  }
 ShellTest
  { command =
      ReplaceableCommand
        "if exist \"test\\cli\\output\\fs_unicode_remote\\test-hebrew.txt\" (echo hebrew exists) else (echo missing)"
  , stdin = ""
  , stdoutExpected = Just "hebrew exists\n"
  , stderrExpected = Nothing
  , exitCodeExpected = 0
  , testname = "test/cli\\unicode-remote.test:12"
  , lineNumber = 82
  }
 ShellTest
  { command =
      ReplaceableCommand
        "if exist \"test\\cli\\output\\fs_unicode_remote\\test-chinese.txt\" (echo chinese exists) else (echo missing)"
  , stdin = ""
  , stdoutExpected = Just "chinese exists\n"
  , stderrExpected = Nothing
  , exitCodeExpected = 0
  , testname = "test/cli\\unicode-remote.test:13"
  , lineNumber = 88
  }
 ShellTest
  { command =
      ReplaceableCommand
        "if exist \"test\\cli\\output\\fs_unicode_remote\\test-emoji.txt\" (echo emoji exists) else (echo missing)"
  , stdin = ""
  , stdoutExpected = Just "emoji exists\n"
  , stderrExpected = Nothing
  , exitCodeExpected = 0
  , testname = "test/cli\\unicode-remote.test:14"
  , lineNumber = 94
  }
 ShellTest
  { command =
      ReplaceableCommand
        "if exist \"test\\cli\\output\\fs_unicode_remote\\test-mixed.txt\" (echo mixed exists) else (echo missing)"
  , stdin = ""
  , stdoutExpected = Just "mixed exists\n"
  , stderrExpected = Nothing
  , exitCodeExpected = 0
  , testname = "test/cli\\unicode-remote.test:15"
  , lineNumber = 100
  }
 ShellTest
  { command =
      ReplaceableCommand "mkdir test\\cli\\output\\work_unicode_remote_b"
  , stdin = ""
  , stdoutExpected = Just ""
  , stderrExpected = Nothing
  , exitCodeExpected = 0
  , testname = "test/cli\\unicode-remote.test:16"
  , lineNumber = 111
  }
 ShellTest
  { command =
      ReplaceableCommand
        "cd test\\cli\\output\\work_unicode_remote_b & bit init"
  , stdin = ""
  , stdoutExpected = Just "/.*[Ii]nitialized.*/"
  , stderrExpected = Nothing
  , exitCodeExpected = 0
  , testname = "test/cli\\unicode-remote.test:17"
  , lineNumber = 116
  }
 ShellTest
  { command =
      ReplaceableCommand
        "cd test\\cli\\output\\work_unicode_remote_b & bit remote add origin ..\\fs_unicode_remote"
  , stdin = ""
  , stdoutExpected = Just "/Remote 'origin' added/"
  , stderrExpected = Nothing
  , exitCodeExpected = 0
  , testname = "test/cli\\unicode-remote.test:18"
  , lineNumber = 121
  }
 ShellTest
  { command =
      ReplaceableCommand
        "cd test\\cli\\output\\work_unicode_remote_b & bit pull"
  , stdin = ""
  , stdoutExpected = Just "/Pull|Updating/"
  , stderrExpected = Nothing
  , exitCodeExpected = 0
  , testname = "test/cli\\unicode-remote.test:19"
  , lineNumber = 128
  }
 ShellTest
  { command =
      ReplaceableCommand
        "if exist \"test\\cli\\output\\work_unicode_remote_b\\test-hebrew.txt\" (echo hebrew pulled) else (echo missing)"
  , stdin = ""
  , stdoutExpected = Just "hebrew pulled\n"
  , stderrExpected = Nothing
  , exitCodeExpected = 0
  , testname = "test/cli\\unicode-remote.test:20"
  , lineNumber = 134
  }
 ShellTest
  { command =
      ReplaceableCommand
        "if exist \"test\\cli\\output\\work_unicode_remote_b\\test-chinese.txt\" (echo chinese pulled) else (echo missing)"
  , stdin = ""
  , stdoutExpected = Just "chinese pulled\n"
  , stderrExpected = Nothing
  , exitCodeExpected = 0
  , testname = "test/cli\\unicode-remote.test:21"
  , lineNumber = 140
  }
 ShellTest
  { command =
      ReplaceableCommand
        "timeout /t 1 >nul & rmdir /s /q test\\cli\\output\\work_unicode_remote 2>nul & rmdir /s /q test\\cli\\output\\work_unicode_remote_b 2>nul & rmdir /s /q test\\cli\\output\\fs_unicode_remote 2>nul & echo cleanup done"
  , stdin = ""
  , stdoutExpected = Just "cleanup done\n"
  , stderrExpected = Nothing
  , exitCodeExpected = 0
  , testname = "test/cli\\unicode-remote.test:22"
  , lineNumber = 150
  }
parsed test/cli\unicode.test:
 ShellTest
  { command =
      ReplaceableCommand
        "rmdir /s /q test\\cli\\output\\work 2>nul & mkdir test\\cli\\output\\work & cd test\\cli\\output\\work & bit init"
  , stdin = ""
  , stdoutExpected = Just "/.*[Ii]nitialized.*/"
  , stderrExpected = Nothing
  , exitCodeExpected = 0
  , testname = "test/cli\\unicode.test:1"
  , lineNumber = 12
  }
 ShellTest
  { command =
      ReplaceableCommand
        "cd test\\cli\\output\\work & git -C .bit\\index config --get core.quotePath"
  , stdin = ""
  , stdoutExpected = Just "false\n"
  , stderrExpected = Nothing
  , exitCodeExpected = 0
  , testname = "test/cli\\unicode.test:2"
  , lineNumber = 19
  }
 ShellTest
  { command =
      ReplaceableCommand
        "cd test\\cli\\output\\work & echo test content> test-hebrew.txt"
  , stdin = ""
  , stdoutExpected = Nothing
  , stderrExpected = Nothing
  , exitCodeExpected = 0
  , testname = "test/cli\\unicode.test:3"
  , lineNumber = 27
  }
 ShellTest
  { command =
      ReplaceableCommand
        "cd test\\cli\\output\\work & bit add test-hebrew.txt"
  , stdin = ""
  , stdoutExpected = Nothing
  , stderrExpected = Nothing
  , exitCodeExpected = 0
  , testname = "test/cli\\unicode.test:4"
  , lineNumber = 32
  }
 ShellTest
  { command =
      ReplaceableCommand
        "cd test\\cli\\output\\work & git -C .bit\\index ls-files"
  , stdin = ""
  , stdoutExpected = Just "/test-hebrew.txt/"
  , stderrExpected = Nothing
  , exitCodeExpected = 0
  , testname = "test/cli\\unicode.test:5"
  , lineNumber = 37
  }
 ShellTest
  { command =
      ReplaceableCommand
        "cd test\\cli\\output\\work & bit commit -m \"Add test file\""
  , stdin = ""
  , stdoutExpected = Just "/\\[main|file/"
  , stderrExpected = Nothing
  , exitCodeExpected = 0
  , testname = "test/cli\\unicode.test:6"
  , lineNumber = 43
  }
 ShellTest
  { command =
      ReplaceableCommand "cd test\\cli\\output\\work & bit status"
  , stdin = ""
  , stdoutExpected = Just "/nothing to commit|working tree clean/"
  , stderrExpected = Nothing
  , exitCodeExpected = 0
  , testname = "test/cli\\unicode.test:7"
  , lineNumber = 49
  }
 ShellTest
  { command =
      ReplaceableCommand
        "cd test\\cli\\output\\work & echo mixed> test-mixed.txt"
  , stdin = ""
  , stdoutExpected = Nothing
  , stderrExpected = Nothing
  , exitCodeExpected = 0
  , testname = "test/cli\\unicode.test:8"
  , lineNumber = 55
  }
 ShellTest
  { command =
      ReplaceableCommand
        "cd test\\cli\\output\\work & bit add test-mixed.txt & bit commit -m \"Mixed Unicode\""
  , stdin = ""
  , stdoutExpected = Just "/\\[main|file/"
  , stderrExpected = Nothing
  , exitCodeExpected = 0
  , testname = "test/cli\\unicode.test:9"
  , lineNumber = 60
  }
 ShellTest
  { command =
      ReplaceableCommand
        "cd test\\cli\\output\\work & git -C .bit\\index log --oneline"
  , stdin = ""
  , stdoutExpected = Just "/Mixed Unicode/"
  , stderrExpected = Nothing
  , exitCodeExpected = 0
  , testname = "test/cli\\unicode.test:10"
  , lineNumber = 66
  }
parsed test/cli\upstream-tracking.test:
 ShellTest
  { command =
      ReplaceableCommand
        "timeout /t 1 >nul & rmdir /s /q test\\cli\\output\\upstream-local 2>nul & rmdir /s /q test\\cli\\output\\upstream-local2 2>nul & rmdir /s /q test\\cli\\output\\upstream-local3 2>nul & rmdir /s /q test\\cli\\output\\upstream-local4 2>nul & rmdir /s /q test\\cli\\output\\upstream-remote 2>nul & rmdir /s /q test\\cli\\output\\upstream-remote3 2>nul & rmdir /s /q test\\cli\\output\\upstream-remote4 2>nul & echo cleanup done"
  , stdin = ""
  , stdoutExpected = Just "cleanup done\n"
  , stderrExpected = Nothing
  , exitCodeExpected = 0
  , testname = "test/cli\\upstream-tracking.test:1"
  , lineNumber = 12
  }
 ShellTest
  { command =
      ReplaceableCommand
        "rmdir /s /q test\\cli\\output\\upstream-local 2>nul & mkdir test\\cli\\output\\upstream-local & cd test\\cli\\output\\upstream-local & bit init"
  , stdin = ""
  , stdoutExpected = Just "/.*[Ii]nitialized.*/"
  , stderrExpected = Nothing
  , exitCodeExpected = 0
  , testname = "test/cli\\upstream-tracking.test:2"
  , lineNumber = 23
  }
 ShellTest
  { command =
      ReplaceableCommand
        "rmdir /s /q test\\cli\\output\\upstream-remote 2>nul & mkdir test\\cli\\output\\upstream-remote & cd test\\cli\\output\\upstream-remote & bit init"
  , stdin = ""
  , stdoutExpected = Just "/.*[Ii]nitialized.*/"
  , stderrExpected = Nothing
  , exitCodeExpected = 0
  , testname = "test/cli\\upstream-tracking.test:3"
  , lineNumber = 29
  }
 ShellTest
  { command =
      ReplaceableCommand
        "cd test\\cli\\output\\upstream-local & bit remote add origin ..\\upstream-remote"
  , stdin = ""
  , stdoutExpected = Just "/Remote 'origin' added/"
  , stderrExpected = Nothing
  , exitCodeExpected = 0
  , testname = "test/cli\\upstream-tracking.test:4"
  , lineNumber = 35
  }
 ShellTest
  { command =
      ReplaceableCommand
        "cd test\\cli\\output\\upstream-local & git -C .bit\\index config --get branch.main.remote 2>nul"
  , stdin = ""
  , stdoutExpected = Just ""
  , stderrExpected = Nothing
  , exitCodeExpected = 1
  , testname = "test/cli\\upstream-tracking.test:5"
  , lineNumber = 41
  }
 ShellTest
  { command =
      ReplaceableCommand
        "cd test\\cli\\output\\upstream-local & echo hello> test.txt & bit add test.txt & bit commit -m \"Initial commit\""
  , stdin = ""
  , stdoutExpected = Just "/\\[master|main|files? changed/"
  , stderrExpected = Nothing
  , exitCodeExpected = 0
  , testname = "test/cli\\upstream-tracking.test:6"
  , lineNumber = 47
  }
 ShellTest
  { command =
      ReplaceableCommand
        "cd test\\cli\\output\\upstream-local & bit push"
  , stdin = ""
  , stdoutExpected = Just "/Push complete/"
  , stderrExpected = Nothing
  , exitCodeExpected = 0
  , testname = "test/cli\\upstream-tracking.test:7"
  , lineNumber = 53
  }
 ShellTest
  { command =
      ReplaceableCommand
        "cd test\\cli\\output\\upstream-local & bit push origin"
  , stdin = ""
  , stdoutExpected = Just "/Push complete/"
  , stderrExpected = Nothing
  , exitCodeExpected = 0
  , testname = "test/cli\\upstream-tracking.test:8"
  , lineNumber = 59
  }
 ShellTest
  { command =
      ReplaceableCommand
        "cd test\\cli\\output\\upstream-local & git -C .bit\\index config --get branch.main.remote 2>nul"
  , stdin = ""
  , stdoutExpected = Just ""
  , stderrExpected = Nothing
  , exitCodeExpected = 1
  , testname = "test/cli\\upstream-tracking.test:9"
  , lineNumber = 65
  }
 ShellTest
  { command =
      ReplaceableCommand
        "cd test\\cli\\output\\upstream-local & echo world> test2.txt & bit add test2.txt & bit commit -m \"Second commit\""
  , stdin = ""
  , stdoutExpected = Just "/\\[master|main|files? changed/"
  , stderrExpected = Nothing
  , exitCodeExpected = 0
  , testname = "test/cli\\upstream-tracking.test:10"
  , lineNumber = 71
  }
 ShellTest
  { command =
      ReplaceableCommand
        "cd test\\cli\\output\\upstream-local & bit push -u origin"
  , stdin = ""
  , stdoutExpected =
      Just "/branch 'main' set up to track 'origin\\/main'/"
  , stderrExpected = Nothing
  , exitCodeExpected = 0
  , testname = "test/cli\\upstream-tracking.test:11"
  , lineNumber = 77
  }
 ShellTest
  { command =
      ReplaceableCommand
        "cd test\\cli\\output\\upstream-local & git -C .bit\\index config --get branch.main.remote"
  , stdin = ""
  , stdoutExpected = Just "origin\n"
  , stderrExpected = Nothing
  , exitCodeExpected = 0
  , testname = "test/cli\\upstream-tracking.test:12"
  , lineNumber = 83
  }
 ShellTest
  { command =
      ReplaceableCommand
        "cd test\\cli\\output\\upstream-local & echo more> test3.txt & bit add test3.txt & bit commit -m \"Third commit\""
  , stdin = ""
  , stdoutExpected = Just "/\\[master|main|files? changed/"
  , stderrExpected = Nothing
  , exitCodeExpected = 0
  , testname = "test/cli\\upstream-tracking.test:13"
  , lineNumber = 90
  }
 ShellTest
  { command =
      ReplaceableCommand
        "cd test\\cli\\output\\upstream-local & bit push"
  , stdin = ""
  , stdoutExpected = Just "/Push complete/"
  , stderrExpected = Nothing
  , exitCodeExpected = 0
  , testname = "test/cli\\upstream-tracking.test:14"
  , lineNumber = 95
  }
 ShellTest
  { command =
      ReplaceableCommand
        "rmdir /s /q test\\cli\\output\\upstream-local2 2>nul & mkdir test\\cli\\output\\upstream-local2 & cd test\\cli\\output\\upstream-local2 & bit init"
  , stdin = ""
  , stdoutExpected = Just "/.*[Ii]nitialized.*/"
  , stderrExpected = Nothing
  , exitCodeExpected = 0
  , testname = "test/cli\\upstream-tracking.test:15"
  , lineNumber = 101
  }
 ShellTest
  { command =
      ReplaceableCommand
        "cd test\\cli\\output\\upstream-local2 & bit remote add origin ..\\upstream-remote"
  , stdin = ""
  , stdoutExpected = Just "/Remote 'origin' added/"
  , stderrExpected = Nothing
  , exitCodeExpected = 0
  , testname = "test/cli\\upstream-tracking.test:16"
  , lineNumber = 106
  }
 ShellTest
  { command =
      ReplaceableCommand
        "cd test\\cli\\output\\upstream-local2 & bit fetch origin 2>&1"
  , stdin = ""
  , stdoutExpected = Just "/From origin/"
  , stderrExpected = Nothing
  , exitCodeExpected = 0
  , testname = "test/cli\\upstream-tracking.test:17"
  , lineNumber = 112
  }
 ShellTest
  { command =
      ReplaceableCommand
        "cd test\\cli\\output\\upstream-local2 & git -C .bit\\index config --get branch.main.remote 2>nul"
  , stdin = ""
  , stdoutExpected = Just ""
  , stderrExpected = Nothing
  , exitCodeExpected = 1
  , testname = "test/cli\\upstream-tracking.test:18"
  , lineNumber = 118
  }
 ShellTest
  { command =
      ReplaceableCommand
        "cd test\\cli\\output\\upstream-local2 & bit pull origin"
  , stdin = ""
  , stdoutExpected = Just "/Pull complete|Syncing binaries/"
  , stderrExpected = Nothing
  , exitCodeExpected = 0
  , testname = "test/cli\\upstream-tracking.test:19"
  , lineNumber = 124
  }
 ShellTest
  { command =
      ReplaceableCommand
        "cd test\\cli\\output\\upstream-local2 & git -C .bit\\index config --get branch.main.remote 2>nul"
  , stdin = ""
  , stdoutExpected = Just ""
  , stderrExpected = Nothing
  , exitCodeExpected = 1
  , testname = "test/cli\\upstream-tracking.test:20"
  , lineNumber = 130
  }
 ShellTest
  { command =
      ReplaceableCommand
        "rmdir /s /q test\\cli\\output\\upstream-local3 2>nul & mkdir test\\cli\\output\\upstream-local3 & cd test\\cli\\output\\upstream-local3 & bit init"
  , stdin = ""
  , stdoutExpected = Just "/.*[Ii]nitialized.*/"
  , stderrExpected = Nothing
  , exitCodeExpected = 0
  , testname = "test/cli\\upstream-tracking.test:21"
  , lineNumber = 136
  }
 ShellTest
  { command =
      ReplaceableCommand
        "rmdir /s /q test\\cli\\output\\upstream-remote3 2>nul & mkdir test\\cli\\output\\upstream-remote3 & cd test\\cli\\output\\upstream-remote3 & bit init"
  , stdin = ""
  , stdoutExpected = Just "/.*[Ii]nitialized.*/"
  , stderrExpected = Nothing
  , exitCodeExpected = 0
  , testname = "test/cli\\upstream-tracking.test:22"
  , lineNumber = 142
  }
 ShellTest
  { command =
      ReplaceableCommand
        "cd test\\cli\\output\\upstream-local3 & bit remote add myremote ..\\upstream-remote3"
  , stdin = ""
  , stdoutExpected = Just "/Remote 'myremote' added/"
  , stderrExpected = Nothing
  , exitCodeExpected = 0
  , testname = "test/cli\\upstream-tracking.test:23"
  , lineNumber = 147
  }
 ShellTest
  { command =
      ReplaceableCommand
        "cd test\\cli\\output\\upstream-local3 & echo test> file.txt & bit add file.txt & bit commit -m \"Test commit\""
  , stdin = ""
  , stdoutExpected = Just "/\\[master|main|files? changed/"
  , stderrExpected = Nothing
  , exitCodeExpected = 0
  , testname = "test/cli\\upstream-tracking.test:24"
  , lineNumber = 152
  }
 ShellTest
  { command =
      ReplaceableCommand
        "cd test\\cli\\output\\upstream-local3 & bit push --set-upstream myremote"
  , stdin = ""
  , stdoutExpected =
      Just "/branch 'main' set up to track 'myremote\\/main'/"
  , stderrExpected = Nothing
  , exitCodeExpected = 0
  , testname = "test/cli\\upstream-tracking.test:25"
  , lineNumber = 157
  }
 ShellTest
  { command =
      ReplaceableCommand
        "cd test\\cli\\output\\upstream-local3 & git -C .bit\\index config --get branch.main.remote"
  , stdin = ""
  , stdoutExpected = Just "myremote\n"
  , stderrExpected = Nothing
  , exitCodeExpected = 0
  , testname = "test/cli\\upstream-tracking.test:26"
  , lineNumber = 163
  }
 ShellTest
  { command =
      ReplaceableCommand
        "rmdir /s /q test\\cli\\output\\upstream-local4 2>nul & mkdir test\\cli\\output\\upstream-local4 & cd test\\cli\\output\\upstream-local4 & bit init"
  , stdin = ""
  , stdoutExpected = Just "/.*[Ii]nitialized.*/"
  , stderrExpected = Nothing
  , exitCodeExpected = 0
  , testname = "test/cli\\upstream-tracking.test:27"
  , lineNumber = 170
  }
 ShellTest
  { command =
      ReplaceableCommand
        "rmdir /s /q test\\cli\\output\\upstream-remote4 2>nul & mkdir test\\cli\\output\\upstream-remote4 & cd test\\cli\\output\\upstream-remote4 & bit init"
  , stdin = ""
  , stdoutExpected = Just "/.*[Ii]nitialized.*/"
  , stderrExpected = Nothing
  , exitCodeExpected = 0
  , testname = "test/cli\\upstream-tracking.test:28"
  , lineNumber = 176
  }
 ShellTest
  { command =
      ReplaceableCommand
        "cd test\\cli\\output\\upstream-local4 & bit remote add foo ..\\upstream-remote4"
  , stdin = ""
  , stdoutExpected = Just "/Remote 'foo' added/"
  , stderrExpected = Nothing
  , exitCodeExpected = 0
  , testname = "test/cli\\upstream-tracking.test:29"
  , lineNumber = 181
  }
 ShellTest
  { command =
      ReplaceableCommand
        "cd test\\cli\\output\\upstream-local4 & echo test> file.txt & bit add file.txt & bit commit -m \"Test\""
  , stdin = ""
  , stdoutExpected = Just "/\\[master|main|files? changed/"
  , stderrExpected = Nothing
  , exitCodeExpected = 0
  , testname = "test/cli\\upstream-tracking.test:30"
  , lineNumber = 186
  }
 ShellTest
  { command =
      ReplaceableCommand
        "cd test\\cli\\output\\upstream-local4 & bit push 2>&1"
  , stdin = ""
  , stdoutExpected = Just "/fatal: No upstream configured/"
  , stderrExpected = Nothing
  , exitCodeExpected = 1
  , testname = "test/cli\\upstream-tracking.test:31"
  , lineNumber = 191
  }
 ShellTest
  { command =
      ReplaceableCommand
        "cd test\\cli\\output\\upstream-local4 & bit push 2>&1"
  , stdin = ""
  , stdoutExpected = Just "/hint: bit push <remote>/"
  , stderrExpected = Nothing
  , exitCodeExpected = 1
  , testname = "test/cli\\upstream-tracking.test:32"
  , lineNumber = 196
  }
 ShellTest
  { command =
      ReplaceableCommand
        "cd test\\cli\\output\\upstream-local4 & bit push 2>&1"
  , stdin = ""
  , stdoutExpected = Just "/hint: bit push -u <remote>/"
  , stderrExpected = Nothing
  , exitCodeExpected = 1
  , testname = "test/cli\\upstream-tracking.test:33"
  , lineNumber = 201
  }
 ShellTest
  { command =
      ReplaceableCommand
        "timeout /t 1 >nul & rmdir /s /q test\\cli\\output\\upstream-local 2>nul & rmdir /s /q test\\cli\\output\\upstream-local2 2>nul & rmdir /s /q test\\cli\\output\\upstream-local3 2>nul & rmdir /s /q test\\cli\\output\\upstream-local4 2>nul & rmdir /s /q test\\cli\\output\\upstream-remote 2>nul & rmdir /s /q test\\cli\\output\\upstream-remote3 2>nul & rmdir /s /q test\\cli\\output\\upstream-remote4 2>nul & echo cleanup done"
  , stdin = ""
  , stdoutExpected = Just "cleanup done\n"
  , stderrExpected = Nothing
  , exitCodeExpected = 0
  , testname = "test/cli\\upstream-tracking.test:34"
  , lineNumber = 210
  }
parsed test/cli\verify-progress.test:
 ShellTest
  { command =
      ReplaceableCommand
        "timeout /t 1 >nul & rmdir /s /q test\\cli\\output\\work_verify_progress 2>nul & echo cleanup done"
  , stdin = ""
  , stdoutExpected = Just "cleanup done\n"
  , stderrExpected = Nothing
  , exitCodeExpected = 0
  , testname = "test/cli\\verify-progress.test:1"
  , lineNumber = 10
  }
 ShellTest
  { command =
      ReplaceableCommand "mkdir test\\cli\\output\\work_verify_progress"
  , stdin = ""
  , stdoutExpected = Just ""
  , stderrExpected = Nothing
  , exitCodeExpected = 0
  , testname = "test/cli\\verify-progress.test:2"
  , lineNumber = 20
  }
 ShellTest
  { command =
      ReplaceableCommand
        "cd test\\cli\\output\\work_verify_progress & bit init"
  , stdin = ""
  , stdoutExpected = Just "/.*[Ii]nitialized.*/"
  , stderrExpected = Nothing
  , exitCodeExpected = 0
  , testname = "test/cli\\verify-progress.test:3"
  , lineNumber = 26
  }
 ShellTest
  { command =
      ReplaceableCommand
        "cd test\\cli\\output\\work_verify_progress & bit verify"
  , stdin = ""
  , stdoutExpected =
      Just "/\\[OK\\] All 0 files match|All.*files match/"
  , stderrExpected = Nothing
  , exitCodeExpected = 0
  , testname = "test/cli\\verify-progress.test:4"
  , lineNumber = 35
  }
 ShellTest
  { command =
      ReplaceableCommand
        "cd test\\cli\\output\\work_verify_progress & echo file1> f1.txt & echo file2> f2.txt & echo file3> f3.txt & echo file4> f4.txt & echo file5> f5.txt & echo file6> f6.txt & bit add . & bit commit -m \"Add files\""
  , stdin = ""
  , stdoutExpected = Just "/\\[main|files? changed/"
  , stderrExpected = Nothing
  , exitCodeExpected = 0
  , testname = "test/cli\\verify-progress.test:5"
  , lineNumber = 45
  }
 ShellTest
  { command =
      ReplaceableCommand
        "cd test\\cli\\output\\work_verify_progress & bit verify"
  , stdin = ""
  , stdoutExpected = Just "/\\[OK\\] All.*files match/"
  , stderrExpected = Nothing
  , exitCodeExpected = 0
  , testname = "test/cli\\verify-progress.test:6"
  , lineNumber = 51
  }
 ShellTest
  { command =
      ReplaceableCommand
        "cd test\\cli\\output\\work_verify_progress & echo corrupted> f1.txt"
  , stdin = ""
  , stdoutExpected = Just ""
  , stderrExpected = Nothing
  , exitCodeExpected = 0
  , testname = "test/cli\\verify-progress.test:7"
  , lineNumber = 61
  }
 ShellTest
  { command =
      ReplaceableCommand
        "cd test\\cli\\output\\work_verify_progress & bit verify"
  , stdin = ""
  , stdoutExpected =
      Just "/Checked.*files.*issues found|hash mismatch/"
  , stderrExpected = Nothing
  , exitCodeExpected = 0
  , testname = "test/cli\\verify-progress.test:8"
  , lineNumber = 67
  }
 ShellTest
  { command =
      ReplaceableCommand
        "cd test\\cli\\output\\work_verify_progress & echo file1> f1.txt & del f2.txt"
  , stdin = ""
  , stdoutExpected = Just ""
  , stderrExpected = Nothing
  , exitCodeExpected = 0
  , testname = "test/cli\\verify-progress.test:9"
  , lineNumber = 77
  }
 ShellTest
  { command =
      ReplaceableCommand
        "cd test\\cli\\output\\work_verify_progress & bit verify"
  , stdin = ""
  , stdoutExpected = Just "/Checked.*files.*issues found|Missing/"
  , stderrExpected = Nothing
  , exitCodeExpected = 0
  , testname = "test/cli\\verify-progress.test:10"
  , lineNumber = 83
  }
 ShellTest
  { command =
      ReplaceableCommand
        "cd test\\cli\\output\\work_verify_progress & echo file2> f2.txt"
  , stdin = ""
  , stdoutExpected = Just ""
  , stderrExpected = Nothing
  , exitCodeExpected = 0
  , testname = "test/cli\\verify-progress.test:11"
  , lineNumber = 93
  }
 ShellTest
  { command =
      ReplaceableCommand
        "cd test\\cli\\output\\work_verify_progress & bit fsck"
  , stdin = ""
  , stdoutExpected = Nothing
  , stderrExpected = Nothing
  , exitCodeExpected = 0
  , testname = "test/cli\\verify-progress.test:12"
  , lineNumber = 99
  }
 ShellTest
  { command =
      ReplaceableCommand
        "timeout /t 1 >nul & rmdir /s /q test\\cli\\output\\work_verify_progress 2>nul & echo cleanup done"
  , stdin = ""
  , stdoutExpected = Just "cleanup done\n"
  , stderrExpected = Nothing
  , exitCodeExpected = 0
  , testname = "test/cli\\verify-progress.test:13"
  , lineNumber = 107
  }
parsed test/cli\verify-remote.test:
 ShellTest
  { command =
      ReplaceableCommand
        "timeout /t 1 >nul & rmdir /s /q test\\cli\\output\\work_vr 2>nul & rmdir /s /q test\\cli\\output\\remote_vr 2>nul & echo cleanup done"
  , stdin = ""
  , stdoutExpected = Just "cleanup done\n"
  , stderrExpected = Nothing
  , exitCodeExpected = 0
  , testname = "test/cli\\verify-remote.test:1"
  , lineNumber = 6
  }
 ShellTest
  { command =
      ReplaceableCommand
        "mkdir test\\cli\\output\\work_vr & mkdir test\\cli\\output\\remote_vr & cd test\\cli\\output\\work_vr & bit init"
  , stdin = ""
  , stdoutExpected = Just "/.*[Ii]nitialized.*/"
  , stderrExpected = Nothing
  , exitCodeExpected = 0
  , testname = "test/cli\\verify-remote.test:2"
  , lineNumber = 16
  }
 ShellTest
  { command =
      ReplaceableCommand
        "cd test\\cli\\output\\work_vr & bit remote add origin ..\\remote_vr"
  , stdin = ""
  , stdoutExpected = Just "/Remote.*added/"
  , stderrExpected = Nothing
  , exitCodeExpected = 0
  , testname = "test/cli\\verify-remote.test:3"
  , lineNumber = 21
  }
 ShellTest
  { command =
      ReplaceableCommand
        "cd test\\cli\\output\\work_vr & echo hello> greet.txt & echo binarydata> data.bin & bit add greet.txt data.bin & bit commit -m \"Add files\""
  , stdin = ""
  , stdoutExpected = Just "/\\[main|files? changed/"
  , stderrExpected = Nothing
  , exitCodeExpected = 0
  , testname = "test/cli\\verify-remote.test:4"
  , lineNumber = 26
  }
 ShellTest
  { command =
      ReplaceableCommand "cd test\\cli\\output\\work_vr & bit push"
  , stdin = ""
  , stdoutExpected = Just "/Push complete/"
  , stderrExpected = Nothing
  , exitCodeExpected = 0
  , testname = "test/cli\\verify-remote.test:5"
  , lineNumber = 31
  }
 ShellTest
  { command =
      ReplaceableCommand
        "cd test\\cli\\output\\work_vr & bit verify --remote"
  , stdin = ""
  , stdoutExpected =
      Just "/\\[OK\\] All [0-9]+ files match metadata/"
  , stderrExpected = Nothing
  , exitCodeExpected = 0
  , testname = "test/cli\\verify-remote.test:6"
  , lineNumber = 40
  }
 ShellTest
  { command =
      ReplaceableCommand
        "cd test\\cli\\output\\remote_vr & echo corrupted> data.bin"
  , stdin = ""
  , stdoutExpected = Just ""
  , stderrExpected = Nothing
  , exitCodeExpected = 0
  , testname = "test/cli\\verify-remote.test:7"
  , lineNumber = 49
  }
 ShellTest
  { command =
      ReplaceableCommand
        "cd test\\cli\\output\\work_vr & bit verify --remote"
  , stdin = ""
  , stdoutExpected = Nothing
  , stderrExpected = Just "/\\[ERROR\\] Hash mismatch.*data\\.bin/"
  , exitCodeExpected = 0
  , testname = "test/cli\\verify-remote.test:8"
  , lineNumber = 54
  }
 ShellTest
  { command =
      ReplaceableCommand
        "cd test\\cli\\output\\remote_vr & del greet.txt"
  , stdin = ""
  , stdoutExpected = Just ""
  , stderrExpected = Nothing
  , exitCodeExpected = 0
  , testname = "test/cli\\verify-remote.test:9"
  , lineNumber = 63
  }
 ShellTest
  { command =
      ReplaceableCommand
        "cd test\\cli\\output\\work_vr & bit verify --remote"
  , stdin = ""
  , stdoutExpected = Nothing
  , stderrExpected = Just "/\\[ERROR\\] Missing.*greet\\.txt/"
  , exitCodeExpected = 0
  , testname = "test/cli\\verify-remote.test:10"
  , lineNumber = 68
  }
 ShellTest
  { command =
      ReplaceableCommand
        "timeout /t 1 >nul & rmdir /s /q test\\cli\\output\\work_vr 2>nul & rmdir /s /q test\\cli\\output\\remote_vr 2>nul & echo cleanup done"
  , stdin = ""
  , stdoutExpected = Just "cleanup done\n"
  , stderrExpected = Nothing
  , exitCodeExpected = 0
  , testname = "test/cli\\verify-remote.test:11"
  , lineNumber = 74
  }
parsed test/cli\verify.test:
 ShellTest
  { command =
      ReplaceableCommand
        "rmdir /s /q test\\cli\\output\\work_verify 2>nul & mkdir test\\cli\\output\\work_verify & cd test\\cli\\output\\work_verify & bit init"
  , stdin = ""
  , stdoutExpected = Just "/.*[Ii]nitialized.*/"
  , stderrExpected = Nothing
  , exitCodeExpected = 0
  , testname = "test/cli\\verify.test:1"
  , lineNumber = 4
  }
 ShellTest
  { command =
      ReplaceableCommand "cd test\\cli\\output\\work_verify & bit verify"
  , stdin = ""
  , stdoutExpected = Just "/All.*0.*files match/"
  , stderrExpected = Nothing
  , exitCodeExpected = 0
  , testname = "test/cli\\verify.test:2"
  , lineNumber = 9
  }
 ShellTest
  { command =
      ReplaceableCommand
        "rmdir /s /q test\\cli\\output\\work_verify 2>nul & mkdir test\\cli\\output\\work_verify & cd test\\cli\\output\\work_verify & bit init & echo hello> a.txt & bit add a.txt & bit commit -m \"Add a\""
  , stdin = ""
  , stdoutExpected = Just "/.*[Ii]nitialized.*/"
  , stderrExpected = Nothing
  , exitCodeExpected = 0
  , testname = "test/cli\\verify.test:3"
  , lineNumber = 15
  }
 ShellTest
  { command =
      ReplaceableCommand "cd test\\cli\\output\\work_verify & bit verify"
  , stdin = ""
  , stdoutExpected = Just "/All.*files match/"
  , stderrExpected = Nothing
  , exitCodeExpected = 0
  , testname = "test/cli\\verify.test:4"
  , lineNumber = 20
  }
 ShellTest
  { command =
      ReplaceableCommand
        "rmdir /s /q test\\cli\\output\\work_verify 2>nul & mkdir test\\cli\\output\\work_verify & cd test\\cli\\output\\work_verify & bit init & echo original> file.bin & bit add file.bin & bit commit -m \"Add file\""
  , stdin = ""
  , stdoutExpected = Just "/.*[Ii]nitialized.*/"
  , stderrExpected = Nothing
  , exitCodeExpected = 0
  , testname = "test/cli\\verify.test:5"
  , lineNumber = 26
  }
 ShellTest
  { command =
      ReplaceableCommand
        "cd test\\cli\\output\\work_verify & echo corrupted> file.bin"
  , stdin = ""
  , stdoutExpected = Just ""
  , stderrExpected = Nothing
  , exitCodeExpected = 0
  , testname = "test/cli\\verify.test:6"
  , lineNumber = 31
  }
 ShellTest
  { command =
      ReplaceableCommand "cd test\\cli\\output\\work_verify & bit verify"
  , stdin = ""
  , stdoutExpected = Just "/issues found|hash mismatch|file\\.bin/"
  , stderrExpected = Nothing
  , exitCodeExpected = 0
  , testname = "test/cli\\verify.test:7"
  , lineNumber = 36
  }
 ShellTest
  { command =
      ReplaceableCommand "cd test\\cli\\output\\work_verify & bit status"
  , stdin = ""
  , stdoutExpected = Nothing
  , stderrExpected = Nothing
  , exitCodeExpected = 0
  , testname = "test/cli\\verify.test:8"
  , lineNumber = 42
  }
 ShellTest
  { command =
      ReplaceableCommand "cd test\\cli\\output\\work_verify & bit verify"
  , stdin = ""
  , stdoutExpected = Just "/issues found|hash mismatch|file\\.bin/"
  , stderrExpected = Nothing
  , exitCodeExpected = 0
  , testname = "test/cli\\verify.test:9"
  , lineNumber = 46
  }
 ShellTest
  { command =
      ReplaceableCommand
        "rmdir /s /q test\\cli\\output\\work_verify 2>nul & mkdir test\\cli\\output\\work_verify & cd test\\cli\\output\\work_verify & bit init & echo x> missing.txt & bit add missing.txt & bit commit -m \"Add missing\""
  , stdin = ""
  , stdoutExpected = Just "/.*[Ii]nitialized.*/"
  , stderrExpected = Nothing
  , exitCodeExpected = 0
  , testname = "test/cli\\verify.test:10"
  , lineNumber = 52
  }
 ShellTest
  { command =
      ReplaceableCommand
        "del test\\cli\\output\\work_verify\\missing.txt"
  , stdin = ""
  , stdoutExpected = Just ""
  , stderrExpected = Nothing
  , exitCodeExpected = 0
  , testname = "test/cli\\verify.test:11"
  , lineNumber = 57
  }
 ShellTest
  { command =
      ReplaceableCommand "cd test\\cli\\output\\work_verify & bit verify"
  , stdin = ""
  , stdoutExpected = Just "/issues found|missing|missing\\.txt/"
  , stderrExpected = Nothing
  , exitCodeExpected = 0
  , testname = "test/cli\\verify.test:12"
  , lineNumber = 62
  }
 ShellTest
  { command =
      ReplaceableCommand
        "timeout /t 1 >nul & rmdir /s /q test\\cli\\output\\work_verify 2>nul"
  , stdin = ""
  , stdoutExpected = Nothing
  , stderrExpected = Nothing
  , exitCodeExpected = 0
  , testname = "test/cli\\verify.test:13"
  , lineNumber = 68
  }
running tests:
actual command was: "timeout /t 1 >nul & rmdir /s /q test\\cli\\output 2>nul & mkdir test\\cli\\output & echo global cleanup done"
actual stdout was : "global cleanup done\n"
actual stderr was : "ERROR: Input redirection is not supported, exiting the process immediately.\n"
actual exit was   : 0
:test/cli\000-cleanup.test:1: [OK]
actual command was: "rmdir /s /q test\\cli\\output\\work 2>nul & mkdir test\\cli\\output\\work & cd test\\cli\\output\\work & bit init"
actual stdout was : "Initializing bit in: C:\\Users\\natanh\\repos\\workers\\worker1\\bit\\test\\cli\\output\\work\nbit initialized successfully!\n"
actual stderr was : ""
actual exit was   : 0
:test/cli\bitignore.test:1: [OK]
actual command was: "cd test\\cli\\output\\work & echo *.log> .bitignore"
actual stdout was : ""
actual stderr was : ""
actual exit was   : 0
:test/cli\bitignore.test:2: [OK]
actual command was: "cd test\\cli\\output\\work & echo hello> file.txt & echo debug content> debug.log"
actual stdout was : ""
actual stderr was : ""
actual exit was   : 0
:test/cli\bitignore.test:3: [OK]
actual command was: "cd test\\cli\\output\\work & bit add ."
actual stdout was : ""
actual stderr was : ""
actual exit was   : 0
:test/cli\bitignore.test:4: [OK]
actual command was: "cd test\\cli\\output\\work & bit status"
actual stdout was : "On branch main\n\nNo commits yet\n\nChanges to be committed:\n  (use \"bit rm --cached <file>...\" to unstage)\n\tnew file:   .gitignore\n\tnew file:   file.txt\n\n"
actual stderr was : ""
actual exit was   : 0
:test/cli\bitignore.test:5: [OK]
actual command was: "cd test\\cli\\output\\work & bit status | findstr \"debug.log\" && exit 1 || exit 0"
actual stdout was : ""
actual stderr was : ""
actual exit was   : 0
:test/cli\bitignore.test:6: [OK]
actual command was: "cd test\\cli\\output\\work & bit commit -m \"test commit\""
actual stdout was : "[main (root-commit) 6b32cc2] test commit\n 2 files changed, 2 insertions(+)\n create mode 100644 .gitignore\n create mode 100644 file.txt\n"
actual stderr was : ""
actual exit was   : 0
:test/cli\bitignore.test:7: [OK]
actual command was: "if exist \"test\\cli\\output\\work\\.bit\\index\\debug.log\" (exit 1) else (exit 0)"
actual stdout was : ""
actual stderr was : ""
actual exit was   : 0
:test/cli\bitignore.test:8: [OK]
actual command was: "if exist \"test\\cli\\output\\work\\.bit\\index\\file.txt\" (exit 0) else (exit 1)"
actual stdout was : ""
actual stderr was : ""
actual exit was   : 0
:test/cli\bitignore.test:9: [OK]
actual command was: "cd test\\cli\\output\\work & echo *.tmp>> .bitignore"
actual stdout was : ""
actual stderr was : ""
actual exit was   : 0
:test/cli\bitignore.test:10: [OK]
actual command was: "cd test\\cli\\output\\work & echo temp content> test.tmp"
actual stdout was : ""
actual stderr was : ""
actual exit was   : 0
:test/cli\bitignore.test:11: [OK]
actual command was: "cd test\\cli\\output\\work & bit add ."
actual stdout was : ""
actual stderr was : ""
actual exit was   : 0
:test/cli\bitignore.test:12: [OK]
actual command was: "cd test\\cli\\output\\work & bit status | findstr \"test.tmp\" && exit 1 || exit 0"
actual stdout was : ""
actual stderr was : ""
actual exit was   : 0
:test/cli\bitignore.test:13: [OK]
actual command was: "rmdir /s /q test\\cli\\output\\work 2>nul"
actual stdout was : ""
actual stderr was : ""
actual exit was   : 0
:test/cli\bitignore.test:14: [OK]
actual command was: "cd test\\cli & subst Z: . & cd ..\\.."
actual stdout was : ""
actual stderr was : ""
actual exit was   : 0
:test/cli\device-prompt.test:1: [OK]
actual command was: "rmdir /s /q test\\cli\\output\\work 2>nul & rmdir /s /q test\\cli\\output\\device_prompt_remote 2>nul & mkdir test\\cli\\output\\work & mkdir test\\cli\\output\\device_prompt_remote & cd test\\cli\\output\\work & bit init"
actual stdout was : "Initializing bit in: C:\\Users\\natanh\\repos\\workers\\worker1\\bit\\test\\cli\\output\\work\nbit initialized successfully!\n"
actual stderr was : ""
actual exit was   : 0
:test/cli\device-prompt.test:2: [OK]
actual command was: "cd test\\cli\\output\\work & set BIT_USE_STDIN=1 & echo test_device| bit remote add origin Z:\\output\\device_prompt_remote"
actual stdout was : "Remote 'origin' \915\1494\1506 device:output\\device_prompt_remote\nDevice 'device' registered (physical).\n"
actual stderr was : ""
actual exit was   : 0
:test/cli\device-prompt.test:3: [OK]
actual command was: "findstr /C:\"device:\" test\\cli\\output\\work\\.bit\\remotes\\origin >nul || findstr /C:\"local:\" test\\cli\\output\\work\\.bit\\remotes\\origin >nul"
actual stdout was : ""
actual stderr was : ""
actual exit was   : 0
:test/cli\device-prompt.test:4: [OK]
actual command was: "subst Z: /D 2>nul & rmdir /s /q test\\cli\\output\\work 2>nul & rmdir /s /q test\\cli\\output\\device_prompt_remote 2>nul"
actual stdout was : ""
actual stderr was : ""
actual exit was   : 0
:test/cli\device-prompt.test:5: [OK]
actual command was: "timeout /t 1 >nul & rmdir /s /q test\\cli\\output\\work_fetch_a 2>nul & rmdir /s /q test\\cli\\output\\work_fetch_b 2>nul & rclone purge gdrive-test:bit-test-fetch 2>nul & echo cleanup done"
actual stdout was : "cleanup done\n"
actual stderr was : "ERROR: Input redirection is not supported, exiting the process immediately.\n"
actual exit was   : 0
:test/cli\fetch-output.test:1: [OK]
actual command was: "mkdir test\\cli\\output\\work_fetch_a"
actual stdout was : ""
actual stderr was : ""
actual exit was   : 0
:test/cli\fetch-output.test:2: [OK]
actual command was: "mkdir test\\cli\\output\\work_fetch_b"
actual stdout was : ""
actual stderr was : ""
actual exit was   : 0
:test/cli\fetch-output.test:3: [OK]
actual command was: "rclone mkdir gdrive-test:bit-test-fetch"
actual stdout was : ""
actual stderr was : ""
actual exit was   : 0
:test/cli\fetch-output.test:4: [OK]
actual command was: "cd test\\cli\\output\\work_fetch_a & bit init"
actual stdout was : "Initializing bit in: C:\\Users\\natanh\\repos\\workers\\worker1\\bit\\test\\cli\\output\\work_fetch_a\nbit initialized successfully!\n"
actual stderr was : ""
actual exit was   : 0
:test/cli\fetch-output.test:5: [OK]
actual command was: "cd test\\cli\\output\\work_fetch_a & bit remote add origin gdrive-test:bit-test-fetch"
actual stdout was : "Remote 'origin' added (gdrive-test:bit-test-fetch).\n"
actual stderr was : ""
actual exit was   : 0
:test/cli\fetch-output.test:6: [OK]
actual command was: "cd test\\cli\\output\\work_fetch_a & echo initial> file1.txt & bit add file1.txt & bit commit -m \"Initial commit\""
actual stdout was : "[main (root-commit) 5b51433] Initial commit\n 1 file changed, 1 insertion(+)\n create mode 100644 file1.txt\n"
actual stderr was : ""
actual exit was   : 0
:test/cli\fetch-output.test:7: [OK]
actual command was: "cd test\\cli\\output\\work_fetch_a & bit push"
actual stdout was : "Verifying local files...\nVerified 1 files. All match metadata.\nInspecting remote: origin (gdrive-test:bit-test-fetch)\nRemote is a bit repo. Checking history...\n"
actual stderr was : "---------------------------------------------------\nERROR: Remote history has diverged or is ahead!\nPlease run 'bit pull' before pushing.\n---------------------------------------------------\n"
actual exit was   : 0
:test/cli\fetch-output.test:8: [Failed]
Command (at line 53):
cd test\cli\output\work_fetch_a & bit push
Expected stdout: 
/Metadata push complete\.|Remote check passed/
Got stdout:      
Verifying local files...
Verified 1 files. All match metadata.
Inspecting remote: origin (gdrive-test:bit-test-fetch)
Remote is a bit repo. Checking history...

actual command was: "cd test\\cli\\output\\work_fetch_b & bit init"
actual stdout was : "Initializing bit in: C:\\Users\\natanh\\repos\\workers\\worker1\\bit\\test\\cli\\output\\work_fetch_b\nbit initialized successfully!\n"
actual stderr was : ""
actual exit was   : 0
:test/cli\fetch-output.test:9: [OK]
actual command was: "cd test\\cli\\output\\work_fetch_b & bit remote add origin gdrive-test:bit-test-fetch"
actual stdout was : "Remote 'origin' added (gdrive-test:bit-test-fetch).\n"
actual stderr was : ""
actual exit was   : 0
:test/cli\fetch-output.test:10: [OK]
actual command was: "cd test\\cli\\output\\work_fetch_b & bit fetch"
actual stdout was : "Scanning remote...\nFetched: a7ab7542fdcecfe795bb55f6fefd16ea965eb36e\nFetch complete.\n"
actual stderr was : "From origin\n * [new branch]      main       -> origin/main\n"
actual exit was   : 0
:test/cli\fetch-output.test:11: [OK]
actual command was: "cd test\\cli\\output\\work_fetch_b & bit fetch"
actual stdout was : ""
actual stderr was : ""
actual exit was   : 0
:test/cli\fetch-output.test:12: [OK]
actual command was: "cd test\\cli\\output\\work_fetch_b & bit fetch"
actual stdout was : ""
actual stderr was : ""
actual exit was   : 0
:test/cli\fetch-output.test:13: [OK]
actual command was: "cd test\\cli\\output\\work_fetch_a & echo updated> file2.txt & bit add file2.txt & bit commit -m \"Second commit\""
actual stdout was : "[main 92bf091] Second commit\n 1 file changed, 1 insertion(+)\n create mode 100644 file2.txt\n"
actual stderr was : ""
actual exit was   : 0
:test/cli\fetch-output.test:14: [OK]
actual command was: "cd test\\cli\\output\\work_fetch_a & bit push"
actual stdout was : "Verifying local files...\nVerified 2 files. All match metadata.\nInspecting remote: origin (gdrive-test:bit-test-fetch)\nRemote is a bit repo. Checking history...\n"
actual stderr was : "---------------------------------------------------\nERROR: Remote history has diverged or is ahead!\nPlease run 'bit pull' before pushing.\n---------------------------------------------------\n"
actual exit was   : 0
:test/cli\fetch-output.test:15: [Failed]
Command (at line 105):
cd test\cli\output\work_fetch_a & bit push
Expected stdout: 
/Metadata push complete\.|Remote check passed/
Got stdout:      
Verifying local files...
Verified 2 files. All match metadata.
Inspecting remote: origin (gdrive-test:bit-test-fetch)
Remote is a bit repo. Checking history...

actual command was: "cd test\\cli\\output\\work_fetch_b & bit fetch"
actual stdout was : ""
actual stderr was : ""
actual exit was   : 0
:test/cli\fetch-output.test:16: [Failed]
Command (at line 111):
cd test\cli\output\work_fetch_b & bit fetch
Expected stdout: 
/Scanning remote|Updated:|Fetch complete/
Got stdout:      

actual command was: "cd test\\cli\\output\\work_fetch_b & bit fetch"
actual stdout was : "Scanning remote...\nUpdated: a7ab7542fdcecfe795bb55f6fefd16ea965eb36e -> bcbec3c6e023d44bd4a7c9ecf3f159523a8d1603\nFetch complete.\n"
actual stderr was : ""
actual exit was   : 0
:test/cli\fetch-output.test:17: [Failed]
Command (at line 117):
cd test\cli\output\work_fetch_b & bit fetch
Expected stdout: 

Got stdout:      
Scanning remote...
Updated: a7ab7542fdcecfe795bb55f6fefd16ea965eb36e -> bcbec3c6e023d44bd4a7c9ecf3f159523a8d1603
Fetch complete.

actual command was: "timeout /t 1 >nul & rmdir /s /q test\\cli\\output\\work_fetch_a 2>nul & rmdir /s /q test\\cli\\output\\work_fetch_b 2>nul & rclone purge gdrive-test:bit-test-fetch 2>nul & echo cleanup done"
actual stdout was : "cleanup done\n"
actual stderr was : "ERROR: Input redirection is not supported, exiting the process immediately.\n"
actual exit was   : 0
:test/cli\fetch-output.test:18: [OK]
actual command was: "timeout /t 1 >nul & rmdir /s /q test\\cli\\output\\work_direct 2>nul & rmdir /s /q test\\cli\\output\\fs_remote_direct 2>nul & mkdir test\\cli\\output\\work_direct & mkdir test\\cli\\output\\fs_remote_direct"
actual stdout was : ""
actual stderr was : "ERROR: Input redirection is not supported, exiting the process immediately.\n"
actual exit was   : 0
:test/cli\filesystem-remote-direct.test:1: [OK]
actual command was: "cd test\\cli\\output\\work_direct & bit init"
actual stdout was : "Initializing bit in: C:\\Users\\natanh\\repos\\workers\\worker1\\bit\\test\\cli\\output\\work_direct\nbit initialized successfully!\n"
actual stderr was : ""
actual exit was   : 0
:test/cli\filesystem-remote-direct.test:2: [OK]
actual command was: "cd test\\cli\\output\\work_direct & bit remote add origin ..\\fs_remote_direct"
actual stdout was : "Remote 'origin' added (C:\\Users\\natanh\\repos\\workers\\worker1\\bit\\test\\cli\\output\\fs_remote_direct).\n"
actual stderr was : ""
actual exit was   : 0
:test/cli\filesystem-remote-direct.test:3: [OK]
actual command was: "cd test\\cli\\output\\work_direct & echo test content> file.txt & bit add file.txt & bit commit -m \"Initial\""
actual stdout was : "[main (root-commit) de96c8f] Initial\n 1 file changed, 1 insertion(+)\n create mode 100644 file.txt\n"
actual stderr was : ""
actual exit was   : 0
:test/cli\filesystem-remote-direct.test:4: [OK]
actual command was: "cd test\\cli\\output\\work_direct & bit push"
actual stdout was : "Verifying local files...\nVerified 1 files. All match metadata.\nPushing to filesystem remote: C:\\Users\\natanh\\repos\\workers\\worker1\\bit\\test\\cli\\output\\fs_remote_direct\nFirst push: initializing bit repo at remote...\nFetching local commits into remote...\nMerging at remote (fast-forward only)...\nFirst push: syncing all files to remote...\nUpdating local tracking ref...\nPush complete.\n"
actual stderr was : ""
actual exit was   : 0
:test/cli\filesystem-remote-direct.test:5: [OK]
actual command was: "cd test\\cli\\output\\fs_remote_direct & bit status"
actual stdout was : "On branch main\nnothing to commit, working tree clean\n"
actual stderr was : ""
actual exit was   : 0
:test/cli\filesystem-remote-direct.test:6: [OK]
actual command was: "cd test\\cli\\output\\fs_remote_direct & bit log --oneline"
actual stdout was : "de96c8f Initial\n"
actual stderr was : ""
actual exit was   : 0
:test/cli\filesystem-remote-direct.test:7: [OK]
actual command was: "cd test\\cli\\output\\fs_remote_direct & echo remote change> file.txt & bit add file.txt & bit commit -m \"Remote edit\""
actual stdout was : "[main 1a01fe3] Remote edit\n 1 file changed, 1 insertion(+), 1 deletion(-)\n"
actual stderr was : ""
actual exit was   : 0
:test/cli\filesystem-remote-direct.test:8: [OK]
actual command was: "cd test\\cli\\output\\work_direct & echo local change> other.txt & bit add other.txt & bit commit -m \"Local edit\""
actual stdout was : "[main 2443a4e] Local edit\n 1 file changed, 1 insertion(+)\n create mode 100644 other.txt\n"
actual stderr was : ""
actual exit was   : 0
:test/cli\filesystem-remote-direct.test:9: [OK]
actual command was: "cd test\\cli\\output\\work_direct & bit push"
actual stdout was : "Verifying local files...\nVerified 2 files. All match metadata.\nPushing to filesystem remote: C:\\Users\\natanh\\repos\\workers\\worker1\\bit\\test\\cli\\output\\fs_remote_direct\nFetching local commits into remote...\n"
actual stderr was : "error: Remote has local commits that you don't have.\nhint: Run 'bit pull' to merge remote changes first, then push again.\n"
actual exit was   : 1
:test/cli\filesystem-remote-direct.test:10: [OK]
actual command was: "cd test\\cli\\output\\work_direct & bit pull"
actual stdout was : "Pulling from filesystem remote: C:\\Users\\natanh\\repos\\workers\\worker1\\bit\\test\\cli\\output\\fs_remote_direct\nFetching remote commits...\nVerifying remote repository...\nVerified 1 remote files.\nUpdating 2443a4e..1a01fe3\nMerge made by the 'recursive' strategy.\n[main f138e54] Merge remote\n--- Pulling changes from remote ---\nSyncing binaries... done.\n"
actual stderr was : "From origin\n * [new branch]      main       -> origin/main\n"
actual exit was   : 0
:test/cli\filesystem-remote-direct.test:11: [OK]
actual command was: "cd test\\cli\\output\\work_direct & bit push"
actual stdout was : "Verifying local files...\nVerified 2 files. All match metadata.\nPushing to filesystem remote: C:\\Users\\natanh\\repos\\workers\\worker1\\bit\\test\\cli\\output\\fs_remote_direct\nFetching local commits into remote...\nMerging at remote (fast-forward only)...\nSyncing changed files to remote...\nUpdating local tracking ref...\nPush complete.\n"
actual stderr was : ""
actual exit was   : 0
:test/cli\filesystem-remote-direct.test:12: [OK]
actual command was: "if exist \"test\\cli\\output\\fs_remote_direct\\file.txt\" (echo file exists) else (echo missing)"
actual stdout was : "file exists\n"
actual stderr was : ""
actual exit was   : 0
:test/cli\filesystem-remote-direct.test:13: [OK]
actual command was: "if exist \"test\\cli\\output\\fs_remote_direct\\other.txt\" (echo other exists) else (echo missing)"
actual stdout was : "other exists\n"
actual stderr was : ""
actual exit was   : 0
:test/cli\filesystem-remote-direct.test:14: [OK]
actual command was: "timeout /t 1 >nul & rmdir /s /q test\\cli\\output\\work_direct 2>nul & rmdir /s /q test\\cli\\output\\fs_remote_direct 2>nul & echo cleanup done"
actual stdout was : "cleanup done\n"
actual stderr was : "ERROR: Input redirection is not supported, exiting the process immediately.\n"
actual exit was   : 0
:test/cli\filesystem-remote-direct.test:15: [OK]
actual command was: "rmdir /s /q test\\cli\\output\\work_fsck 2>nul & mkdir test\\cli\\output\\work_fsck & cd test\\cli\\output\\work_fsck & bit init"
actual stdout was : "Initializing bit in: C:\\Users\\natanh\\repos\\workers\\worker1\\bit\\test\\cli\\output\\work_fsck\nbit initialized successfully!\n"
actual stderr was : ""
actual exit was   : 0
:test/cli\fsck.test:1: [OK]
actual command was: "cd test\\cli\\output\\work_fsck & bit fsck"
actual stdout was : ""
actual stderr was : "notice: HEAD points to an unborn branch (main)\nnotice: No default references\n"
actual exit was   : 0
:test/cli\fsck.test:2: [OK]
actual command was: "rmdir /s /q test\\cli\\output\\work_fsck 2>nul & mkdir test\\cli\\output\\work_fsck & cd test\\cli\\output\\work_fsck & bit init & echo hello> a.txt & bit add a.txt & bit commit -m \"Add a\""
actual stdout was : "Initializing bit in: C:\\Users\\natanh\\repos\\workers\\worker1\\bit\\test\\cli\\output\\work_fsck\nbit initialized successfully!\n[main (root-commit) 17ad97a] Add a\n 1 file changed, 1 insertion(+)\n create mode 100644 a.txt\n"
actual stderr was : ""
actual exit was   : 0
:test/cli\fsck.test:3: [OK]
actual command was: "cd test\\cli\\output\\work_fsck & bit fsck"
actual stdout was : ""
actual stderr was : ""
actual exit was   : 0
:test/cli\fsck.test:4: [OK]
actual command was: "timeout /t 1 >nul & rmdir /s /q test\\cli\\output\\work_fsck 2>nul"
actual stdout was : ""
actual stderr was : "ERROR: Input redirection is not supported, exiting the process immediately.\n"
actual exit was   : 0
:test/cli\fsck.test:5: [OK]
actual command was: "timeout /t 1 >nul & rmdir /s /q test\\cli\\output\\work_gdrive_a 2>nul & rmdir /s /q test\\cli\\output\\work_gdrive_b 2>nul & mkdir test\\cli\\output\\work_gdrive_a & mkdir test\\cli\\output\\work_gdrive_b & rclone purge gdrive-test:bit-test 2>nul & rclone mkdir gdrive-test:bit-test"
actual stdout was : ""
actual stderr was : "ERROR: Input redirection is not supported, exiting the process immediately.\n"
actual exit was   : 0
:test/cli\gdrive-remote.test:1: [OK]
actual command was: "cd test\\cli\\output\\work_gdrive_a & bit init"
actual stdout was : "Initializing bit in: C:\\Users\\natanh\\repos\\workers\\worker1\\bit\\test\\cli\\output\\work_gdrive_a\nbit initialized successfully!\n"
actual stderr was : ""
actual exit was   : 0
:test/cli\gdrive-remote.test:2: [OK]
actual command was: "cd test\\cli\\output\\work_gdrive_a & bit remote add origin gdrive-test:bit-test"
actual stdout was : "Remote 'origin' added (gdrive-test:bit-test).\n"
actual stderr was : ""
actual exit was   : 0
:test/cli\gdrive-remote.test:3: [OK]
actual command was: "cd test\\cli\\output\\work_gdrive_a & echo hello from A> foo.txt & echo x> bar.bin & bit add foo.txt bar.bin & bit commit -m \"Add foo and bar\""
actual stdout was : "[main (root-commit) b93d4a7] Add foo and bar\n 2 files changed, 3 insertions(+)\n create mode 100644 bar.bin\n create mode 100644 foo.txt\n"
actual stderr was : ""
actual exit was   : 0
:test/cli\gdrive-remote.test:4: [OK]
actual command was: "cd test\\cli\\output\\work_gdrive_a & bit push"
actual stdout was : "Verifying local files...\nVerified 2 files. All match metadata.\nInspecting remote: origin (gdrive-test:bit-test)\nRemote is empty. Initializing...\n--- Pushing Changes to Remote ---\nUploading bundle to remote...\nMetadata push complete.\n"
actual stderr was : ""
actual exit was   : 0
:test/cli\gdrive-remote.test:5: [OK]
actual command was: "cd test\\cli\\output\\work_gdrive_a & bit remote repair"
actual stdout was : "Repairing against remote: origin (gdrive-test:bit-test)\n\nVerifying local files...\n  2 files checked, 0 issues\nVerifying remote files...\n  2 files checked, 0 issues\n\nAll files verified. Nothing to repair.\n"
actual stderr was : "From .git\\fetched_remote.bundle\n + b93d4a7...644f78a main       -> origin/main  (forced update)\n"
actual exit was   : 0
:test/cli\gdrive-remote.test:6: [OK]
actual command was: "cd test\\cli\\output\\work_gdrive_b & bit init"
actual stdout was : "Initializing bit in: C:\\Users\\natanh\\repos\\workers\\worker1\\bit\\test\\cli\\output\\work_gdrive_b\nbit initialized successfully!\n"
actual stderr was : ""
actual exit was   : 0
:test/cli\gdrive-remote.test:7: [OK]
actual command was: "cd test\\cli\\output\\work_gdrive_b & bit remote add origin gdrive-test:bit-test"
actual stdout was : "Remote 'origin' added (gdrive-test:bit-test).\n"
actual stderr was : ""
actual exit was   : 0
:test/cli\gdrive-remote.test:8: [OK]
actual command was: "cd test\\cli\\output\\work_gdrive_b & bit fetch"
actual stdout was : "Scanning remote...\nFetched: 644f78a4f7c6d8b8ecb0cf94a1cb5e184986747a\nFetch complete.\n"
actual stderr was : "From origin\n * [new branch]      main       -> origin/main\n"
actual exit was   : 0
:test/cli\gdrive-remote.test:9: [OK]
actual command was: "cd test\\cli\\output\\work_gdrive_b & bit pull"
actual stdout was : "remote: Counting objects: 0, done.\nVerifying remote files...\nVerified 2 remote files.\nChecking out 644f78a (first pull)\n--- Pulling changes from remote ---\nSyncing binaries... done.\n"
actual stderr was : "From .git\\fetched_remote.bundle\n * [new branch]      main       -> origin/main\n"
actual exit was   : 0
:test/cli\gdrive-remote.test:10: [OK]
actual command was: "findstr /C:\"hello from A\" test\\cli\\output\\work_gdrive_b\\.bit\\index\\foo.txt >nul"
actual stdout was : ""
actual stderr was : ""
actual exit was   : 0
:test/cli\gdrive-remote.test:11: [OK]
actual command was: "rclone deletefile gdrive-test:bit-test/bar.bin"
actual stdout was : ""
actual stderr was : ""
actual exit was   : 0
actual command was: "cd test\\cli\\output\\work_gdrive_b & bit verify --remote"
:test/cli\gdrive-remote.test:12: [OK]
actual stdout was : "Fetching remote metadata...\nScanning remote files...\nChecked 2 files. 1 issues found.\n"
actual stderr was : "[ERROR] Missing: bar.bin\n"
actual exit was   : 0
:test/cli\gdrive-remote.test:13: [OK]
actual command was: "cd test\\cli\\output\\work_gdrive_a & bit push"
actual stdout was : "Verifying local files...\nVerified 2 files. All match metadata.\nInspecting remote: origin (gdrive-test:bit-test)\nRemote is a bit repo. Checking history...\n"
actual stderr was : "---------------------------------------------------\nERROR: Remote history has diverged or is ahead!\nPlease run 'bit pull' before pushing.\n---------------------------------------------------\n"
actual exit was   : 0
:test/cli\gdrive-remote.test:14: [Failed]
Command (at line 78):
cd test\cli\output\work_gdrive_a & bit push
Expected stdout: 
/Metadata push complete\.|Remote check passed|Pulling changes|up to date/
Got stdout:      
Verifying local files...
Verified 2 files. All match metadata.
Inspecting remote: origin (gdrive-test:bit-test)
Remote is a bit repo. Checking history...

actual command was: "cd test\\cli\\output\\work_gdrive_b & bit fetch"
actual stdout was : ""
actual stderr was : ""
actual exit was   : 0
:test/cli\gdrive-remote.test:15: [OK]
actual command was: "cd test\\cli\\output\\work_gdrive_b & bit pull"
actual stdout was : "remote: Counting objects: 1, done.\nVerifying remote files...\nVerified 2 remote files.\nUpdating 644f78a..644f78a\nMerge made by the 'recursive' strategy.\n--- Pulling changes from remote ---\nWorking tree already up to date with remote.\nSyncing binaries... done.\n"
actual stderr was : ""
actual exit was   : 0
:test/cli\gdrive-remote.test:16: [OK]
actual command was: "cd test\\cli\\output\\work_gdrive_b & bit verify --remote"
actual stdout was : "Fetching remote metadata...\nScanning remote files...\n[OK] All 2 files match metadata.\n"
actual stderr was : ""
actual exit was   : 0
:test/cli\gdrive-remote.test:17: [OK]
actual command was: "findstr /C:\"hello from A\" test\\cli\\output\\work_gdrive_b\\.bit\\index\\foo.txt >nul"
actual stdout was : ""
actual stderr was : ""
actual exit was   : 0
:test/cli\gdrive-remote.test:18: [OK]
actual command was: "cd test\\cli\\output\\work_gdrive_a & echo second file> baz.txt & bit add baz.txt & bit commit -m \"Add baz\" & bit push"
actual stdout was : "[main f826099] Add baz\n 1 file changed, 1 insertion(+)\n create mode 100644 baz.txt\nVerifying local files...\nVerified 3 files. All match metadata.\nInspecting remote: origin (gdrive-test:bit-test)\nRemote is a bit repo. Checking history...\n"
actual stderr was : "---------------------------------------------------\nERROR: Remote history has diverged or is ahead!\nPlease run 'bit pull' before pushing.\n---------------------------------------------------\n"
actual exit was   : 0
:test/cli\gdrive-remote.test:19: [OK]
actual command was: "cd test\\cli\\output\\work_gdrive_b & bit fetch & bit pull"
actual stdout was : "remote: Counting objects: 1, done.\nVerifying remote files...\n"
actual stderr was : "error: Remote files do not match remote metadata (1 issues).\n[ERROR] Hash mismatch: baz.txt\n  Expected: (not in metadata)\n  Actual:   (exists on remote)\nhint: Run 'bit verify --remote' to see all mismatches.\nhint: Run 'bit pull --accept-remote' to accept the remote's actual state.\nhint: Run 'bit push --force' to overwrite remote with local state.\n"
actual exit was   : 1
:test/cli\gdrive-remote.test:20: [Failed]
Command (at line 111):
cd test\cli\output\work_gdrive_b & bit fetch & bit pull
Expected stderr: 
/From (gdrive-test|\.git\\fetched_remote\.bundle)|Merge made|Syncing|Updating|remote: Counting/
Got stderr:      
error: Remote files do not match remote metadata (1 issues).
[ERROR] Hash mismatch: baz.txt
  Expected: (not in metadata)
  Actual:   (exists on remote)
hint: Run 'bit verify --remote' to see all mismatches.
hint: Run 'bit pull --accept-remote' to accept the remote's actual state.
hint: Run 'bit push --force' to overwrite remote with local state.
Expected exit code: 
0
Got exit code:      
1
actual command was: "findstr /C:\"second file\" test\\cli\\output\\work_gdrive_b\\.bit\\index\\baz.txt >nul"
actual stdout was : ""
actual stderr was : "FINDSTR: Cannot open test\\cli\\output\\work_gdrive_b\\.bit\\index\\baz.txt\n"
actual exit was   : 1
:test/cli\gdrive-remote.test:21: [Failed]
Command (at line 116):
findstr /C:"second file" test\cli\output\work_gdrive_b\.bit\index\baz.txt >nul
Expected exit code: 
0
Got exit code:      
1
actual command was: "echo junk content> test\\cli\\output\\work_gdrive_b\\junk.tmp & rclone copyto test\\cli\\output\\work_gdrive_b\\junk.tmp gdrive-test:bit-test/orphan.txt"
actual stdout was : ""
actual stderr was : ""
actual exit was   : 0
:test/cli\gdrive-remote.test:22: [OK]
actual command was: "cd test\\cli\\output\\work_gdrive_b & bit fetch"
actual stdout was : "Scanning remote...\nUpdated: 644f78a4f7c6d8b8ecb0cf94a1cb5e184986747a -> 1bc199c6f292266df69affeb9adfa684926b18ba\nFetch complete.\n"
actual stderr was : ""
actual exit was   : 0
:test/cli\gdrive-remote.test:23: [Failed]
Command (at line 128):
cd test\cli\output\work_gdrive_b & bit fetch
Expected stdout: 

Got stdout:      
Scanning remote...
Updated: 644f78a4f7c6d8b8ecb0cf94a1cb5e184986747a -> 1bc199c6f292266df69affeb9adfa684926b18ba
Fetch complete.

actual command was: "cd test\\cli\\output\\work_gdrive_b & bit verify --remote"
actual stdout was : "Fetching remote metadata...\nScanning remote files...\nChecked 3 files. 1 issues found.\n"
actual stderr was : "From .git\\fetched_remote.bundle\n   644f78a..1bc199c  main       -> origin/main\n[ERROR] Hash mismatch: orphan.txt\n  Expected: (not in metadata...\n  Actual:   (exists on remot...\n"
actual exit was   : 0
:test/cli\gdrive-remote.test:24: [OK]
actual command was: "rclone deletefile gdrive-test:bit-test/orphan.txt"
actual stdout was : ""
actual stderr was : ""
actual exit was   : 0
:test/cli\gdrive-remote.test:25: [OK]
actual command was: "timeout /t 1 >nul & rmdir /s /q test\\cli\\output\\work_gdrive_a & rmdir /s /q test\\cli\\output\\work_gdrive_b & echo cleanup done"
actual stdout was : "cleanup done\n"
actual stderr was : "ERROR: Input redirection is not supported, exiting the process immediately.\n"
actual exit was   : 0
:test/cli\gdrive-remote.test:26: [OK]
actual command was: "rmdir /s /q test\\cli\\output\\work 2>nul & mkdir test\\cli\\output\\work & cd test\\cli\\output\\work & bit init"
actual stdout was : "Initializing bit in: C:\\Users\\natanh\\repos\\workers\\worker1\\bit\\test\\cli\\output\\work\nbit initialized successfully!\n"
actual stderr was : ""
actual exit was   : 0
:test/cli\init-config.test:1: [OK]
actual command was: "cd test\\cli\\output\\work & git -C .bit\\index config --get init.defaultBranch"
actual stdout was : "main\n"
actual stderr was : ""
actual exit was   : 0
:test/cli\init-config.test:2: [OK]
actual command was: "cd test\\cli\\output\\work & git -C .bit\\index config --get core.quotePath"
actual stdout was : "false\n"
actual stderr was : ""
actual exit was   : 0
:test/cli\init-config.test:3: [OK]
actual command was: "cd test\\cli\\output\\work & git -C .bit\\index config --get merge.bit-metadata.driver"
actual stdout was : "false\n"
actual stderr was : ""
actual exit was   : 0
:test/cli\init-config.test:4: [OK]
actual command was: "cd test\\cli\\output\\work & bit status"
actual stdout was : "On branch main\n\nNo commits yet\n\nnothing to commit (create/copy files and use \"git add\" to track)\n"
actual stderr was : ""
actual exit was   : 0
:test/cli\init-config.test:5: [OK]
actual command was: "cd test\\cli\\output\\work & echo test> file.txt & bit add file.txt"
actual stdout was : ""
actual stderr was : ""
actual exit was   : 0
:test/cli\init-config.test:6: [OK]
actual command was: "cd test\\cli\\output\\work & bit commit -m \"test commit\""
actual stdout was : "[main (root-commit) 7b1f076] test commit\n 1 file changed, 1 insertion(+)\n create mode 100644 file.txt\n"
actual stderr was : ""
actual exit was   : 0
:test/cli\init-config.test:7: [OK]
actual command was: "rmdir /s /q test\\cli\\output\\work 2>nul & mkdir test\\cli\\output\\work & cd test\\cli\\output\\work & bit init"
actual stdout was : "Initializing bit in: C:\\Users\\natanh\\repos\\workers\\worker1\\bit\\test\\cli\\output\\work\nbit initialized successfully!\n"
actual stderr was : ""
actual exit was   : 0
:test/cli\init.test:1: [OK]
actual command was: "if exist \"test\\cli\\output\\work\\.bit\\\" (echo exists) else (echo missing)"
actual stdout was : "exists\n"
actual stderr was : ""
actual exit was   : 0
:test/cli\init.test:2: [OK]
actual command was: "rmdir /s /q test\\cli\\output\\work 2>nul & mkdir test\\cli\\output\\work & cd test\\cli\\output\\work & bit init"
actual stdout was : "Initializing bit in: C:\\Users\\natanh\\repos\\workers\\worker1\\bit\\test\\cli\\output\\work\nbit initialized successfully!\n"
actual stderr was : ""
actual exit was   : 0
:test/cli\ls-files.test:1: [OK]
actual command was: "cd test\\cli\\output\\work & bit ls-files"
actual stdout was : ""
actual stderr was : ""
actual exit was   : 0
:test/cli\ls-files.test:2: [OK]
actual command was: "cd test\\cli\\output\\work & echo hello> test.txt & bit add test.txt"
actual stdout was : ""
actual stderr was : ""
actual exit was   : 0
:test/cli\ls-files.test:3: [OK]
actual command was: "cd test\\cli\\output\\work & bit ls-files"
actual stdout was : "test.txt\n"
actual stderr was : ""
actual exit was   : 0
:test/cli\ls-files.test:4: [OK]
actual command was: "cd test\\cli\\output\\work & bit commit -m \"Add test.txt\""
actual stdout was : "[main (root-commit) 0f0e6a6] Add test.txt\n 1 file changed, 1 insertion(+)\n create mode 100644 test.txt\n"
actual stderr was : ""
actual exit was   : 0
:test/cli\ls-files.test:5: [OK]
actual command was: "cd test\\cli\\output\\work & bit ls-files"
actual stdout was : "test.txt\n"
actual stderr was : ""
actual exit was   : 0
:test/cli\ls-files.test:6: [OK]
actual command was: "cd test\\cli\\output\\work & echo data> data.txt & echo notes> notes.txt & bit add data.txt notes.txt"
actual stdout was : ""
actual stderr was : ""
actual exit was   : 0
:test/cli\ls-files.test:7: [OK]
actual command was: "cd test\\cli\\output\\work & bit commit -m \"Add more files\""
actual stdout was : "[main 698c380] Add more files\n 2 files changed, 2 insertions(+)\n create mode 100644 data.txt\n create mode 100644 notes.txt\n"
actual stderr was : ""
actual exit was   : 0
:test/cli\ls-files.test:8: [OK]
actual command was: "cd test\\cli\\output\\work & bit ls-files"
actual stdout was : "data.txt\nnotes.txt\ntest.txt\n"
actual stderr was : ""
actual exit was   : 0
:test/cli\ls-files.test:9: [OK]
actual command was: "cd test\\cli\\output\\work & bit ls-files --stage"
actual stdout was : "100644 d593e8e16c55d10ed121615a1b2b4a557df843bd 0\tdata.txt\n100644 9ee4c4323f70a6fdadd24299de189677a0fdad7e 0\tnotes.txt\n100644 907cd4bd5050ef7a09e56e10d00f160a3849282c 0\ttest.txt\n"
actual stderr was : ""
actual exit was   : 0
:test/cli\ls-files.test:10: [OK]
actual command was: "cd test\\cli\\output\\work & bit ls-files test.txt"
actual stdout was : "test.txt\n"
actual stderr was : ""
actual exit was   : 0
:test/cli\ls-files.test:11: [OK]
actual command was: "cd test\\cli\\output\\work & echo binary> file.bin & bit add file.bin & bit commit -m \"Add binary\""
actual stdout was : "[main 21ed0ca] Add binary\n 1 file changed, 2 insertions(+)\n create mode 100644 file.bin\n"
actual stderr was : ""
actual exit was   : 0
:test/cli\ls-files.test:12actual command was: "cd test\\cli\\output\\work & bit ls-files"
: [OK]
actual stdout was : "data.txt\nfile.bin\nnotes.txt\ntest.txt\n"
actual stderr was : ""
actual exit was   : 0
:test/cli\ls-files.test:13: [OK]
actual command was: "cd test\\cli\\output\\work & bit ls-files *.txt"
actual stdout was : "data.txt\nnotes.txt\ntest.txt\n"
actual stderr was : ""
actual exit was   : 0
:test/cli\ls-files.test:14: [OK]
actual command was: "cd test\\cli\\output\\work & bit ls-files --cached"
actual stdout was : "data.txt\nfile.bin\nnotes.txt\ntest.txt\n"
actual stderr was : ""
actual exit was   : 0
:test/cli\ls-files.test:15: [OK]
actual command was: "cd test\\cli\\output\\work & mkdir subdir & echo sub> subdir\\sub.txt & bit add subdir\\sub.txt & bit commit -m \"Add subdir\""
actual stdout was : "[main b1a4850] Add subdir\n 1 file changed, 1 insertion(+)\n create mode 100644 subdir/sub.txt\n"
actual stderr was : ""
actual exit was   : 0
:test/cli\ls-files.test:16: [OK]
actual command was: "cd test\\cli\\output\\work & bit ls-files"
actual stdout was : "data.txt\nfile.bin\nnotes.txt\nsubdir/sub.txt\ntest.txt\n"
actual stderr was : ""
actual exit was   : 0
:test/cli\ls-files.test:17: [OK]
actual command was: "cd test\\cli\\output\\work & bit ls-files subdir"
actual stdout was : "subdir/sub.txt\n"
actual stderr was : ""
actual exit was   : 0
:test/cli\ls-files.test:18: [OK]
actual command was: "timeout /t 1 >nul & rmdir /s /q test\\cli\\output\\work_merge_a 2>nul & rmdir /s /q test\\cli\\output\\work_merge_b 2>nul & rmdir /s /q test\\cli\\output\\shared_merge_remote 2>nul & echo cleanup done"
actual stdout was : "cleanup done\n"
actual stderr was : "ERROR: Input redirection is not supported, exiting the process immediately.\n"
actual exit was   : 0
:test/cli\merge-local.test:1: [OK]
actual command was: "mkdir test\\cli\\output\\shared_merge_remote"
actual stdout was : ""
actual stderr was : ""
actual exit was   : 0
:test/cli\merge-local.test:2: [OK]
actual command was: "mkdir test\\cli\\output\\work_merge_a & cd test\\cli\\output\\work_merge_a & bit init"
actual stdout was : "Initializing bit in: C:\\Users\\natanh\\repos\\workers\\worker1\\bit\\test\\cli\\output\\work_merge_a\nbit initialized successfully!\n"
actual stderr was : ""
actual exit was   : 0
:test/cli\merge-local.test:3: [OK]
actual command was: "cd test\\cli\\output\\work_merge_a & bit remote add origin ..\\shared_merge_remote"
actual stdout was : "Remote 'origin' added (C:\\Users\\natanh\\repos\\workers\\worker1\\bit\\test\\cli\\output\\shared_merge_remote).\n"
actual stderr was : ""
actual exit was   : 0
:test/cli\merge-local.test:4: [OK]
actual command was: "cd test\\cli\\output\\work_merge_a & echo base content> text.txt & bit add text.txt"
actual stdout was : ""
actual stderr was : ""
actual exit was   : 0
:test/cli\merge-local.test:5: [OK]
actual command was: "cd test\\cli\\output\\work_merge_a & bit commit -m \"Base: add text.txt\""
actual stdout was : "[main (root-commit) b205911] Base: add text.txt\n 1 file changed, 1 insertion(+)\n create mode 100644 text.txt\n"
actual stderr was : ""
actual exit was   : 0
:test/cli\merge-local.test:6: [OK]
actual command was: "cd test\\cli\\output\\work_merge_a & echo binarydata> data.bin & bit add data.bin"
actual stdout was : ""
actual stderr was : ""
actual exit was   : 0
:test/cli\merge-local.test:7: [OK]
actual command was: "cd test\\cli\\output\\work_merge_a & bit commit -m \"Base: add data.bin\""
actual stdout was : "[main 4bd8cc0] Base: add data.bin\n 1 file changed, 2 insertions(+)\n create mode 100644 data.bin\n"
actual stderr was : ""
actual exit was   : 0
:test/cli\merge-local.test:8: [OK]
actual command was: "cd test\\cli\\output\\work_merge_a & bit push"
actual stdout was : "Verifying local files...\nVerified 2 files. All match metadata.\nPushing to filesystem remote: C:\\Users\\natanh\\repos\\workers\\worker1\\bit\\test\\cli\\output\\shared_merge_remote\nFirst push: initializing bit repo at remote...\nFetching local commits into remote...\nMerging at remote (fast-forward only)...\nFirst push: syncing all files to remote...\nUpdating local tracking ref...\nPush complete.\n"
actual stderr was : ""
actual exit was   : 0
:test/cli\merge-local.test:9: [OK]
actual command was: "mkdir test\\cli\\output\\work_merge_b & cd test\\cli\\output\\work_merge_b & bit init"
actual stdout was : "Initializing bit in: C:\\Users\\natanh\\repos\\workers\\worker1\\bit\\test\\cli\\output\\work_merge_b\nbit initialized successfully!\n"
actual stderr was : ""
actual exit was   : 0
:test/cli\merge-local.test:10: [OK]
actual command was: "cd test\\cli\\output\\work_merge_b & bit remote add origin ..\\shared_merge_remote"
actual stdout was : "Remote 'origin' added (C:\\Users\\natanh\\repos\\workers\\worker1\\bit\\test\\cli\\output\\shared_merge_remote).\n"
actual stderr was : ""
actual exit was   : 0
:test/cli\merge-local.test:11: [OK]
actual command was: "cd test\\cli\\output\\work_merge_b & bit pull"
actual stdout was : "Pulling from filesystem remote: C:\\Users\\natanh\\repos\\workers\\worker1\\bit\\test\\cli\\output\\shared_merge_remote\nFetching remote commits...\nVerifying remote repository...\nVerified 2 remote files.\nChecking out 4bd8cc0 (first pull)\nSyncing binaries... done.\n"
actual stderr was : "From origin\n * [new branch]      main       -> origin/main\n"
actual exit was   : 0
:test/cli\merge-local.test:12: [OK]
actual command was: "findstr /C:\"base content\" test\\cli\\output\\work_merge_b\\.bit\\index\\text.txt >nul"
actual stdout was : ""
actual stderr was : ""
actual exit was   : 0
:test/cli\merge-local.test:13: [OK]
actual command was: "findstr /C:\"hash:\" test\\cli\\output\\work_merge_b\\.bit\\index\\data.bin >nul"
actual stdout was : ""
actual stderr was : ""
actual exit was   : 0
:test/cli\merge-local.test:14: [OK]
actual command was: "if exist \"test\\cli\\output\\work_merge_b\\text.txt\" (echo file exists) else (echo missing)"
actual stdout was : "file exists\n"
actual stderr was : ""
actual exit was   : 0
:test/cli\merge-local.test:15: [OK]
actual command was: "cd test\\cli\\output\\work_merge_b & bit status"
actual stdout was : "On branch main\nnothing to commit, working tree clean\n"
actual stderr was : ""
actual exit was   : 0
:test/cli\merge-local.test:16: [OK]
actual command was: "cd test\\cli\\output\\work_merge_a & echo new from A> extra.txt & bit add extra.txt & bit commit -m \"Add extra.txt\""
actual stdout was : "[main b43ff91] Add extra.txt\n 1 file changed, 1 insertion(+)\n create mode 100644 extra.txt\n"
actual stderr was : ""
actual exit was   : 0
:test/cli\merge-local.test:17: [OK]
actual command was: "cd test\\cli\\output\\work_merge_a & bit push"
actual stdout was : "Verifying local files...\nVerified 3 files. All match metadata.\nPushing to filesystem remote: C:\\Users\\natanh\\repos\\workers\\worker1\\bit\\test\\cli\\output\\shared_merge_remote\nFetching local commits into remote...\nMerging at remote (fast-forward only)...\nSyncing changed files to remote...\nUpdating local tracking ref...\nPush complete.\n"
actual stderr was : ""
actual exit was   : 0
:test/cli\merge-local.test:18: [OK]
actual command was: "cd test\\cli\\output\\work_merge_b & bit fetch"
actual stdout was : "Fetching from filesystem remote: C:\\Users\\natanh\\repos\\workers\\worker1\\bit\\test\\cli\\output\\shared_merge_remote\nFetching remote commits...\nFetch complete.\n"
actual stderr was : "From origin\n * [new branch]      main       -> origin/main\n"
actual exit was   : 0
:test/cli\merge-local.test:19: [OK]
actual command was: "cd test\\cli\\output\\work_merge_b & bit pull"
actual stdout was : "Pulling from filesystem remote: C:\\Users\\natanh\\repos\\workers\\worker1\\bit\\test\\cli\\output\\shared_merge_remote\nFetching remote commits...\nVerifying remote repository...\nVerified 3 remote files.\nUpdating 4bd8cc0..b43ff91\nMerge made by the 'recursive' strategy.\n[main b6aef96] Merge remote\n--- Pulling changes from remote ---\nSyncing binaries... done.\n"
actual stderr was : "From origin\n * [new branch]      main       -> origin/main\n"
actual exit was   : 0
:test/cli\merge-local.test:20: [OK]
actual command was: "findstr /C:\"new from A\" test\\cli\\output\\work_merge_b\\.bit\\index\\extra.txt >nul"
actual stdout was : ""
actual stderr was : ""
actual exit was   : 0
:test/cli\merge-local.test:21: [OK]
actual command was: "cd test\\cli\\output\\work_merge_b & bit status"
actual stdout was : "On branch main\nnothing to commit, working tree clean\n"
actual stderr was : ""
actual exit was   : 0
:test/cli\merge-local.test:22: [OK]
actual command was: "cd test\\cli\\output\\work_merge_a & echo updated by A> text.txt & bit add text.txt & bit commit -m \"A: update text.txt\""
actual stdout was : "[main 7393ff1] A: update text.txt\n 1 file changed, 1 insertion(+), 1 deletion(-)\n"
actual stderr was : ""
actual exit was   : 0
:test/cli\merge-local.test:23: [OK]
actual command was: "cd test\\cli\\output\\work_merge_a & bit push"
actual stdout was : "Verifying local files...\nVerified 3 files. All match metadata.\nPushing to filesystem remote: C:\\Users\\natanh\\repos\\workers\\worker1\\bit\\test\\cli\\output\\shared_merge_remote\nFetching local commits into remote...\nMerging at remote (fast-forward only)...\nSyncing changed files to remote...\nUpdating local tracking ref...\nPush complete.\n"
actual stderr was : ""
actual exit was   : 0
:test/cli\merge-local.test:24: [OK]
actual command was: "cd test\\cli\\output\\work_merge_b & echo B only file> bonly.txt & bit add bonly.txt & bit commit -m \"B: add bonly.txt\""
actual stdout was : "[main f11ae2d] B: add bonly.txt\n 1 file changed, 1 insertion(+)\n create mode 100644 bonly.txt\n"
actual stderr was : ""
actual exit was   : 0
:test/cli\merge-local.test:25: [OK]
actual command was: "cd test\\cli\\output\\work_merge_b & bit pull"
actual stdout was : "Pulling from filesystem remote: C:\\Users\\natanh\\repos\\workers\\worker1\\bit\\test\\cli\\output\\shared_merge_remote\nFetching remote commits...\nVerifying remote repository...\nVerified 3 remote files.\nUpdating f11ae2d..7393ff1\nMerge made by the 'recursive' strategy.\n[main 21eed27] Merge remote\n--- Pulling changes from remote ---\nSyncing binaries... done.\n"
actual stderr was : "From origin\n * [new branch]      main       -> origin/main\n"
actual exit was   : 0
:test/cli\merge-local.test:26: [OK]
actual command was: "findstr /C:\"updated by A\" test\\cli\\output\\work_merge_b\\.bit\\index\\text.txt >nul"
actual stdout was : ""
actual stderr was : ""
actual exit was   : 0
:test/cli\merge-local.test:27: [OK]
actual command was: "findstr /C:\"B only file\" test\\cli\\output\\work_merge_b\\.bit\\index\\bonly.txt >nul"
actual stdout was : ""
actual stderr was : ""
actual exit was   : 0
:test/cli\merge-local.test:28: [OK]
actual command was: "cd test\\cli\\output\\work_merge_b & bit status"
actual stdout was : "On branch main\nnothing to commit, working tree clean\n"
actual stderr was : ""
actual exit was   : 0
:test/cli\merge-local.test:29: [OK]
actual command was: "cd test\\cli\\output\\work_merge_b & bit push"
actual stdout was : "Verifying local files...\nVerified 4 files. All match metadata.\nPushing to filesystem remote: C:\\Users\\natanh\\repos\\workers\\worker1\\bit\\test\\cli\\output\\shared_merge_remote\nFetching local commits into remote...\nMerging at remote (fast-forward only)...\nSyncing changed files to remote...\nUpdating local tracking ref...\nPush complete.\n"
actual stderr was : ""
actual exit was   : 0
:test/cli\merge-local.test:30: [OK]
actual command was: "cd test\\cli\\output\\work_merge_a & bit fetch & bit pull"
actual stdout was : "Fetching from filesystem remote: C:\\Users\\natanh\\repos\\workers\\worker1\\bit\\test\\cli\\output\\shared_merge_remote\nFetching remote commits...\nFetch complete.\nPulling from filesystem remote: C:\\Users\\natanh\\repos\\workers\\worker1\\bit\\test\\cli\\output\\shared_merge_remote\nFetching remote commits...\nVerifying remote repository...\nVerified 4 remote files.\nUpdating 7393ff1..21eed27\nMerge made by the 'recursive' strategy.\n[main 860d1d9] Merge remote\n--- Pulling changes from remote ---\nSyncing binaries... don...(3 more)"
actual stderr was : "From origin\n * [new branch]      main       -> origin/main\nFrom origin\n * [new branch]      main       -> origin/main\n"
actual exit was   : 0
:test/cli\merge-local.test:31: [OK]
actual command was: "cd test\\cli\\output\\work_merge_a & echo conflict version A> text.txt & bit add text.txt & bit commit -m \"A: conflict version\""
actual stdout was : "[main 7e78390] A: conflict version\n 1 file changed, 1 insertion(+), 1 deletion(-)\n"
actual stderr was : ""
actual exit was   : 0
:test/cli\merge-local.test:32: [OK]
actual command was: "cd test\\cli\\output\\work_merge_a & bit push"
actual stdout was : "Verifying local files...\nVerified 4 files. All match metadata.\nPushing to filesystem remote: C:\\Users\\natanh\\repos\\workers\\worker1\\bit\\test\\cli\\output\\shared_merge_remote\nFetching local commits into remote...\nMerging at remote (fast-forward only)...\nSyncing changed files to remote...\nUpdating local tracking ref...\nPush complete.\n"
actual stderr was : ""
actual exit was   : 0
:test/cli\merge-local.test:33: [OK]
actual command was: "cd test\\cli\\output\\work_merge_b & echo conflict version B> text.txt & bit add text.txt & bit commit -m \"B: conflict version\""
actual stdout was : "[main 7d26fd2] B: conflict version\n 1 file changed, 1 insertion(+), 1 deletion(-)\n"
actual stderr was : ""
actual exit was   : 0
:test/cli\merge-local.test:34: [OK]
actual command was: "cd test\\cli\\output\\work_merge_b & bit pull"
actual stdout was : "Pulling from filesystem remote: C:\\Users\\natanh\\repos\\workers\\worker1\\bit\\test\\cli\\output\\shared_merge_remote\nFetching remote commits...\nVerifying remote repository...\nVerified 4 remote files.\nAuto-merging text.txt\nCONFLICT (content): Merge conflict in text.txt\nAutomatic merge failed; fix conflicts and then commit the result.\n\nAutomatic merge failed.\nbit requires you to pick a version for each conflict.\n\nResolving conflicts...\nCONFLICT (content): Merge conflict in text.txt\nConflict [1/1]: text.t...(302 more)"
actual stderr was : "From origin\n * [new branch]      main       -> origin/main\n\n"
actual exit was   : 0
:test/cli\merge-local.test:35: [OK]
actual command was: "findstr /C:\"conflict version B\" test\\cli\\output\\work_merge_b\\.bit\\index\\text.txt >nul"
actual stdout was : ""
actual stderr was : ""
actual exit was   : 0
:test/cli\merge-local.test:36: [OK]
actual command was: "cd test\\cli\\output\\work_merge_b & bit push"
actual stdout was : "Verifying local files...\nVerified 4 files. All match metadata.\nPushing to filesystem remote: C:\\Users\\natanh\\repos\\workers\\worker1\\bit\\test\\cli\\output\\shared_merge_remote\nFetching local commits into remote...\nMerging at remote (fast-forward only)...\nSyncing changed files to remote...\nUpdating local tracking ref...\nPush complete.\n"
actual stderr was : ""
actual exit was   : 0
:test/cli\merge-local.test:37: [OK]
actual command was: "cd test\\cli\\output\\work_merge_a & bit fetch & bit pull"
actual stdout was : "Fetching from filesystem remote: C:\\Users\\natanh\\repos\\workers\\worker1\\bit\\test\\cli\\output\\shared_merge_remote\nFetching remote commits...\nFetch complete.\nPulling from filesystem remote: C:\\Users\\natanh\\repos\\workers\\worker1\\bit\\test\\cli\\output\\shared_merge_remote\nFetching remote commits...\nVerifying remote repository...\nVerified 4 remote files.\nUpdating 7e78390..8e3d3e6\nMerge made by the 'recursive' strategy.\n[main 2cf57fa] Merge remote\n--- Pulling changes from remote ---\nSyncing binaries... don...(3 more)"
actual stderr was : "From origin\n * [new branch]      main       -> origin/main\nFrom origin\n * [new branch]      main       -> origin/main\n"
actual exit was   : 0
:test/cli\merge-local.test:38: [OK]
actual command was: "cd test\\cli\\output\\work_merge_a & echo remote wins version> text.txt & bit add text.txt & bit commit -m \"A: remote wins\""
actual stdout was : "[main b42826c] A: remote wins\n 1 file changed, 1 insertion(+), 1 deletion(-)\n"
actual stderr was : ""
actual exit was   : 0
:test/cli\merge-local.test:39: [OK]
actual command was: "cd test\\cli\\output\\work_merge_a & bit push"
actual stdout was : "Verifying local files...\nVerified 4 files. All match metadata.\nPushing to filesystem remote: C:\\Users\\natanh\\repos\\workers\\worker1\\bit\\test\\cli\\output\\shared_merge_remote\nFetching local commits into remote...\nMerging at remote (fast-forward only)...\nSyncing changed files to remote...\nUpdating local tracking ref...\nPush complete.\n"
actual stderr was : ""
actual exit was   : 0
:test/cli\merge-local.test:40: [OK]
actual command was: "cd test\\cli\\output\\work_merge_b & echo local loses version> text.txt & bit add text.txt & bit commit -m \"B: local loses\""
actual stdout was : "[main 8ae2f47] B: local loses\n 1 file changed, 1 insertion(+), 1 deletion(-)\n"
actual stderr was : ""
actual exit was   : 0
:test/cli\merge-local.test:41: [OK]
actual command was: "cd test\\cli\\output\\work_merge_b & bit pull"
actual stdout was : "Pulling from filesystem remote: C:\\Users\\natanh\\repos\\workers\\worker1\\bit\\test\\cli\\output\\shared_merge_remote\nFetching remote commits...\nVerifying remote repository...\nVerified 4 remote files.\nAuto-merging text.txt\nCONFLICT (content): Merge conflict in text.txt\nAutomatic merge failed; fix conflicts and then commit the result.\n\nAutomatic merge failed.\nbit requires you to pick a version for each conflict.\n\nResolving conflicts...\nCONFLICT (content): Merge conflict in text.txt\nConflict [1/1]: text.t...(257 more)"
actual stderr was : "From origin\n * [new branch]      main       -> origin/main\n\n"
actual exit was   : 0
:test/cli\merge-local.test:42: [OK]
actual command was: "findstr /C:\"remote wins version\" test\\cli\\output\\work_merge_b\\.bit\\index\\text.txt >nul"
actual stdout was : ""
actual stderr was : ""
actual exit was   : 0
:test/cli\merge-local.test:43: [OK]
actual command was: "cd test\\cli\\output\\work_merge_b & bit push"
actual stdout was : "Verifying local files...\nVerified 4 files. All match metadata.\nPushing to filesystem remote: C:\\Users\\natanh\\repos\\workers\\worker1\\bit\\test\\cli\\output\\shared_merge_remote\nFetching local commits into remote...\nMerging at remote (fast-forward only)...\nSyncing changed files to remote...\nUpdating local tracking ref...\nPush complete.\n"
actual stderr was : ""
actual exit was   : 0
:test/cli\merge-local.test:44: [OK]
actual command was: "cd test\\cli\\output\\work_merge_a & bit fetch & bit pull"
actual stdout was : "Fetching from filesystem remote: C:\\Users\\natanh\\repos\\workers\\worker1\\bit\\test\\cli\\output\\shared_merge_remote\nFetching remote commits...\nFetch complete.\nPulling from filesystem remote: C:\\Users\\natanh\\repos\\workers\\worker1\\bit\\test\\cli\\output\\shared_merge_remote\nFetching remote commits...\nVerifying remote repository...\nVerified 4 remote files.\nUpdating b42826c..e369a11\nMerge made by the 'recursive' strategy.\n--- Pulling changes from remote ---\nWorking tree already up to date with remote.\nSyncin...(20 more)"
actual stderr was : "From origin\n * [new branch]      main       -> origin/main\nFrom origin\n * [new branch]      main       -> origin/main\n"
actual exit was   : 0
:test/cli\merge-local.test:45: [OK]
actual command was: "cd test\\cli\\output\\work_merge_a & (echo A multi 1)> file1.txt & (echo A multi 2)> file2.txt & bit add file1.txt file2.txt & bit commit -m \"A: modify two files\""
actual stdout was : "[main 1ed3a1f] A: modify two files\n"
actual stderr was : ""
actual exit was   : 0
:test/cli\merge-local.test:46: [OK]
actual command was: "cd test\\cli\\output\\work_merge_a & bit push"
actual stdout was : "Verifying local files...\nVerified 6 files. All match metadata.\nPushing to filesystem remote: C:\\Users\\natanh\\repos\\workers\\worker1\\bit\\test\\cli\\output\\shared_merge_remote\nFetching local commits into remote...\nMerging at remote (fast-forward only)...\nSyncing changed files to remote...\nUpdating local tracking ref...\nPush complete.\n"
actual stderr was : ""
actual exit was   : 0
:test/cli\merge-local.test:47: [OK]
actual command was: "cd test\\cli\\output\\work_merge_b & (echo B multi 1)> file1.txt & (echo B multi 2)> file2.txt & bit add file1.txt file2.txt & bit commit -m \"B: modify two files\""
actual stdout was : "[main 0f4ca1e] B: modify two files\n 2 files changed, 2 insertions(+)\n create mode 100644 file1.txt\n create mode 100644 file2.txt\n"
actual stderr was : ""
actual exit was   : 0
:test/cli\merge-local.test:48: [OK]
actual command was: "cd test\\cli\\output\\work_merge_b & bit pull"
actual stdout was : "Pulling from filesystem remote: C:\\Users\\natanh\\repos\\workers\\worker1\\bit\\test\\cli\\output\\shared_merge_remote\nFetching remote commits...\nVerifying remote repository...\nVerified 6 remote files.\nAuto-merging file1.txt\nCONFLICT (add/add): Merge conflict in file1.txt\nAuto-merging file2.txt\nCONFLICT (add/add): Merge conflict in file2.txt\nAutomatic merge failed; fix conflicts and then commit the result.\n\nAutomatic merge failed.\nbit requires you to pick a version for each conflict.\n\nResolving conflicts...(505 more)"
actual stderr was : "From origin\n * [new branch]      main       -> origin/main\n\n"
actual exit was   : 0
:test/cli\merge-local.test:49: [OK]
actual command was: "findstr /C:\"B multi 1\" test\\cli\\output\\work_merge_b\\.bit\\index\\file1.txt >nul"
actual stdout was : ""
actual stderr was : ""
actual exit was   : 0
:test/cli\merge-local.test:50: [OK]
actual command was: "findstr /C:\"A multi 2\" test\\cli\\output\\work_merge_b\\.bit\\index\\file2.txt >nul"
actual stdout was : ""
actual stderr was : ""
actual exit was   : 0
:test/cli\merge-local.test:51: [OK]
actual command was: "cd test\\cli\\output\\work_merge_b & bit push"
actual stdout was : "Verifying local files...\nVerified 6 files. All match metadata.\nPushing to filesystem remote: C:\\Users\\natanh\\repos\\workers\\worker1\\bit\\test\\cli\\output\\shared_merge_remote\nFetching local commits into remote...\nMerging at remote (fast-forward only)...\nSyncing changed files to remote...\nUpdating local tracking ref...\nPush complete.\n"
actual stderr was : ""
actual exit was   : 0
:test/cli\merge-local.test:52: [OK]
actual command was: "cd test\\cli\\output\\work_merge_a & bit fetch & bit pull"
actual stdout was : "Fetching from filesystem remote: C:\\Users\\natanh\\repos\\workers\\worker1\\bit\\test\\cli\\output\\shared_merge_remote\nFetching remote commits...\nFetch complete.\nPulling from filesystem remote: C:\\Users\\natanh\\repos\\workers\\worker1\\bit\\test\\cli\\output\\shared_merge_remote\nFetching remote commits...\nVerifying remote repository...\nVerified 6 remote files.\nUpdating 1ed3a1f..ac8ad9c\nMerge made by the 'recursive' strategy.\n[main c2c28df] Merge remote\n--- Pulling changes from remote ---\nSyncing binaries... don...(3 more)"
actual stderr was : "From origin\n * [new branch]      main       -> origin/main\nFrom origin\n * [new branch]      main       -> origin/main\n"
actual exit was   : 0
:test/cli\merge-local.test:53: [OK]
actual command was: "cd test\\cli\\output\\work_merge_a & echo A created this> shared_new.txt & bit add shared_new.txt & bit commit -m \"A: add shared_new.txt\""
actual stdout was : "[main 6cb5aa5] A: add shared_new.txt\n 1 file changed, 1 insertion(+)\n create mode 100644 shared_new.txt\n"
actual stderr was : ""
actual exit was   : 0
:test/cli\merge-local.test:54: [OK]
actual command was: "cd test\\cli\\output\\work_merge_a & bit push"
actual stdout was : "Verifying local files...\nVerified 7 files. All match metadata.\nPushing to filesystem remote: C:\\Users\\natanh\\repos\\workers\\worker1\\bit\\test\\cli\\output\\shared_merge_remote\nFetching local commits into remote...\nMerging at remote (fast-forward only)...\nSyncing changed files to remote...\nUpdating local tracking ref...\nPush complete.\n"
actual stderr was : ""
actual exit was   : 0
:test/cli\merge-local.test:55: [OK]
actual command was: "cd test\\cli\\output\\work_merge_b & echo B created this> shared_new.txt & bit add shared_new.txt & bit commit -m \"B: add shared_new.txt\""
actual stdout was : "[main 28bcee3] B: add shared_new.txt\n 1 file changed, 1 insertion(+)\n create mode 100644 shared_new.txt\n"
actual stderr was : ""
actual exit was   : 0
:test/cli\merge-local.test:56: [OK]
actual command was: "cd test\\cli\\output\\work_merge_b & bit pull"
actual stdout was : "Pulling from filesystem remote: C:\\Users\\natanh\\repos\\workers\\worker1\\bit\\test\\cli\\output\\shared_merge_remote\nFetching remote commits...\nVerifying remote repository...\nVerified 7 remote files.\nAuto-merging shared_new.txt\nCONFLICT (add/add): Merge conflict in shared_new.txt\nAutomatic merge failed; fix conflicts and then commit the result.\n\nAutomatic merge failed.\nbit requires you to pick a version for each conflict.\n\nResolving conflicts...\nCONFLICT (add/add): Merge conflict in shared_new.txt\nConf...(281 more)"
actual stderr was : "From origin\n * [new branch]      main       -> origin/main\n\n"
actual exit was   : 0
:test/cli\merge-local.test:57: [OK]
actual command was: "findstr /C:\"A created this\" test\\cli\\output\\work_merge_b\\.bit\\index\\shared_new.txt >nul"
actual stdout was : ""
actual stderr was : ""
actual exit was   : 0
:test/cli\merge-local.test:58: [OK]
actual command was: "cd test\\cli\\output\\work_merge_b & bit status"
actual stdout was : "On branch main\nnothing to commit, working tree clean\n"
actual stderr was : ""
actual exit was   : 0
:test/cli\merge-local.test:59: [OK]
actual command was: "cd test\\cli\\output\\work_merge_b & bit merge --abort"
actual stdout was : ""
actual stderr was : "fatal: There is no merge to abort (MERGE_HEAD missing).\nerror: no merge in progress.\n"
actual exit was   : 1
:test/cli\merge-local.test:60: [OK]
actual command was: "cd test\\cli\\output\\work_merge_b & bit merge --continue"
actual stdout was : ""
actual stderr was : "error: no merge in progress.\n"
actual exit was   : 1
:test/cli\merge-local.test:61: [OK]
actual command was: "cd test\\cli\\output\\work_merge_b & bit push"
actual stdout was : "Verifying local files...\nVerified 7 files. All match metadata.\nPushing to filesystem remote: C:\\Users\\natanh\\repos\\workers\\worker1\\bit\\test\\cli\\output\\shared_merge_remote\nFetching local commits into remote...\nMerging at remote (fast-forward only)...\nSyncing changed files to remote...\nUpdating local tracking ref...\nPush complete.\n"
actual stderr was : ""
actual exit was   : 0
:test/cli\merge-local.test:62: [OK]
actual command was: "cd test\\cli\\output\\work_merge_a & bit fetch & bit pull"
actual stdout was : "Fetching from filesystem remote: C:\\Users\\natanh\\repos\\workers\\worker1\\bit\\test\\cli\\output\\shared_merge_remote\nFetching remote commits...\nFetch complete.\nPulling from filesystem remote: C:\\Users\\natanh\\repos\\workers\\worker1\\bit\\test\\cli\\output\\shared_merge_remote\nFetching remote commits...\nVerifying remote repository...\nVerified 7 remote files.\nUpdating 6cb5aa5..d078f19\nMerge made by the 'recursive' strategy.\n--- Pulling changes from remote ---\nWorking tree already up to date with remote.\nSyncin...(20 more)"
actual stderr was : "From origin\n * [new branch]      main       -> origin/main\nFrom origin\n * [new branch]      main       -> origin/main\n"
actual exit was   : 0
:test/cli\merge-local.test:63: [OK]
actual command was: "cd test\\cli\\output\\work_merge_a & echo accept remote test> text.txt & bit add text.txt & bit commit -m \"A: accept-remote test\""
actual stdout was : "[main 6f22051] A: accept-remote test\n"
actual stderr was : ""
actual exit was   : 0
:test/cli\merge-local.test:64: [OK]
actual command was: "cd test\\cli\\output\\work_merge_a & bit push"
actual stdout was : "Verifying local files...\nVerified 7 files. All match metadata.\nPushing to filesystem remote: C:\\Users\\natanh\\repos\\workers\\worker1\\bit\\test\\cli\\output\\shared_merge_remote\nFetching local commits into remote...\nMerging at remote (fast-forward only)...\nSyncing changed files to remote...\nUpdating local tracking ref...\nPush complete.\n"
actual stderr was : ""
actual exit was   : 0
:test/cli\merge-local.test:65: [OK]
actual command was: "cd test\\cli\\output\\work_merge_b & bit pull origin --accept-remote"
actual stdout was : "Pulling from filesystem remote: C:\\Users\\natanh\\repos\\workers\\worker1\\bit\\test\\cli\\output\\shared_merge_remote\nFetching remote commits...\nAccepting remote file state as truth...\n--- Pulling changes from remote ---\nPull with --accept-remote completed.\n"
actual stderr was : "From origin\n * [new branch]      main       -> origin/main\n"
actual exit was   : 0
:test/cli\merge-local.test:66: [OK]
actual command was: "findstr /C:\"accept remote test\" test\\cli\\output\\work_merge_b\\.bit\\index\\text.txt >nul"
actual stdout was : ""
actual stderr was : ""
actual exit was   : 0
:test/cli\merge-local.test:67: [OK]
actual command was: "cd test\\cli\\output\\work_merge_b & bit status"
actual stdout was : "On branch main\nnothing to commit, working tree clean\n"
actual stderr was : ""
actual exit was   : 0
:test/cli\merge-local.test:68: actual command was: "cd test\\cli\\output\\work_merge_a & bit status"
[OK]
actual stdout was : "On branch main\nnothing to commit, working tree clean\n"
actual stderr was : ""
actual exit was   : 0
:test/cli\merge-local.test:69: [OK]
actual command was: "cd test\\cli\\output\\work_merge_a & bit fsck"
actual stdout was : ""
actual stderr was : ""
actual exit was   : 0
:test/cli\merge-local.test:70: [OK]
actual command was: "timeout /t 1 >nul & rmdir /s /q test\\cli\\output\\work_merge_a 2>nul & rmdir /s /q test\\cli\\output\\work_merge_b 2>nul & rmdir /s /q test\\cli\\output\\shared_merge_remote 2>nul & echo cleanup done"
actual stdout was : "cleanup done\n"
actual stderr was : "ERROR: Input redirection is not supported, exiting the process immediately.\n"
actual exit was   : 0
:test/cli\merge-local.test:71: [OK]
actual command was: "rmdir /s /q test\\cli\\output\\work_norepo 2>nul & mkdir test\\cli\\output\\work_norepo"
actual stdout was : ""
actual stderr was : ""
actual exit was   : 0
:test/cli\no-repo.test:1: [OK]
actual command was: "cd test\\cli\\output\\work_norepo & bit status 2>&1"
actual stdout was : "fatal: not a bit repository (or any of the parent directories): .bit\n"
actual stderr was : ""
actual exit was   : 1
:test/cli\no-repo.test:2: [OK]
actual command was: "if exist \"test\\cli\\output\\work_norepo\\.bit\\\" (echo exists) else (echo not created)"
actual stdout was : "not created\n"
actual stderr was : ""
actual exit was   : 0
:test/cli\no-repo.test:3: [OK]
actual command was: "cd test\\cli\\output\\work_norepo & echo test> file.txt & bit add file.txt 2>&1"
actual stdout was : "fatal: not a bit repository (or any of the parent directories): .bit\n"
actual stderr was : ""
actual exit was   : 1
:test/cli\no-repo.test:4: [OK]
actual command was: "if exist \"test\\cli\\output\\work_norepo\\.bit\\\" (echo exists) else (echo not created)"
actual stdout was : "not created\n"
actual stderr was : ""
actual exit was   : 0
:test/cli\no-repo.test:5: [OK]
actual command was: "cd test\\cli\\output\\work_norepo & bit commit -m \"test\" 2>&1"
actual stdout was : "fatal: not a bit repository (or any of the parent directories): .bit\n"
actual stderr was : ""
actual exit was   : 1
:test/cli\no-repo.test:6: [OK]
actual command was: "cd test\\cli\\output\\work_norepo & bit log 2>&1"
actual stdout was : "fatal: not a bit repository (or any of the parent directories): .bit\n"
actual stderr was : ""
actual exit was   : 1
:test/cli\no-repo.test:7: [OK]
actual command was: "cd test\\cli\\output\\work_norepo & bit diff 2>&1"
actual stdout was : "fatal: not a bit repository (or any of the parent directories): .bit\n"
actual stderr was : ""
actual exit was   : 1
:test/cli\no-repo.test:8: [OK]
actual command was: "cd test\\cli\\output\\work_norepo & bit push 2>&1"
actual stdout was : "fatal: not a bit repository (or any of the parent directories): .bit\n"
actual stderr was : ""
actual exit was   : 1
:test/cli\no-repo.test:9: [OK]
actual command was: "cd test\\cli\\output\\work_norepo & bit pull 2>&1"
actual stdout was : "fatal: not a bit repository (or any of the parent directories): .bit\n"
actual stderr was : ""
actual exit was   : 1
:test/cli\no-repo.test:10: [OK]
actual command was: "cd test\\cli\\output\\work_norepo & bit fetch 2>&1"
actual stdout was : "fatal: not a bit repository (or any of the parent directories): .bit\n"
actual stderr was : ""
actual exit was   : 1
actual command was: "cd test\\cli\\output\\work_norepo & bit restore file.txt 2>&1"
:test/cli\no-repo.test:11: [OK]
actual stdout was : "fatal: not a bit repository (or any of the parent directories): .bit\n"
actual stderr was : ""
actual exit was   : 1
:test/cli\no-repo.test:12: [OK]
actual command was: "cd test\\cli\\output\\work_norepo & bit checkout file.txt 2>&1"
actual stdout was : "fatal: not a bit repository (or any of the parent directories): .bit\n"
actual stderr was : ""
actual exit was   : 1
:test/cli\no-repo.test:13: [OK]
actual command was: "cd test\\cli\\output\\work_norepo & bit remote show 2>&1"
actual stdout was : "fatal: not a bit repository (or any of the parent directories): .bit\n"
actual stderr was : ""
actual exit was   : 1
:test/cli\no-repo.test:14: [OK]
actual command was: "cd test\\cli\\output\\work_norepo & bit remote add origin /tmp/remote 2>&1"
actual stdout was : "fatal: not a bit repository (or any of the parent directories): .bit\n"
actual stderr was : ""
actual exit was   : 1
:test/cli\no-repo.test:15: [OK]
actual command was: "cd test\\cli\\output\\work_norepo & bit verify 2>&1"
actual stdout was : "fatal: not a bit repository (or any of the parent directories): .bit\n"
actual stderr was : ""
actual exit was   : 1
:test/cli\no-repo.test:16: [OK]
actual command was: "if exist \"test\\cli\\output\\work_norepo\\.bit\\\" (echo exists) else (echo not created)"
actual stdout was : "not created\n"
actual stderr was : ""
actual exit was   : 0
:test/cli\no-repo.test:17: [OK]
actual command was: "cd test\\cli\\output\\work_norepo & bit init"
actual stdout was : "Initializing bit in: C:\\Users\\natanh\\repos\\workers\\worker1\\bit\\test\\cli\\output\\work_norepo\nbit initialized successfully!\n"
actual stderr was : ""
actual exit was   : 0
:test/cli\no-repo.test:18: [OK]
actual command was: "if exist \"test\\cli\\output\\work_norepo\\.bit\\\" (echo exists) else (echo missing)"
actual stdout was : "exists\n"
actual stderr was : ""
actual exit was   : 0
:test/cli\no-repo.test:19: [OK]
actual command was: "del test\\cli\\output\\work_norepo\\file.txt 2>nul"
actual stdout was : ""
actual stderr was : ""
actual exit was   : 0
:test/cli\no-repo.test:20: [OK]
actual command was: "cd test\\cli\\output\\work_norepo & bit status"
actual stdout was : "On branch main\n\nNo commits yet\n\nnothing to commit (create/copy files and use \"git add\" to track)\n"
actual stderr was : ""
actual exit was   : 0
:test/cli\no-repo.test:21: [OK]
actual command was: "rmdir /s /q test\\cli\\output\\work_norepo 2>nul"
actual stdout was : ""
actual stderr was : ""
actual exit was   : 0
:test/cli\no-repo.test:22: [OK]
actual command was: "rmdir /s /q test\\cli\\output\\work 2>nul & mkdir test\\cli\\output\\work & cd test\\cli\\output\\work & bit init"
actual stdout was : "Initializing bit in: C:\\Users\\natanh\\repos\\workers\\worker1\\bit\\test\\cli\\output\\work\nbit initialized successfully!\n"
actual stderr was : ""
actual exit was   : 0
:test/cli\one-repo.test:1: [OK]
actual command was: "cd test\\cli\\output\\work & echo hello> test.txt & bit add test.txt"
actual stdout was : ""
actual stderr was : ""
actual exit was   : 0
:test/cli\one-repo.test:2: [OK]
actual command was: "if exist \"test\\cli\\output\\work\\.bit\\index\\test.txt\" (echo metadata exists) else (echo missing)"
actual stdout was : "metadata exists\n"
actual stderr was : ""
actual exit was   : 0
:test/cli\one-repo.test:3: [OK]
actual command was: "findstr /C:\"hello\" test\\cli\\output\\work\\.bit\\index\\test.txt >nul"
actual stdout was : ""
actual stderr was : ""
actual exit was   : 0
:test/cli\one-repo.test:4: [OK]
actual command was: "cd test\\cli\\output\\work & bit status"
actual stdout was : "On branch main\n\nNo commits yet\n\nChanges to be committed:\n  (use \"bit rm --cached <file>...\" to unstage)\n\tnew file:   test.txt\n\n"
actual stderr was : ""
actual exit was   : 0
:test/cli\one-repo.test:5: [OK]
actual command was: "cd test\\cli\\output\\work & bit commit -m \"Add test.txt\""
actual stdout was : "[main (root-commit) 42f667f] Add test.txt\n 1 file changed, 1 insertion(+)\n create mode 100644 test.txt\n"
actual stderr was : ""
actual exit was   : 0
:test/cli\one-repo.test:6: [OK]
actual command was: "cd test\\cli\\output\\work & bit status"
actual stdout was : "On branch main\nnothing to commit, working tree clean\n"
actual stderr was : ""
actual exit was   : 0
:test/cli\one-repo.test:7: [OK]
actual command was: "cd test\\cli\\output\\work & echo x> file.bin & bit add file.bin"
actual stdout was : ""
actual stderr was : ""
actual exit was   : 0
:test/cli\one-repo.test:8: [OK]
actual command was: "if exist \"test\\cli\\output\\work\\.bit\\index\\file.bin\" (echo metadata exists) else (echo missing)"
actual stdout was : "metadata exists\n"
actual stderr was : ""
actual exit was   : 0
:test/cli\one-repo.test:9: [OK]
actual command was: "findstr /C:\"hash:\" test\\cli\\output\\work\\.bit\\index\\file.bin >nul"
actual stdout was : ""
actual stderr was : ""
actual exit was   : 0
:test/cli\one-repo.test:10: [OK]
actual command was: "findstr /C:\"size:\" test\\cli\\output\\work\\.bit\\index\\file.bin >nul"
actual stdout was : ""
actual stderr was : ""
actual exit was   : 0
:test/cli\one-repo.test:11: [OK]
actual command was: "cd test\\cli\\output\\work & bit status"
actual stdout was : "On branch main\nChanges to be committed:\n  (use \"bit restore --staged <file>...\" to unstage)\n\tnew file:   file.bin\n\n"
actual stderr was : ""
actual exit was   : 0
:test/cli\one-repo.test:12: [OK]
actual command was: "cd test\\cli\\output\\work & bit commit -m \"Add file.bin\""
actual stdout was : "[main b29377c] Add file.bin\n 1 file changed, 2 insertions(+)\n create mode 100644 file.bin\n"
actual stderr was : ""
actual exit was   : 0
:test/cli\one-repo.test:13: [OK]
actual command was: "cd test\\cli\\output\\work & echo data> data.txt & echo notes> notes.txt & bit add ."
actual stdout was : ""
actual stderr was : ""
actual exit was   : 0
:test/cli\one-repo.test:14: [OK]
actual command was: "if exist \"test\\cli\\output\\work\\.bit\\index\\data.txt\" (echo data ok) else (echo missing)"
actual stdout was : "data ok\n"
actual stderr was : ""
actual exit was   : 0
:test/cli\one-repo.test:15: [OK]
actual command was: "if exist \"test\\cli\\output\\work\\.bit\\index\\notes.txt\" (echo notes ok) else (echo missing)"
actual stdout was : "notes ok\n"
actual stderr was : ""
actual exit was   : 0
:test/cli\one-repo.test:16: [OK]
actual command was: "cd test\\cli\\output\\work & bit status"
actual stdout was : "On branch main\nChanges to be committed:\n  (use \"bit restore --staged <file>...\" to unstage)\n\tnew file:   data.txt\n\tnew file:   notes.txt\n\n"
actual stderr was : ""
actual exit was   : 0
:test/cli\one-repo.test:17: [OK]
actual command was: "cd test\\cli\\output\\work & bit commit -m \"Add data and notes\""
actual stdout was : "[main ad4fed0] Add data and notes\n 2 files changed, 2 insertions(+)\n create mode 100644 data.txt\n create mode 100644 notes.txt\n"
actual stderr was : ""
actual exit was   : 0
:test/cli\one-repo.test:18: [OK]
actual command was: "cd test\\cli\\output\\work & echo hello world> test.txt & bit add test.txt"
actual stdout was : ""
actual stderr was : ""
actual exit was   : 0
:test/cli\one-repo.test:19: [OK]
actual command was: "findstr /C:\"hello world\" test\\cli\\output\\work\\.bit\\index\\test.txt >nul"
actual stdout was : ""
actual stderr was : ""
actual exit was   : 0
:test/cli\one-repo.test:20: [OK]
actual command was: "cd test\\cli\\output\\work & bit status"
actual stdout was : "On branch main\nChanges to be committed:\n  (use \"bit restore --staged <file>...\" to unstage)\n\tmodified:   test.txt\n\n"
actual stderr was : ""
actual exit was   : 0
:test/cli\one-repo.test:21: [OK]
actual command was: "cd test\\cli\\output\\work & bit commit -m \"Update test.txt\""
actual stdout was : "[main e89d0c9] Update test.txt\n 1 file changed, 1 insertion(+), 1 deletion(-)\n"
actual stderr was : ""
actual exit was   : 0
:test/cli\one-repo.test:22: [OK]
actual command was: "cd test\\cli\\output\\work & bit status"
actual stdout was : "On branch main\nnothing to commit, working tree clean\n"
actual stderr was : ""
actual exit was   : 0
:test/cli\one-repo.test:23: [OK]
actual command was: "cd test\\cli\\output\\work & bit log --oneline"
actual stdout was : "e89d0c9 Update test.txt\nad4fed0 Add data and notes\nb29377c Add file.bin\n42f667f Add test.txt\n"
actual stderr was : ""
actual exit was   : 0
:test/cli\one-repo.test:24: [OK]
actual command was: "cd test\\cli\\output\\work & bit log --pretty=format:\"%s\" -n 1"
actual stdout was : "Update test.txt"
actual stderr was : ""
actual exit was   : 0
:test/cli\one-repo.test:25: [OK]actual command was: "timeout /t 1 >nul & rmdir /s /q test\\cli\\output\\work_path_safety 2>nul & echo cleanup done"

actual stdout was : "cleanup done\n"
actual stderr was : "ERROR: Input redirection is not supported, exiting the process immediately.\n"
actual exit was   : 0
:test/cli\path-type-safety.test:1: [OK]
actual command was: "mkdir test\\cli\\output\\work_path_safety"
actual stdout was : ""
actual stderr was : ""
actual exit was   : 0
:test/cli\path-type-safety.test:2: [OK]
actual command was: "cd test\\cli\\output\\work_path_safety & bit init"
actual stdout was : "Initializing bit in: C:\\Users\\natanh\\repos\\workers\\worker1\\bit\\test\\cli\\output\\work_path_safety\nbit initialized successfully!\n"
actual stderr was : ""
actual exit was   : 0
:test/cli\path-type-safety.test:3: [OK]
actual command was: "mkdir test\\cli\\output\\work_path_safety\\sub"
actual stdout was : ""
actual stderr was : ""
actual exit was   : 0
:test/cli\path-type-safety.test:4: [OK]
actual command was: "echo hello> test\\cli\\output\\work_path_safety\\sub\\file.txt"
actual stdout was : ""
actual stderr was : ""
actual exit was   : 0
:test/cli\path-type-safety.test:5: [OK]
actual command was: "mkdir test\\cli\\output\\work_path_safety\\.bit\\junk"
actual stdout was : ""
actual stderr was : ""
actual exit was   : 0
:test/cli\path-type-safety.test:6: [OK]
actual command was: "echo nope> test\\cli\\output\\work_path_safety\\.bit\\junk\\should_not_show.txt"
actual stdout was : ""
actual stderr was : ""
actual exit was   : 0
:test/cli\path-type-safety.test:7: [OK]
actual command was: "cd test\\cli\\output\\work_path_safety & bit add . & bit commit -m \"Add nested file\""
actual stdout was : "[main (root-commit) 9803d63] Add nested file\n 1 file changed, 1 insertion(+)\n create mode 100644 sub/file.txt\n"
actual stderr was : ""
actual exit was   : 0
:test/cli\path-type-safety.test:8: [OK]
actual command was: "cd test\\cli\\output\\work_path_safety & bit ls-files | findstr /R /C:\"sub[\\\\/]*file\\.txt\" >nul"
actual stdout was : ""
actual stderr was : ""
actual exit was   : 0
:test/cli\path-type-safety.test:9: [OK]
actual command was: "cd test\\cli\\output\\work_path_safety & bit ls-files | findstr /C:\".bit\" >nul"
actual stdout was : ""
actual stderr was : ""
actual exit was   : 1
:test/cli\path-type-safety.test:10: [OK]
actual command was: "timeout /t 1 >nul & rmdir /s /q test\\cli\\output\\work_path_safety 2>nul & echo cleanup done"
actual stdout was : "cleanup done\n"
actual stderr was : "ERROR: Input redirection is not supported, exiting the process immediately.\n"
actual exit was   : 0
:test/cli\path-type-safety.test:11: [OK]
actual command was: "timeout /t 1 >nul & rmdir /s /q test\\cli\\output\\work_process 2>nul & echo cleanup done"
actual stdout was : "cleanup done\n"
actual stderr was : "ERROR: Input redirection is not supported, exiting the process immediately.\n"
actual exit was   : 0
:test/cli\process-io.test:1: [OK]
actual command was: "mkdir test\\cli\\output\\work_process"
actual stdout was : ""
actual stderr was : ""
actual exit was   : 0
:test/cli\process-io.test:2: [OK]
actual command was: "cd test\\cli\\output\\work_process & bit init"
actual stdout was : "Initializing bit in: C:\\Users\\natanh\\repos\\workers\\worker1\\bit\\test\\cli\\output\\work_process\nbit initialized successfully!\n"
actual stderr was : ""
actual exit was   : 0
:test/cli\process-io.test:3: [OK]
actual command was: "cd test\\cli\\output\\work_process & bit status"
actual stdout was : "On branch main\n\nNo commits yet\n\nnothing to commit (create/copy files and use \"git add\" to track)\n"
actual stderr was : ""
actual exit was   : 0
:test/cli\process-io.test:4: [OK]
actual command was: "cd test\\cli\\output\\work_process & bit status"
actual stdout was : "On branch main\n\nNo commits yet\n\nnothing to commit (create/copy files and use \"git add\" to track)\n"
actual stderr was : ""
actual exit was   : 0
:test/cli\process-io.test:5: [OK]
actual command was: "cd test\\cli\\output\\work_process & bit status"
actual stdout was : "On branch main\n\nNo commits yet\n\nnothing to commit (create/copy files and use \"git add\" to track)\n"
actual stderr was : ""
actual exit was   : 0
:test/cli\process-io.test:6: [OK]
actual command was: "cd test\\cli\\output\\work_process & echo test > file.txt"
actual stdout was : ""
actual stderr was : ""
actual exit was   : 0
:test/cli\process-io.test:7: [OK]
actual command was: "cd test\\cli\\output\\work_process & bit status"
actual stdout was : "On branch main\n\nNo commits yet\n\nUntracked files:\n  (use \"bit add <file>...\" to include in what will be committed)\n\tfile.txt\n\nnothing added to commit but untracked files present (use \"bit add\" to track)\n"
actual stderr was : ""
actual exit was   : 0
:test/cli\process-io.test:8: [OK]
actual command was: "cd test\\cli\\output\\work_process & bit status"
actual stdout was : "On branch main\n\nNo commits yet\n\nUntracked files:\n  (use \"bit add <file>...\" to include in what will be committed)\n\tfile.txt\n\nnothing added to commit but untracked files present (use \"bit add\" to track)\n"
actual stderr was : ""
actual exit was   : 0
:test/cli\process-io.test:9: [OK]
actual command was: "cd test\\cli\\output\\work_process & bit add nonexistent_file.txt"
actual stdout was : ""
actual stderr was : "fatal: pathspec 'nonexistent_file.txt' did not match any files\nbit: git exited with code 128\n"
actual exit was   : 128
:test/cli\process-io.test:10: [OK]
actual command was: "timeout /t 1 >nul & rmdir /s /q test\\cli\\output\\work_process 2>nul & echo cleanup done"
actual stdout was : "cleanup done\n"
actual stderr was : "ERROR: Input redirection is not supported, exiting the process immediately.\n"
actual exit was   : 0
:test/cli\process-io.test:11: [OK]
actual command was: "timeout /t 1 >nul & rmdir /s /q test\\cli\\output\\work_progress_a 2>nul & rmdir /s /q test\\cli\\output\\work_progress_b 2>nul & rmdir /s /q test\\cli\\output\\fs_remote_progress 2>nul & echo cleanup done"
actual stdout was : "cleanup done\n"
actual stderr was : "ERROR: Input redirection is not supported, exiting the process immediately.\n"
actual exit was   : 0
:test/cli\progress-reporting.test:1: [OK]
actual command was: "mkdir test\\cli\\output\\work_progress_a & mkdir test\\cli\\output\\work_progress_b & mkdir test\\cli\\output\\fs_remote_progress"
actual stdout was : ""
actual stderr was : ""
actual exit was   : 0
:test/cli\progress-reporting.test:2: [OK]
actual command was: "cd test\\cli\\output\\work_progress_a & bit init"
actual stdout was : "Initializing bit in: C:\\Users\\natanh\\repos\\workers\\worker1\\bit\\test\\cli\\output\\work_progress_a\nbit initialized successfully!\n"
actual stderr was : ""
actual exit was   : 0
:test/cli\progress-reporting.test:3: [OK]
actual command was: "cd test\\cli\\output\\work_progress_a & bit remote add origin ..\\fs_remote_progress"
actual stdout was : "Remote 'origin' added (C:\\Users\\natanh\\repos\\workers\\worker1\\bit\\test\\cli\\output\\fs_remote_progress).\n"
actual stderr was : ""
actual exit was   : 0
:test/cli\progress-reporting.test:4: [OK]
actual command was: "cd test\\cli\\output\\work_progress_a & echo binary content> data1.bin & echo binary content> data2.bin & echo binary content> data3.bin & bit add . & bit commit -m \"Add binary files\""
actual stdout was : "[main (root-commit) f5f3642] Add binary files\n 3 files changed, 6 insertions(+)\n create mode 100644 data1.bin\n create mode 100644 data2.bin\n create mode 100644 data3.bin\n"
actual stderr was : ""
actual exit was   : 0
:test/cli\progress-reporting.test:5: [OK]
actual command was: "cd test\\cli\\output\\work_progress_a & bit push"
actual stdout was : "Verifying local files...\nVerified 3 files. All match metadata.\nPushing to filesystem remote: C:\\Users\\natanh\\repos\\workers\\worker1\\bit\\test\\cli\\output\\fs_remote_progress\nFirst push: initializing bit repo at remote...\nFetching local commits into remote...\nMerging at remote (fast-forward only)...\nFirst push: syncing all files to remote...\nUpdating local tracking ref...\nPush complete.\n"
actual stderr was : ""
actual exit was   : 0
:test/cli\progress-reporting.test:6: [OK]
actual command was: "if exist \"test\\cli\\output\\fs_remote_progress\\data1.bin\" (echo files exist) else (echo missing)"
actual stdout was : "files exist\n"
actual stderr was : ""
actual exit was   : 0
:test/cli\progress-reporting.test:7: [OK]
actual command was: "cd test\\cli\\output\\work_progress_b & bit init"
actual stdout was : "Initializing bit in: C:\\Users\\natanh\\repos\\workers\\worker1\\bit\\test\\cli\\output\\work_progress_b\nbit initialized successfully!\n"
actual stderr was : ""
actual exit was   : 0
:test/cli\progress-reporting.test:8: [OK]
actual command was: "cd test\\cli\\output\\work_progress_b & bit remote add origin ..\\fs_remote_progress"
actual stdout was : "Remote 'origin' added (C:\\Users\\natanh\\repos\\workers\\worker1\\bit\\test\\cli\\output\\fs_remote_progress).\n"
actual stderr was : ""
actual exit was   : 0
:test/cli\progress-reporting.test:9: [OK]
actual command was: "cd test\\cli\\output\\work_progress_b & bit pull"
actual stdout was : "Pulling from filesystem remote: C:\\Users\\natanh\\repos\\workers\\worker1\\bit\\test\\cli\\output\\fs_remote_progress\nFetching remote commits...\nVerifying remote repository...\nVerified 3 remote files.\nChecking out f5f3642 (first pull)\nSyncing binaries... done.\n"
actual stderr was : "From origin\n * [new branch]      main       -> origin/main\n"
actual exit was   : 0
:test/cli\progress-reporting.test:10: [OK]
actual command was: "if exist \"test\\cli\\output\\work_progress_b\\data1.bin\" (echo files exist) else (echo missing)"
actual stdout was : "files exist\n"
actual stderr was : ""
actual exit was   : 0
:test/cli\progress-reporting.test:11: [OK]
actual command was: "cd test\\cli\\output\\work_progress_a & echo modified> data1.bin & bit add data1.bin & bit commit -m \"Modify data1\""
actual stdout was : "[main 380b824] Modify data1\n 1 file changed, 2 insertions(+), 2 deletions(-)\n"
actual stderr was : ""
actual exit was   : 0
:test/cli\progress-reporting.test:12: [OK]
actual command was: "cd test\\cli\\output\\work_progress_a & bit push"
actual stdout was : "Verifying local files...\nVerified 3 files. All match metadata.\nPushing to filesystem remote: C:\\Users\\natanh\\repos\\workers\\worker1\\bit\\test\\cli\\output\\fs_remote_progress\nFetching local commits into remote...\nMerging at remote (fast-forward only)...\nSyncing changed files to remote...\nUpdating local tracking ref...\nPush complete.\n"
actual stderr was : ""
actual exit was   : 0
:test/cli\progress-reporting.test:13: [OK]
actual command was: "cd test\\cli\\output\\work_progress_b & echo modified> data2.bin & bit add data2.bin & bit commit -m \"Modify data2\""
actual stdout was : "[main c3ce09f] Modify data2\n 1 file changed, 2 insertions(+), 2 deletions(-)\n"
actual stderr was : ""
actual exit was   : 0
:test/cli\progress-reporting.test:14: [OK]
actual command was: "cd test\\cli\\output\\work_progress_b & bit pull"
actual stdout was : "Pulling from filesystem remote: C:\\Users\\natanh\\repos\\workers\\worker1\\bit\\test\\cli\\output\\fs_remote_progress\nFetching remote commits...\nVerifying remote repository...\nVerified 3 remote files.\nUpdating c3ce09f..380b824\nMerge made by the 'recursive' strategy.\n[main 27470b0] Merge remote\n--- Pulling changes from remote ---\nSyncing binaries... done.\n"
actual stderr was : "From origin\n * [new branch]      main       -> origin/main\n"
actual exit was   : 0
:test/cli\progress-reporting.test:15: [OK]
actual command was: "timeout /t 1 >nul & rmdir /s /q test\\cli\\output\\work_progress_a 2>nul & rmdir /s /q test\\cli\\output\\work_progress_b 2>nul & rmdir /s /q test\\cli\\output\\fs_remote_progress 2>nul & echo cleanup done"
actual stdout was : "cleanup done\n"
actual stderr was : "ERROR: Input redirection is not supported, exiting the process immediately.\n"
actual exit was   : 0
:test/cli\progress-reporting.test:16: [OK]
actual command was: "timeout /t 1 >nul & rmdir /s /q test\\cli\\output\\work_pop_local 2>nul & rmdir /s /q test\\cli\\output\\work_pop_remote 2>nul & echo cleanup done"
actual stdout was : "cleanup done\n"
actual stderr was : "ERROR: Input redirection is not supported, exiting the process immediately.\n"
actual exit was   : 0
:test/cli\proof-of-possession.test:1: [OK]
actual command was: "mkdir test\\cli\\output\\work_pop_local"
actual stdout was : ""
actual stderr was : ""
actual exit was   : 0
:test/cli\proof-of-possession.test:2: [OK]
actual command was: "cd test\\cli\\output\\work_pop_local & bit init"
actual stdout was : "Initializing bit in: C:\\Users\\natanh\\repos\\workers\\worker1\\bit\\test\\cli\\output\\work_pop_local\nbit initialized successfully!\n"
actual stderr was : ""
actual exit was   : 0
:test/cli\proof-of-possession.test:3: [OK]
actual command was: "cd test\\cli\\output\\work_pop_local & echo original content > file.txt & bit add file.txt"
actual stdout was : ""
actual stderr was : ""
actual exit was   : 0
:test/cli\proof-of-possession.test:4: [OK]
actual command was: "cd test\\cli\\output\\work_pop_local & bit commit -m \"Initial commit\""
actual stdout was : "[main (root-commit) 6964fb4] Initial commit\n 1 file changed, 1 insertion(+)\n create mode 100644 file.txt\n"
actual stderr was : ""
actual exit was   : 0
:test/cli\proof-of-possession.test:5: [OK]
actual command was: "mkdir test\\cli\\output\\work_pop_remote"
actual stdout was : ""
actual stderr was : ""
actual exit was   : 0
:test/cli\proof-of-possession.test:6: [OK]
actual command was: "cd test\\cli\\output\\work_pop_local & bit remote add origin ..\\work_pop_remote"
actual stdout was : "Remote 'origin' added (C:\\Users\\natanh\\repos\\workers\\worker1\\bit\\test\\cli\\output\\work_pop_remote).\n"
actual stderr was : ""
actual exit was   : 0
:test/cli\proof-of-possession.test:7: [OK]
actual command was: "cd test\\cli\\output\\work_pop_local & bit push -u origin"
actual stdout was : "Verifying local files...\nVerified 1 files. All match metadata.\nPushing to filesystem remote: C:\\Users\\natanh\\repos\\workers\\worker1\\bit\\test\\cli\\output\\work_pop_remote\nFirst push: initializing bit repo at remote...\nFetching local commits into remote...\nMerging at remote (fast-forward only)...\nFirst push: syncing all files to remote...\nUpdating local tracking ref...\nPush complete.\nbranch 'main' set up to track 'origin/main'.\n"
actual stderr was : ""
actual exit was   : 0
:test/cli\proof-of-possession.test:8: [OK]
actual command was: "cd test\\cli\\output\\work_pop_local & del file.txt & bit push"
actual stdout was : "Verifying local files...\n"
actual stderr was : "error: Working tree does not match metadata (1 issues).\n[ERROR] Missing: file.txt\nhint: Run 'bit verify' to see all mismatches.\nhint: Run 'bit add' to update metadata, or 'bit restore' to restore files.\nhint: Run 'bit push --force' to push anyway (unsafe).\n"
actual exit was   : 1
:test/cli\proof-of-possession.test:9: [OK]
actual command was: "cd test\\cli\\output\\work_pop_local & echo original content > file.txt & bit push --force"
actual stdout was : "Pushing to filesystem remote: C:\\Users\\natanh\\repos\\workers\\worker1\\bit\\test\\cli\\output\\work_pop_remote\nFetching local commits into remote...\nMerging at remote (fast-forward only)...\nSyncing changed files to remote...\nUpdating local tracking ref...\nPush complete.\n"
actual stderr was : ""
actual exit was   : 0
:test/cli\proof-of-possession.test:10: [OK]
actual command was: "cd test\\cli\\output\\work_pop_remote & echo corrupted content > file.txt & cd ..\\work_pop_local & bit pull"
actual stdout was : "Pulling from filesystem remote: C:\\Users\\natanh\\repos\\workers\\worker1\\bit\\test\\cli\\output\\work_pop_remote\nFetching remote commits...\nVerifying remote repository...\n"
actual stderr was : "From origin\n * [new branch]      main       -> origin/main\nerror: Remote working tree does not match remote metadata (1 issues).\n[ERROR] Hash mismatch: file.txt\n  Expected: (committed)\n  Actual:   md5:b5a7d416549ccb89b0b9355854e8d769\nhint: Run 'bit verify' in the remote repo to see all mismatches.\nhint: Run 'bit pull --accept-remote' to accept the remote's actual state.\nhint: Run 'bit push --force' to overwrite remote with local state.\n"
actual exit was   : 1
:test/cli\proof-of-possession.test:11: [OK]
actual command was: "cd test\\cli\\output\\work_pop_local & bit pull --skip-verify"
actual stdout was : "Pulling from filesystem remote: C:\\Users\\natanh\\repos\\workers\\worker1\\bit\\test\\cli\\output\\work_pop_remote\nFetching remote commits...\nUpdating 6964fb4..6964fb4\nMerge made by the 'recursive' strategy.\n--- Pulling changes from remote ---\nWorking tree already up to date with remote.\nSyncing binaries... done.\n"
actual stderr was : "From origin\n * [new branch]      main       -> origin/main\n"
actual exit was   : 0
:test/cli\proof-of-possession.test:12: [OK]
actual command was: "cd test\\cli\\output\\work_pop_remote & echo corrupted again > file.txt & cd ..\\work_pop_local & bit pull origin --accept-remote"
actual stdout was : "Pulling from filesystem remote: C:\\Users\\natanh\\repos\\workers\\worker1\\bit\\test\\cli\\output\\work_pop_remote\nFetching remote commits...\nAccepting remote file state as truth...\n--- Pulling changes from remote ---\nWorking tree already up to date with remote.\nPull with --accept-remote completed.\n"
actual stderr was : "From origin\n * [new branch]      main       -> origin/main\n"
actual exit was   : 0
:test/cli\proof-of-possession.test:13: [OK]
actual command was: "timeout /t 1 >nul & rmdir /s /q test\\cli\\output\\work_pop_local 2>nul & rmdir /s /q test\\cli\\output\\work_pop_remote 2>nul & echo cleanup done"
actual stdout was : "cleanup done\n"
actual stderr was : "ERROR: Input redirection is not supported, exiting the process immediately.\n"
actual exit was   : 0
:test/cli\proof-of-possession.test:14: [OK]
actual command was: "timeout /t 1 >nul & rmdir /s /q test\\cli\\output\\work_rflag_a 2>nul & rmdir /s /q test\\cli\\output\\fs_remote_rflag 2>nul & echo cleanup done"
actual stdout was : "cleanup done\n"
actual stderr was : "ERROR: Input redirection is not supported, exiting the process immediately.\n"
actual exit was   : 0
:test/cli\remote-flag.test:1: [OK]
actual command was: "mkdir test\\cli\\output\\fs_remote_rflag"
actual stdout was : ""
actual stderr was : ""
actual exit was   : 0
:test/cli\remote-flag.test:2: [OK]
actual command was: "echo Text file 1 > test\\cli\\output\\fs_remote_rflag\\file1.txt"
actual stdout was : ""
actual stderr was : ""
actual exit was   : 0
:test/cli\remote-flag.test:3: [OK]
actual command was: "echo Binary content > test\\cli\\output\\fs_remote_rflag\\data.bin"
actual stdout was : ""
actual stderr was : ""
actual exit was   : 0
:test/cli\remote-flag.test:4: [OK]
actual command was: "mkdir test\\cli\\output\\fs_remote_rflag\\subdir"
actual stdout was : ""
actual stderr was : ""
actual exit was   : 0
:test/cli\remote-flag.test:5: [OK]
actual command was: "echo Subdir text > test\\cli\\output\\fs_remote_rflag\\subdir\\file2.txt"
actual stdout was : ""
actual stderr was : ""
actual exit was   : 0
:test/cli\remote-flag.test:6:actual command was: "mkdir test\\cli\\output\\work_rflag_a"
 [OK]
actual stdout was : ""
actual stderr was : ""
actual exit was   : 0
:test/cli\remote-flag.test:7: [OK]
actual command was: "cd test\\cli\\output\\work_rflag_a & bit init"
actual stdout was : "Initializing bit in: C:\\Users\\natanh\\repos\\workers\\worker1\\bit\\test\\cli\\output\\work_rflag_a\nbit initialized successfully!\n"
actual stderr was : ""
actual exit was   : 0
:test/cli\remote-flag.test:8: [OK]
actual command was: "cd test\\cli\\output\\work_rflag_a & bit remote add origin ..\\fs_remote_rflag"
actual stdout was : "Remote 'origin' added (C:\\Users\\natanh\\repos\\workers\\worker1\\bit\\test\\cli\\output\\fs_remote_rflag).\n"
actual stderr was : ""
actual exit was   : 0
:test/cli\remote-flag.test:9: [OK]
actual command was: "cd test\\cli\\output\\work_rflag_a & bit --remote origin init"
actual stdout was : "Initialized bit repository on remote 'origin'.\n"
actual stderr was : ""
actual exit was   : 0
:test/cli\remote-flag.test:10: [OK]
actual command was: "cd test\\cli\\output\\work_rflag_a & if exist .bit\\remote-workspaces\\origin\\.git (echo workspace exists) else (echo no workspace)"
actual stdout was : "no workspace\n"
actual stderr was : ""
actual exit was   : 0
:test/cli\remote-flag.test:11: [OK]
actual command was: "cd test\\cli\\output\\work_rflag_a & if exist ..\\fs_remote_rflag\\.bit\\bit.bundle echo bundle exists"
actual stdout was : "bundle exists\n"
actual stderr was : ""
actual exit was   : 0
:test/cli\remote-flag.test:12: [OK]
actual command was: "cd test\\cli\\output\\work_rflag_a & bit --remote origin add ."
actual stdout was : "Scanning remote...\nFound 3 files on remote.\n  1 binary files (by size/extension)\n  2 small files to classify...\nDownloading 2 text files...\nRemote metadata updated.\nCreating metadata bundle...\nPushing bundle to remote...\nChanges pushed to remote.\n"
actual stderr was : ""
actual exit was   : 0
:test/cli\remote-flag.test:13: [OK]
actual command was: "cd test\\cli\\output\\work_rflag_a & bit --remote origin status"
actual stdout was : "Scanning remote...\nFound 3 files on remote.\n  1 binary files (by size/extension)\n  2 small files to classify...\nDownloading 2 text files...\nOn branch main\nnothing to commit, working tree clean\n"
actual stderr was : ""
actual exit was   : 0
:test/cli\remote-flag.test:14: [OK]
actual command was: "cd test\\cli\\output\\work_rflag_a & bit --remote origin commit --amend -m \"Commit via --remote flag\""
actual stdout was : "[main 90f5b9d] Commit via --remote flag\n Date: Tue Feb 10 19:31:09 2026 +0200\n 3 files changed, 4 insertions(+)\n create mode 100644 data.bin\n create mode 100644 file1.txt\n create mode 100644 subdir/file2.txt\nCreating metadata bundle...\nPushing bundle to remote...\nChanges pushed to remote.\n"
actual stderr was : ""
actual exit was   : 0
:test/cli\remote-flag.test:15: [OK]
actual command was: "cd test\\cli\\output\\work_rflag_a & if exist ..\\fs_remote_rflag\\.bit\\bit.bundle echo bundle exists"
actual stdout was : "bundle exists\n"
actual stderr was : ""
actual exit was   : 0
:test/cli\remote-flag.test:16: [OK]
actual command was: "cd test\\cli\\output\\work_rflag_a & bit --remote origin log --oneline"
actual stdout was : ""
actual stderr was : "fatal: failed to checkout main branch.\nfatal: not a git repository (or any of the parent directories): .git\n\n"
actual exit was   : 1
:test/cli\remote-flag.test:17: [Failed]
Command (at line 130):
cd test\cli\output\work_rflag_a & bit --remote origin log --oneline
Expected stdout: 
/Commit via --remote flag/
Got stdout:      
Expected exit code: 
0
Got exit code:      
1
actual command was: "cd test\\cli\\output\\work_rflag_a & bit --remote"
actual stdout was : ""
actual stderr was : "fatal: '--remote' requires a remote name argument.\n"
actual exit was   : 1
:test/cli\remote-flag.test:18: [OK]
actual command was: "cd test\\cli\\output\\work_rflag_a & bit --remote fake init"
actual stdout was : ""
actual stderr was : "fatal: remote 'fake' not found.\n"
actual exit was   : 1
:test/cli\remote-flag.test:19: [OK]
actual command was: "cd test\\cli\\output\\work_rflag_a & bit --remote origin push"
actual stdout was : ""
actual stderr was : "error: command not supported in remote context: push\nSupported: init, add, commit, status, log, ls-files\n"
actual exit was   : 1
:test/cli\remote-flag.test:20: [OK]
actual command was: "cd test\\cli\\output\\work_rflag_a & bit verify --remote"
actual stdout was : "Verifying remote files...\n[OK] All 0 files match metadata.\n"
actual stderr was : ""
actual exit was   : 0
:test/cli\remote-flag.test:21: [OK]
actual command was: "timeout /t 1 >nul & rmdir /s /q test\\cli\\output\\work_rflag_a 2>nul & rmdir /s /q test\\cli\\output\\fs_remote_rflag 2>nul & echo cleanup done"
actual stdout was : "cleanup done\n"
actual stderr was : "ERROR: Input redirection is not supported, exiting the process immediately.\n"
actual exit was   : 0
:test/cli\remote-flag.test:22: [OK]
actual command was: "timeout /t 1 >nul & rmdir /s /q test\\cli\\output\\work_repair 2>nul & rmdir /s /q test\\cli\\output\\remote_repair 2>nul & echo cleanup done"
actual stdout was : "cleanup done\n"
actual stderr was : "ERROR: Input redirection is not supported, exiting the process immediately.\n"
actual exit was   : 0
:test/cli\remote-repair.test:1: [OK]
actual command was: "rmdir /s /q test\\cli\\output\\work_repair 2>nul & mkdir test\\cli\\output\\work_repair & cd test\\cli\\output\\work_repair & bit init"
actual stdout was : "Initializing bit in: C:\\Users\\natanh\\repos\\workers\\worker1\\bit\\test\\cli\\output\\work_repair\nbit initialized successfully!\n"
actual stderr was : ""
actual exit was   : 0
:test/cli\remote-repair.test:2: [OK]
actual command was: "cd test\\cli\\output\\work_repair & bit remote repair"
actual stdout was : ""
actual stderr was : "fatal: No remote configured.\nhint: Set remote with 'bit remote add <name> <url>'\n"
actual exit was   : 1
:test/cli\remote-repair.test:3: [OK]
actual command was: "rmdir /s /q test\\cli\\output\\work_repair 2>nul & rmdir /s /q test\\cli\\output\\remote_repair 2>nul & mkdir test\\cli\\output\\work_repair & mkdir test\\cli\\output\\remote_repair & cd test\\cli\\output\\work_repair & bit init & echo hello> greet.txt & echo binarydata> data.bin & bit add greet.txt data.bin & bit commit -m \"Add files\""
actual stdout was : "Initializing bit in: C:\\Users\\natanh\\repos\\workers\\worker1\\bit\\test\\cli\\output\\work_repair\nbit initialized successfully!\n[main (root-commit) 4105a31] Add files\n 2 files changed, 3 insertions(+)\n create mode 100644 data.bin\n create mode 100644 greet.txt\n"
actual stderr was : ""
actual exit was   : 0
:test/cli\remote-repair.test:4: [OK]
actual command was: "cd test\\cli\\output\\work_repair & bit remote add origin ..\\remote_repair"
actual stdout was : "Remote 'origin' added (C:\\Users\\natanh\\repos\\workers\\worker1\\bit\\test\\cli\\output\\remote_repair).\n"
actual stderr was : ""
actual exit was   : 0
:test/cli\remote-repair.test:5: [OK]
actual command was: "cd test\\cli\\output\\work_repair & bit push"
actual stdout was : "Verifying local files...\nVerified 2 files. All match metadata.\nPushing to filesystem remote: C:\\Users\\natanh\\repos\\workers\\worker1\\bit\\test\\cli\\output\\remote_repair\nFirst push: initializing bit repo at remote...\nFetching local commits into remote...\nMerging at remote (fast-forward only)...\nFirst push: syncing all files to remote...\nUpdating local tracking ref...\nPush complete.\n"
actual stderr was : ""
actual exit was   : 0
:test/cli\remote-repair.test:6: [OK]
actual command was: "cd test\\cli\\output\\work_repair & bit remote repair"
actual stdout was : "Repairing against remote: origin (C:\\Users\\natanh\\repos\\workers\\worker1\\bit\\test\\cli\\output\\remote_repair)\n\nVerifying local files...\n  2 files checked, 0 issues\nVerifying remote files...\n  2 files checked, 0 issues\n\nAll files verified. Nothing to repair.\n"
actual stderr was : ""
actual exit was   : 0
:test/cli\remote-repair.test:7: [OK]
actual command was: "cd test\\cli\\output\\work_repair & echo corrupted> data.bin"
actual stdout was : ""
actual stderr was : ""
actual exit was   : 0
:test/cli\remote-repair.test:8: [OK]
actual command was: "cd test\\cli\\output\\work_repair & bit remote repair"
actual stdout was : "Repairing against remote: origin (C:\\Users\\natanh\\repos\\workers\\worker1\\bit\\test\\cli\\output\\remote_repair)\n\nVerifying local files...\n  2 files checked, 1 issues\nVerifying remote files...\n  2 files checked, 0 issues\n\nRepairing 1 file(s)...\n  [REPAIRED] data.bin\n\n1 repaired, 0 failed, 0 unrepairable.\n"
actual stderr was : ""
actual exit was   : 0
:test/cli\remote-repair.test:9: [OK]
actual command was: "cd test\\cli\\output\\work_repair & bit remote repair"
actual stdout was : "Repairing against remote: origin (C:\\Users\\natanh\\repos\\workers\\worker1\\bit\\test\\cli\\output\\remote_repair)\n\nVerifying local files...\n  2 files checked, 0 issues\nVerifying remote files...\n  2 files checked, 0 issues\n\nAll files verified. Nothing to repair.\n"
actual stderr was : ""
actual exit was   : 0
:test/cli\remote-repair.test:10: [OK]
actual command was: "cd test\\cli\\output\\work_repair & echo stale_corrupt> data.bin"
actual stdout was : ""
actual stderr was : ""
actual exit was   : 0
:test/cli\remote-repair.test:11: [OK]
actual command was: "cd test\\cli\\output\\work_repair & bit status"
actual stdout was : "On branch main\nChanges not staged for commit:\n  (use \"bit add <file>...\" to update what will be committed)\n  (use \"bit restore <file>...\" to discard changes in working directory)\n\tmodified:   data.bin\n\nno changes added to commit (use \"bit add\" and/or \"git commit -a\")\n"
actual stderr was : ""
actual exit was   : 0
:test/cli\remote-repair.test:12: [OK]
actual command was: "cd test\\cli\\output\\work_repair & bit remote repair"
actual stdout was : "Repairing against remote: origin (C:\\Users\\natanh\\repos\\workers\\worker1\\bit\\test\\cli\\output\\remote_repair)\n\nVerifying local files...\n  2 files checked, 1 issues\nVerifying remote files...\n  2 files checked, 0 issues\n\nRepairing 1 file(s)...\n  [REPAIRED] data.bin\n\n1 repaired, 0 failed, 0 unrepairable.\n"
actual stderr was : ""
actual exit was   : 0
:test/cli\remote-repair.test:13: [OK]
actual command was: "cd test\\cli\\output\\work_repair & bit remote repair"
actual stdout was : "Repairing against remote: origin (C:\\Users\\natanh\\repos\\workers\\worker1\\bit\\test\\cli\\output\\remote_repair)\n\nVerifying local files...\n  2 files checked, 0 issues\nVerifying remote files...\n  2 files checked, 0 issues\n\nAll files verified. Nothing to repair.\n"
actual stderr was : ""
actual exit was   : 0
:test/cli\remote-repair.test:14: [OK]
actual command was: "cd test\\cli\\output\\work_repair & echo local_corrupt> data.bin"
actual stdout was : ""
actual stderr was : ""
actual exit was   : 0
:test/cli\remote-repair.test:15: [OK]
actual command was: "cd test\\cli\\output\\remote_repair & echo remote_corrupt> data.bin"
actual stdout was : ""
actual stderr was : ""
actual exit was   : 0
:test/cli\remote-repair.test:16: [OK]
actual command was: "cd test\\cli\\output\\work_repair & bit remote repair"
actual stdout was : "Repairing against remote: origin (C:\\Users\\natanh\\repos\\workers\\worker1\\bit\\test\\cli\\output\\remote_repair)\n\nVerifying local files...\n  2 files checked, 1 issues\nVerifying remote files...\n  2 files checked, 1 issues\n\n\n0 repaired, 0 failed, 2 unrepairable.\n"
actual stderr was : "  [UNREPAIRABLE] data.bin\n  [UNREPAIRABLE] data.bin\n"
actual exit was   : 1
:test/cli\remote-repair.test:17: [OK]
actual command was: "timeout /t 1 >nul & rmdir /s /q test\\cli\\output\\work_repair 2>nul & rmdir /s /q test\\cli\\output\\remote_repair 2>nul"
actual stdout was : ""
actual stderr was : "ERROR: Input redirection is not supported, exiting the process immediately.\n"
actual exit was   : 0
:test/cli\remote-repair.test:18: [OK]
actual command was: "timeout /t 1 >nul & rmdir /s /q test\\cli\\output\\work_remote_show 2>nul & rmdir /s /q test\\cli\\output\\remote_show_a 2>nul & rmdir /s /q test\\cli\\output\\remote_show_b 2>nul & echo cleanup done"
actual stdout was : "cleanup done\n"
actual stderr was : "ERROR: Input redirection is not supported, exiting the process immediately.\n"
actual exit was   : 0
:test/cli\remote-show.test:1: [OK]
actual command was: "mkdir test\\cli\\output\\work_remote_show"
actual stdout was : ""
actual stderr was : ""
actual exit was   : 0
:test/cli\remote-show.test:2: [OK]
actual command was: "cd test\\cli\\output\\work_remote_show & bit init"
actual stdout was : "Initializing bit in: C:\\Users\\natanh\\repos\\workers\\worker1\\bit\\test\\cli\\output\\work_remote_show\nbit initialized successfully!\n"
actual stderr was : ""
actual exit was   : 0
:test/cli\remote-show.test:3: [OK]
actual command was: "cd test\\cli\\output\\work_remote_show & bit remote show"
actual stdout was : "No remotes configured. Use 'bit remote add <name> <url>' to add one.\n"
actual stderr was : ""
actual exit was   : 0
:test/cli\remote-show.test:4: [OK]
actual command was: "mkdir test\\cli\\output\\remote_show_a"
actual stdout was : ""
actual stderr was : ""
actual exit was   : 0
:test/cli\remote-show.test:5: [OK]
actual command was: "cd test\\cli\\output\\work_remote_show & bit remote add dok1 ..\\remote_show_a"
actual stdout was : "Remote 'dok1' added (C:\\Users\\natanh\\repos\\workers\\worker1\\bit\\test\\cli\\output\\remote_show_a).\n"
actual stderr was : ""
actual exit was   : 0
:test/cli\remote-show.test:6: [OK]
actual command was: "cd test\\cli\\output\\work_remote_show & bit remote show"
actual stdout was : "dok1 \915\1494\1506 C:\\Users\\natanh\\repos\\workers\\worker1\\bit\\test\\cli\\output\\remote_show_a (local path)\n"
actual stderr was : ""
actual exit was   : 0
:test/cli\remote-show.test:7: [OK]
actual command was: "cd test\\cli\\output\\work_remote_show & bit remote show dok1"
actual stdout was : "dok1 \915\1494\1506 C:\\Users\\natanh\\repos\\workers\\worker1\\bit\\test\\cli\\output\\remote_show_a (local path)\n\n  Fetch URL: C:\\Users\\natanh\\repos\\workers\\worker1\\bit\\test\\cli\\output\\remote_show_a\n  Push  URL: C:\\Users\\natanh\\repos\\workers\\worker1\\bit\\test\\cli\\output\\remote_show_a\n\n  HEAD branch: (unknown)\n\n  Local branch configured for 'bit pull':\n    main merges with remote (unknown)\n\n  Local refs configured for 'bit push':\n    main pushes to main (unknown)\n"
actual stderr was : "Aborting: Remote is empty. Run 'bit push' first.\n"
actual exit was   : 0
:test/cli\remote-show.test:8: [OK]
actual command was: "mkdir test\\cli\\output\\remote_show_b"
actual stdout was : ""
actual stderr was : ""
actual exit was   : 0
:test/cli\remote-show.test:9: [OK]
actual command was: "cd test\\cli\\output\\work_remote_show & bit remote add backup ..\\remote_show_b"
actual stdout was : "Remote 'backup' added (C:\\Users\\natanh\\repos\\workers\\worker1\\bit\\test\\cli\\output\\remote_show_b).\n"
actual stderr was : ""
actual exit was   : 0
:test/cli\remote-show.test:10: [OK]
actual command was: "cd test\\cli\\output\\work_remote_show & bit remote show"
actual stdout was : "dok1 \915\1494\1506 C:\\Users\\natanh\\repos\\workers\\worker1\\bit\\test\\cli\\output\\remote_show_a (local path)\nbackup \915\1494\1506 C:\\Users\\natanh\\repos\\workers\\worker1\\bit\\test\\cli\\output\\remote_show_b (local path)\n"
actual stderr was : ""
actual exit was   : 0
:test/cli\remote-show.test:11: [OK]
actual command was: "cd test\\cli\\output\\work_remote_show & bit remote show"
actual stdout was : "dok1 \915\1494\1506 C:\\Users\\natanh\\repos\\workers\\worker1\\bit\\test\\cli\\output\\remote_show_a (local path)\nbackup \915\1494\1506 C:\\Users\\natanh\\repos\\workers\\worker1\\bit\\test\\cli\\output\\remote_show_b (local path)\n"
actual stderr was : ""
actual exit was   : 0
:test/cli\remote-show.test:12: [OK]
actual command was: "cd test\\cli\\output\\work_remote_show & bit remote show backup"
actual stdout was : "backup \915\1494\1506 C:\\Users\\natanh\\repos\\workers\\worker1\\bit\\test\\cli\\output\\remote_show_b (local path)\n\n  Fetch URL: C:\\Users\\natanh\\repos\\workers\\worker1\\bit\\test\\cli\\output\\remote_show_b\n  Push  URL: C:\\Users\\natanh\\repos\\workers\\worker1\\bit\\test\\cli\\output\\remote_show_b\n\n  HEAD branch: (unknown)\n\n  Local branch configured for 'bit pull':\n    main merges with remote (unknown)\n\n  Local refs configured for 'bit push':\n    main pushes to main (unknown)\n"
actual stderr was : "Aborting: Remote is empty. Run 'bit push' first.\n"
actual exit was   : 0
:test/cli\remote-show.test:13: [OK]
actual command was: "timeout /t 1 >nul & rmdir /s /q test\\cli\\output\\work_remote_show 2>nul & rmdir /s /q test\\cli\\output\\remote_show_a 2>nul & rmdir /s /q test\\cli\\output\\remote_show_b 2>nul & echo cleanup done"
actual stdout was : "cleanup done\n"
actual stderr was : "ERROR: Input redirection is not supported, exiting the process immediately.\n"
actual exit was   : 0
:test/cli\remote-show.test:14: [OK]
actual command was: "timeout /t 1 >nul & rmdir /s /q test\\cli\\output\\work_rmt_a 2>nul & rmdir /s /q test\\cli\\output\\fs_remote_rmt 2>nul & echo cleanup done"
actual stdout was : "cleanup done\n"
actual stderr was : "ERROR: Input redirection is not supported, exiting the process immediately.\n"
actual exit was   : 0
:test/cli\remote-targeted.test:1: [OK]
actual command was: "mkdir test\\cli\\output\\fs_remote_rmt"
actual stdout was : ""
actual stderr was : ""
actual exit was   : 0
:test/cli\remote-targeted.test:2: [OK]
actual command was: "echo Text file 1 > test\\cli\\output\\fs_remote_rmt\\file1.txt"
actual stdout was : ""
actual stderr was : ""
actual exit was   : 0
:test/cli\remote-targeted.test:3: [OK]
actual command was: "echo Text file 2 > test\\cli\\output\\fs_remote_rmt\\file2.md"
actual stdout was : ""
actual stderr was : ""
actual exit was   : 0
:test/cli\remote-targeted.test:4: [OK]
actual command was: "mkdir test\\cli\\output\\fs_remote_rmt\\subdir"
actual stdout was : ""
actual stderr was : ""
actual exit was   : 0
:test/cli\remote-targeted.test:5: [OK]
actual command was: "echo Subdir text > test\\cli\\output\\fs_remote_rmt\\subdir\\file3.txt"
actual stdout was : ""
actual stderr was : ""
actual exit was   : 0
:test/cli\remote-targeted.test:6: [OK]
actual command was: "echo Binary content > test\\cli\\output\\fs_remote_rmt\\data.bin"
actual stdout was : ""
actual stderr was : ""
actual exit was   : 0
:test/cli\remote-targeted.test:7: [OK]
actual command was: "mkdir test\\cli\\output\\work_rmt_a"
actual stdout was : ""
actual stderr was : ""
actual exit was   : 0
:test/cli\remote-targeted.test:8: [OK]
actual command was: "cd test\\cli\\output\\work_rmt_a & bit init"
actual stdout was : "Initializing bit in: C:\\Users\\natanh\\repos\\workers\\worker1\\bit\\test\\cli\\output\\work_rmt_a\nbit initialized successfully!\n"
actual stderr was : ""
actual exit was   : 0
:test/cli\remote-targeted.test:9: [OK]
actual command was: "cd test\\cli\\output\\work_rmt_a & bit remote add origin ..\\fs_remote_rmt"
actual stdout was : "Remote 'origin' added (C:\\Users\\natanh\\repos\\workers\\worker1\\bit\\test\\cli\\output\\fs_remote_rmt).\n"
actual stderr was : ""
actual exit was   : 0
:test/cli\remote-targeted.test:10: [OK]
actual command was: "cd test\\cli\\output\\work_rmt_a & bit @origin init"
actual stdout was : "Initialized bit repository on remote 'origin'.\n"
actual stderr was : ""
actual exit was   : 0
:test/cli\remote-targeted.test:11: [OK]
actual command was: "cd test\\cli\\output\\work_rmt_a & if exist .bit\\remote-workspaces\\origin\\.git (echo workspace exists) else (echo no workspace)"
actual stdout was : "no workspace\n"
actual stderr was : ""
actual exit was   : 0
:test/cli\remote-targeted.test:12: [OK]
actual command was: "cd test\\cli\\output\\work_rmt_a & if exist ..\\fs_remote_rmt\\.bit\\bit.bundle echo bundle exists"
actual stdout was : "bundle exists\n"
actual stderr was : ""
actual exit was   : 0
:test/cli\remote-targeted.test:13: [OK]
actual command was: "cd test\\cli\\output\\work_rmt_a & bit @origin init"
actual stdout was : ""
actual stderr was : "fatal: remote already has a bit repository.\n"
actual exit was   : 1
:test/cli\remote-targeted.test:14: [OK]
actual command was: "cd test\\cli\\output\\work_rmt_a & bit @origin add ."
actual stdout was : "Scanning remote...\nFound 4 files on remote.\n  1 binary files (by size/extension)\n  3 small files to classify...\nDownloading 3 text files...\nRemote metadata updated.\nCreating metadata bundle...\nPushing bundle to remote...\nChanges pushed to remote.\n"
actual stderr was : ""
actual exit was   : 0
:test/cli\remote-targeted.test:15: [OK]
actual command was: "cd test\\cli\\output\\work_rmt_a & if exist ..\\fs_remote_rmt\\.bit\\bit.bundle echo bundle exists"
actual stdout was : "bundle exists\n"
actual stderr was : ""
actual exit was   : 0
:test/cli\remote-targeted.test:16: [OK]
actual command was: "cd test\\cli\\output\\work_rmt_a & bit @origin add ."
actual stdout was : "Scanning remote...\nFound 4 files on remote.\n  1 binary files (by size/extension)\n  3 small files to classify...\nDownloading 3 text files...\n"
actual stderr was : "error: failed to stage files.\n"
actual exit was   : 128
:test/cli\remote-targeted.test:17: [Failed]
Command (at line 125):
cd test\cli\output\work_rmt_a & bit @origin add .
Expected stdout: 
/Nothing to add|up to date/
Got stdout:      
Scanning remote...
Found 4 files on remote.
  1 binary files (by size/extension)
  3 small files to classify...
Downloading 3 text files...
Expected exit code: 
0
Got exit code:      
128
actual command was: "cd test\\cli\\output\\work_rmt_a & bit @nonexistent add ."
actual stdout was : ""
actual stderr was : "fatal: remote 'nonexistent' not found.\n"
actual exit was   : 1
:test/cli\remote-targeted.test:18: [OK]
actual command was: "cd test\\cli\\output\\work_rmt_a & bit @origin status"
actual stdout was : "Scanning remote...\nFound 4 files on remote.\n  1 binary files (by size/extension)\n  3 small files to classify...\nDownloading 3 text files...\nOn branch main\nnothing to commit, working tree clean\n"
actual stderr was : ""
actual exit was   : 0
:test/cli\remote-targeted.test:19: [OK]
actual command was: "echo New untracked file > test\\cli\\output\\fs_remote_rmt\\newfile.txt"
actual stdout was : ""
actual stderr was : ""
actual exit was   : 0
:test/cli\remote-targeted.test:20: [OK]
actual command was: "cd test\\cli\\output\\work_rmt_a & bit @origin status"
actual stdout was : "Scanning remote...\nFound 5 files on remote.\n  1 binary files (by size/extension)\n  4 small files to classify...\nDownloading 4 text files...\nOn branch main\nnothing to commit, working tree clean\n"
actual stderr was : ""
actual exit was   : 0
:test/cli\remote-targeted.test:21: [Failed]
Command (at line 153):
cd test\cli\output\work_rmt_a & bit @origin status
Expected stdout: 
/newfile\.txt/
Got stdout:      
Scanning remote...
Found 5 files on remote.
  1 binary files (by size/extension)
  4 small files to classify...
Downloading 4 text files...
On branch main
nothing to commit, working tree clean

actual command was: "cd test\\cli\\output\\work_rmt_a & bit @origin add ."
actual stdout was : "Scanning remote...\nFound 5 files on remote.\n  1 binary files (by size/extension)\n  4 small files to classify...\nDownloading 4 text files...\nRemote metadata updated.\nCreating metadata bundle...\n"
actual stderr was : "fatal: failed to create bundle.\n"
actual exit was   : 1
:test/cli\remote-targeted.test:22: [Failed]
Command (at line 159):
cd test\cli\output\work_rmt_a & bit @origin add .
Expected exit code: 
0
Got exit code:      
1
actual command was: "cd test\\cli\\output\\work_rmt_a & bit @origin log --oneline"
actual stdout was : "d675399 Update remote metadata\n335bd26 Initial remote repository\n"
actual stderr was : ""
actual exit was   : 0
:test/cli\remote-targeted.test:23: [OK]
actual command was: "cd test\\cli\\output\\work_rmt_a & bit @origin ls-files"
actual stdout was : "Scanning remote...\nFound 5 files on remote.\n  1 binary files (by size/extension)\n  4 small files to classify...\nDownloading 4 text files...\n"
actual stderr was : "fatal: not a git repository (or any of the parent directories): .git\nbit: git exited with code 128\n"
actual exit was   : 128
:test/cli\remote-targeted.test:24: [Failed]
Command (at line 179):
cd test\cli\output\work_rmt_a & bit @origin ls-files
Expected stdout: 
/file1\.txt/
Got stdout:      
Scanning remote...
Found 5 files on remote.
  1 binary files (by size/extension)
  4 small files to classify...
Downloading 4 text files...
Expected exit code: 
0
Got exit code:      
128
actual command was: "cd test\\cli\\output\\work_rmt_a & bit --remote origin ls-files"
actual stdout was : "Scanning remote...\nFound 5 files on remote.\n  1 binary files (by size/extension)\n  4 small files to classify...\nDownloading 4 text files...\ndata.bin\nfile1.txt\nfile2.md\nnewfile.txt\nsubdir/file3.txt\n"
actual stderr was : ""
actual exit was   : 0
:test/cli\remote-targeted.test:25: [OK]
actual command was: "cd test\\cli\\output\\work_rmt_a & bit @origin commit --amend -m \"Initial metadata scan\""
actual stdout was : "[main 4cb76b9] Initial metadata scan\n Date: Tue Feb 10 19:31:43 2026 +0200\n 4 files changed, 5 insertions(+)\n create mode 100644 data.bin\n create mode 100644 file1.txt\n create mode 100644 file2.md\n create mode 100644 subdir/file3.txt\nCreating metadata bundle...\nPushing bundle to remote...\nChanges pushed to remote.\n"
actual stderr was : ""
actual exit was   : 0
:test/cli\remote-targeted.test:26: [OK]
actual command was: "cd test\\cli\\output\\work_rmt_a & bit @origin log --oneline"
actual stdout was : ""
actual stderr was : "fatal: not a git repository (or any of the parent directories): .git\nbit: git exited with code 128\n"
actual exit was   : 128
:test/cli\remote-targeted.test:27: [Failed]
Command (at line 201):
cd test\cli\output\work_rmt_a & bit @origin log --oneline
Expected stdout: 
/Initial metadata scan/
Got stdout:      
Expected exit code: 
0
Got exit code:      
128
actual command was: "cd test\\cli\\output\\work_rmt_a & bit --remote origin status"
actual stdout was : "Scanning remote...\nFound 5 files on remote.\n  1 binary files (by size/extension)\n  4 small files to classify...\nDownloading 4 text files...\n"
actual stderr was : "fatal: not a git repository (or any of the parent directories): .git\nbit: git exited with code 128\n"
actual exit was   : 128
:test/cli\remote-targeted.test:28: [Failed]
Command (at line 211):
cd test\cli\output\work_rmt_a & bit --remote origin status
Expected exit code: 
0
Got exit code:      
128
actual command was: "cd test\\cli\\output\\work_rmt_a & bit --remote origin log --oneline"
actual stdout was : "4cb76b9 Initial metadata scan\n335bd26 Initial remote repository\n"
actual stderr was : ""
actual exit was   : 0
:test/cli\remote-targeted.test:29: [OK]
actual command was: "cd test\\cli\\output\\work_rmt_a & bit @origin push"
actual stdout was : ""
actual stderr was : "error: command not supported in remote context: push\nSupported: init, add, commit, status, log, ls-files\n"
actual exit was   : 1
:test/cli\remote-targeted.test:30: [OK]
actual command was: "cd test\\cli\\output\\work_rmt_a & bit @fake init"
actual stdout was : ""
actual stderr was : "fatal: remote 'fake' not found.\n"
actual exit was   : 1
:test/cli\remote-targeted.test:31: [OK]
actual command was: "mkdir test\\cli\\output\\work_rmt_a\\notrepo"
actual stdout was : ""
actual stderr was : ""
actual exit was   : 0
:test/cli\remote-targeted.test:32: [OK]
actual command was: "cd test\\cli\\output\\work_rmt_a\\notrepo & bit @origin init"
actual stdout was : ""
actual stderr was : "fatal: not a bit repository (or any of the parent directories): .bit\n"
actual exit was   : 1
:test/cli\remote-targeted.test:33: [OK]
actual command was: "timeout /t 1 >nul & rmdir /s /q test\\cli\\output\\work_rmt_a 2>nul & rmdir /s /q test\\cli\\output\\fs_remote_rmt 2>nul & echo cleanup done"
actual stdout was : "cleanup done\n"
actual stderr was : "ERROR: Input redirection is not supported, exiting the process immediately.\n"
actual exit was   : 0
:test/cli\remote-targeted.test:34: [OK]
actual command was: "rmdir /s /q test\\cli\\output\\work 2>nul & mkdir test\\cli\\output\\work & cd test\\cli\\output\\work & bit init"
actual stdout was : "Initializing bit in: C:\\Users\\natanh\\repos\\workers\\worker1\\bit\\test\\cli\\output\\work\nbit initialized successfully!\n"
actual stderr was : ""
actual exit was   : 0
:test/cli\restore-checkout.test:1: [OK]
actual command was: "cd test\\cli\\output\\work & echo original> file.txt & bit add file.txt & bit commit -m \"Add file\""
actual stdout was : "[main (root-commit) e9a2744] Add file\n 1 file changed, 1 insertion(+)\n create mode 100644 file.txt\n"
actual stderr was : ""
actual exit was   : 0
:test/cli\restore-checkout.test:2: [OK]
actual command was: "cd test\\cli\\output\\work & echo modified> file.txt"
actual stdout was : ""
actual stderr was : ""
actual exit was   : 0
:test/cli\restore-checkout.test:3: [OK]
actual command was: "cd test\\cli\\output\\work & bit restore file.txt"
actual stdout was : ""
actual stderr was : ""
actual exit was   : 0
:test/cli\restore-checkout.test:4: [OK]
actual command was: "findstr /C:\"original\" test\\cli\\output\\work\\file.txt >nul"
actual stdout was : ""
actual stderr was : ""
actual exit was   : 0
:test/cli\restore-checkout.test:5: [OK]
actual command was: "cd test\\cli\\output\\work & echo changed> file.txt & bit restore -- file.txt"
actual stdout was : ""
actual stderr was : ""
actual exit was   : 0
:test/cli\restore-checkout.test:6: [OK]
actual command was: "findstr /C:\"original\" test\\cli\\output\\work\\file.txt >nul"
actual stdout was : ""
actual stderr was : ""
actual exit was   : 0
:test/cli\restore-checkout.test:7: [OK]
actual command was: "cd test\\cli\\output\\work & echo discarded> file.txt & bit checkout -- file.txt"
actual stdout was : ""
actual stderr was : ""
actual exit was   : 0
:test/cli\restore-checkout.test:8: [OK]
actual command was: "findstr /C:\"original\" test\\cli\\output\\work\\file.txt >nul"
actual stdout was : ""
actual stderr was : ""
actual exit was   : 0
:test/cli\restore-checkout.test:9: [OK]
actual command was: "cd test\\cli\\output\\work & echo staged change> file.txt & bit add file.txt"
actual stdout was : ""
actual stderr was : ""
actual exit was   : 0
:test/cli\restore-checkout.test:10: [OK]
actual command was: "cd test\\cli\\output\\work & bit restore --staged file.txt"
actual stdout was : ""
actual stderr was : ""
actual exit was   : 0
:test/cli\restore-checkout.test:11: [OK]
actual command was: "cd test\\cli\\output\\work & bit status"
actual stdout was : "On branch main\nChanges not staged for commit:\n  (use \"bit add <file>...\" to update what will be committed)\n  (use \"bit restore <file>...\" to discard changes in working directory)\n\tmodified:   file.txt\n\nno changes added to commit (use \"bit add\" and/or \"git commit -a\")\n"
actual stderr was : ""
actual exit was   : 0
:test/cli\restore-checkout.test:12: [OK]
actual command was: "findstr /C:\"staged change\" test\\cli\\output\\work\\file.txt >nul"
actual stdout was : ""
actual stderr was : ""
actual exit was   : 0
:test/cli\restore-checkout.test:13: [OK]
actual command was: "cd test\\cli\\output\\work & bit restore file.txt"
actual stdout was : ""
actual stderr was : ""
actual exit was   : 0
:test/cli\restore-checkout.test:14: [OK]
actual command was: "findstr /C:\"original\" test\\cli\\output\\work\\file.txt >nul"
actual stdout was : ""
actual stderr was : ""
actual exit was   : 0
:test/cli\restore-checkout.test:15: [OK]
actual command was: "cd test\\cli\\output\\work & bit status"
actual stdout was : "On branch main\nnothing to commit, working tree clean\n"
actual stderr was : ""
actual exit was   : 0
:test/cli\restore-checkout.test:16: [actual command was: "cd test\\cli\\output\\work & echo a> a.txt & echo b> b.txt & bit add . & bit commit -m \"Add a and b\""
OK]
actual stdout was : "[main a25bf3a] Add a and b\n 2 files changed, 2 insertions(+)\n create mode 100644 a.txt\n create mode 100644 b.txt\n"
actual stderr was : ""
actual exit was   : 0
:test/cli\restore-checkout.test:17: [OK]
actual command was: "cd test\\cli\\output\\work & echo x> a.txt & echo y> b.txt & bit restore ."
actual stdout was : ""
actual stderr was : ""
actual exit was   : 0
:test/cli\restore-checkout.test:18: [OK]
actual command was: "findstr /C:\"a\" test\\cli\\output\\work\\a.txt >nul"
actual stdout was : ""
actual stderr was : ""
actual exit was   : 0
:test/cli\restore-checkout.test:19: [OK]
actual command was: "findstr /C:\"b\" test\\cli\\output\\work\\b.txt >nul"
actual stdout was : ""
actual stderr was : ""
actual exit was   : 0
:test/cli\restore-checkout.test:20: [OK]
actual command was: "cd test\\cli\\output\\work & echo XX> a.txt & echo YY> b.txt & bit checkout -- a.txt b.txt"
actual stdout was : ""
actual stderr was : ""
actual exit was   : 0
:test/cli\restore-checkout.test:21: [OK]
actual command was: "findstr /C:\"a\" test\\cli\\output\\work\\a.txt >nul"
actual stdout was : ""
actual stderr was : ""
actual exit was   : 0
:test/cli\restore-checkout.test:22: [OK]
actual command was: "findstr /C:\"b\" test\\cli\\output\\work\\b.txt >nul"
actual stdout was : ""
actual stderr was : ""
actual exit was   : 0
:test/cli\restore-checkout.test:23: [OK]
actual command was: "rmdir /s /q test\\cli\\output\\work 2>nul & mkdir test\\cli\\output\\work & cd test\\cli\\output\\work & bit init"
actual stdout was : "Initializing bit in: C:\\Users\\natanh\\repos\\workers\\worker1\\bit\\test\\cli\\output\\work\nbit initialized successfully!\n"
actual stderr was : ""
actual exit was   : 0
:test/cli\scan-cache.test:1: [OK]
actual command was: "cd test\\cli\\output\\work & echo test1> file1.txt & echo test2> file2.txt & bit add ."
actual stdout was : ""
actual stderr was : ""
actual exit was   : 0
:test/cli\scan-cache.test:2: [OK]
actual command was: "if exist \"test\\cli\\output\\work\\.bit\\cache\\\" (echo cache exists) else (echo missing)"
actual stdout was : "cache exists\n"
actual stderr was : ""
actual exit was   : 0
:test/cli\scan-cache.test:3: [OK]
actual command was: "if exist \"test\\cli\\output\\work\\.bit\\cache\\file1.txt\" (echo file1 cached) else (echo missing)"
actual stdout was : "file1 cached\n"
actual stderr was : ""
actual exit was   : 0
:test/cli\scan-cache.test:4: [OK]
actual command was: "findstr /C:\"mtime:\" test\\cli\\output\\work\\.bit\\cache\\file1.txt >nul"
actual stdout was : ""
actual stderr was : ""
actual exit was   : 0
:test/cli\scan-cache.test:5: [OK]
actual command was: "findstr /C:\"size:\" test\\cli\\output\\work\\.bit\\cache\\file1.txt >nul"
actual stdout was : ""
actual stderr was : ""
actual exit was   : 0
:test/cli\scan-cache.test:6: [OK]
actual command was: "findstr /C:\"hash:\" test\\cli\\output\\work\\.bit\\cache\\file1.txt >nul"
actual stdout was : ""
actual stderr was : ""
actual exit was   : 0
:test/cli\scan-cache.test:7: [OK]
actual command was: "findstr /C:\"isText:\" test\\cli\\output\\work\\.bit\\cache\\file1.txt >nul"
actual stdout was : ""
actual stderr was : ""
actual exit was   : 0
:test/cli\scan-cache.test:8: [OK]
actual command was: "cd test\\cli\\output\\work & findstr \"hash:\" .bit\\cache\\file1.txt"
actual stdout was : "hash: md5:df01f6d575d16fdf63378fae6e323363\n"
actual stderr was : ""
actual exit was   : 0
:test/cli\scan-cache.test:9: [OK]
actual command was: "cd test\\cli\\output\\work & bit add ."
actual stdout was : ""
actual stderr was : ""
actual exit was   : 0
:test/cli\scan-cache.test:10: [OK]
actual command was: "cd test\\cli\\output\\work & echo modified content> file1.txt"
actual stdout was : ""
actual stderr was : ""
actual exit was   : 0
:test/cli\scan-cache.test:11: [OK]
actual command was: "cd test\\cli\\output\\work & bit add ."
actual stdout was : ""
actual stderr was : ""
actual exit was   : 0
:test/cli\scan-cache.test:12: [OK]
actual command was: "cd test\\cli\\output\\work & findstr \"hash:\" .bit\\cache\\file1.txt"
actual stdout was : "hash: md5:4c867acadc2669ab8bb63eb29df07701\n"
actual stderr was : ""
actual exit was   : 0
:test/cli\scan-cache.test:13: [OK]
actual command was: "if exist \"test\\cli\\output\\work\\.bit\\cache\\file2.txt\" (echo file2 still cached) else (echo missing)"
actual stdout was : "file2 still cached\n"
actual stderr was : ""
actual exit was   : 0
:test/cli\scan-cache.test:14: [OK]
actual command was: "cd test\\cli\\output\\work & mkdir subdir & echo subfile> subdir\\nested.txt & bit add ."
actual stdout was : ""
actual stderr was : ""
actual exit was   : 0
:test/cli\scan-cache.test:15: [OK]
actual command was: "if exist \"test\\cli\\output\\work\\.bit\\cache\\subdir\\nested.txt\" (echo nested cached) else (echo missing)"
actual stdout was : "nested cached\n"
actual stderr was : ""
actual exit was   : 0
:test/cli\scan-cache.test:16: [OK]
actual command was: "rmdir /s /q test\\cli\\output\\work 2>nul"
actual stdout was : ""
actual stderr was : ""
actual exit was   : 0
:test/cli\scan-cache.test:17: [OK]
actual command was: "timeout /t 1 >nul & rmdir /s /q test\\cli\\output\\work_skipscan 2>nul & echo cleanup done"
actual stdout was : "cleanup done\n"
actual stderr was : "ERROR: Input redirection is not supported, exiting the process immediately.\n"
actual exit was   : 0
:test/cli\skip-scan.test:1: [OK]
actual command was: "mkdir test\\cli\\output\\work_skipscan"
actual stdout was : ""
actual stderr was : ""
actual exit was   : 0
:test/cli\skip-scan.test:2: [OK]
actual command was: "cd test\\cli\\output\\work_skipscan & bit init"
actual stdout was : "Initializing bit in: C:\\Users\\natanh\\repos\\workers\\worker1\\bit\\test\\cli\\output\\work_skipscan\nbit initialized successfully!\n"
actual stderr was : ""
actual exit was   : 0
:test/cli\skip-scan.test:3: [OK]
actual command was: "cd test\\cli\\output\\work_skipscan & echo file1> file1.txt & echo file2> file2.txt & echo file3> file3.txt & echo file4> file4.txt"
actual stdout was : ""
actual stderr was : ""
actual exit was   : 0
:test/cli\skip-scan.test:4: [OK]
actual command was: "cd test\\cli\\output\\work_skipscan & bit add ."
actual stdout was : ""
actual stderr was : ""
actual exit was   : 0
:test/cli\skip-scan.test:5: [OK]
actual command was: "cd test\\cli\\output\\work_skipscan & bit commit -m \"Initial commit\""
actual stdout was : "[main (root-commit) c338a5d] Initial commit\n 4 files changed, 4 insertions(+)\n create mode 100644 file1.txt\n create mode 100644 file2.txt\n create mode 100644 file3.txt\n create mode 100644 file4.txt\n"
actual stderr was : ""
actual exit was   : 0
:test/cli\skip-scan.test:6: [OK]
actual command was: "cd test\\cli\\output\\work_skipscan & bit log 2>&1 | findstr /C:\"Scanned\" >nul"
actual stdout was : ""
actual stderr was : ""
actual exit was   : 1
:test/cli\skip-scan.test:7: [OK]
actual command was: "cd test\\cli\\output\\work_skipscan & bit log"
actual stdout was : "commit c338a5d3e0d33cce24a1b0e17f498670461abb2f\nAuthor: David Hoze <david.hoze1@gmail.com>\nDate:   Tue Feb 10 19:32:20 2026 +0200\n\n    Initial commit\n"
actual stderr was : ""
actual exit was   : 0
:test/cli\skip-scan.test:8: [OK]
actual command was: "cd test\\cli\\output\\work_skipscan & bit ls-files 2>&1 | findstr /C:\"Scanned\" >nul"
actual stdout was : ""
actual stderr was : ""
actual exit was   : 1
:test/cli\skip-scan.test:9: [OK]
actual command was: "cd test\\cli\\output\\work_skipscan & bit ls-files"
actual stdout was : "file1.txt\nfile2.txt\nfile3.txt\nfile4.txt\n"
actual stderr was : ""
actual exit was   : 0
:test/cli\skip-scan.test:10: [OK]
actual command was: "cd test\\cli\\output\\work_skipscan & bit ls-files --stage 2>&1 | findstr /C:\"Scanned\" >nul"
actual stdout was : ""
actual stderr was : ""
actual exit was   : 1
:test/cli\skip-scan.test:11: [OK]
actual command was: "cd test\\cli\\output\\work_skipscan & bit remote show 2>&1 | findstr /C:\"Scanned\" >nul"
actual stdout was : ""
actual stderr was : ""
actual exit was   : 1
:test/cli\skip-scan.test:12: [OK]
actual command was: "cd test\\cli\\output\\work_skipscan & bit remote show"
actual stdout was : "No remotes configured. Use 'bit remote add <name> <url>' to add one.\n"
actual stderr was : ""
actual exit was   : 0
:test/cli\skip-scan.test:13: [OK]
actual command was: "cd test\\cli\\output\\work_skipscan & bit verify 2>&1 | findstr /C:\"Scanned\" >nul"
actual stdout was : ""
actual stderr was : ""
actual exit was   : 1
:test/cli\skip-scan.test:14: [OK]
actual command was: "cd test\\cli\\output\\work_skipscan & bit fsck 2>&1 | findstr /C:\"Scanned\" >nul"
actual stdout was : ""
actual stderr was : ""
actual exit was   : 1
:test/cli\skip-scan.test:15: [OK]
actual command was: "cd test\\cli\\output\\work_skipscan & echo newfile> newfile.txt & bit status"
actual stdout was : "On branch main\nUntracked files:\n  (use \"bit add <file>...\" to include in what will be committed)\n\tnewfile.txt\n\nnothing added to commit but untracked files present (use \"bit add\" to track)\n"
actual stderr was : ""
actual exit was   : 0
:test/cli\skip-scan.test:16: [OK]
actual command was: "timeout /t 1 >nul & rmdir /s /q test\\cli\\output\\work_skipscan 2>nul & echo cleanup done"
actual stdout was : "cleanup done\n"
actual stderr was : "ERROR: Input redirection is not supported, exiting the process immediately.\n"
actual exit was   : 0
:test/cli\skip-scan.test:17: [OK]
actual command was: "rmdir /s /q test\\cli\\output\\work 2>nul & mkdir test\\cli\\output\\work & cd test\\cli\\output\\work & bit init & echo data> file.bin"
actual stdout was : "Initializing bit in: C:\\Users\\natanh\\repos\\workers\\worker1\\bit\\test\\cli\\output\\work\nbit initialized successfully!\n"
actual stderr was : ""
actual exit was   : 0
:test/cli\status.test:1: [OK]
actual command was: "cd test\\cli\\output\\work & bit status"
actual stdout was : "On branch main\n\nNo commits yet\n\nUntracked files:\n  (use \"bit add <file>...\" to include in what will be committed)\n\tfile.bin\n\nnothing added to commit but untracked files present (use \"bit add\" to track)\n"
actual stderr was : ""
actual exit was   : 0
:test/cli\status.test:2: [OK]
actual command was: "timeout /t 1 >nul & rmdir /s /q test\\cli\\output\\work_unicode_remote 2>nul & rmdir /s /q test\\cli\\output\\fs_unicode_remote 2>nul & echo cleanup done"
actual stdout was : "cleanup done\n"
actual stderr was : "ERROR: Input redirection is not supported, exiting the process immediately.\n"
actual exit was   : 0
:test/cli\unicode-remote.test:1: [OK]
actual command was: "mkdir test\\cli\\output\\work_unicode_remote"
actual stdout was : ""
actual stderr was : ""
actual exit was   : 0
:test/cli\unicode-remote.test:2: [OK]
actual command was: "mkdir test\\cli\\output\\fs_unicode_remote"
actual stdout was : ""
actual stderr was : ""
actual exit was   : 0
:test/cli\unicode-remote.test:3: [OK]
actual command was: "cd test\\cli\\output\\work_unicode_remote & bit init"
actual stdout was : "Initializing bit in: C:\\Users\\natanh\\repos\\workers\\worker1\\bit\\test\\cli\\output\\work_unicode_remote\nbit initialized successfully!\n"
actual stderr was : ""
actual exit was   : 0
:test/cli\unicode-remote.test:4: [OK]
actual command was: "cd test\\cli\\output\\work_unicode_remote & bit remote add origin ..\\fs_unicode_remote"
actual stdout was : "Remote 'origin' added (C:\\Users\\natanh\\repos\\workers\\worker1\\bit\\test\\cli\\output\\fs_unicode_remote).\n"
actual stderr was : ""
actual exit was   : 0
:test/cli\unicode-remote.test:5: [OK]
actual command was: "cd test\\cli\\output\\work_unicode_remote & echo \9579\8976\9579\163\9579\1509\9579\165 Hebrew content> test-hebrew.txt"
actual stdout was : ""
actual stderr was : ""
actual exit was   : 0
:test/cli\unicode-remote.test:6: [OK]
actual command was: "cd test\\cli\\output\\work_unicode_remote & echo \931\9557\161\181\1510\1495 Chinese content> test-chinese.txt"
actual stdout was : ""
actual stderr was : ""
actual exit was   : 0
:test/cli\unicode-remote.test:7: [OK]
actual command was: "cd test\\cli\\output\\work_unicode_remote & echo \8801\402\1512\1488 Emoji content> test-emoji.txt"
actual stdout was : ""
actual stderr was : ""
actual exit was   : 0
:test/cli\unicode-remote.test:8: [OK]
actual command was: "cd test\\cli\\output\\work_unicode_remote & echo caf\9500\8976 \181\1511\209\181\163\188\934\172\8359 Mixed> test-mixed.txt"
actual stdout was : ""
actual stderr was : ""
actual exit was   : 0
:test/cli\unicode-remote.test:9: [OK]
actual command was: "cd test\\cli\\output\\work_unicode_remote & bit add . & bit commit -m \"Add Unicode files\""
actual stdout was : "[main (root-commit) 55915ee] Add Unicode files\n 4 files changed, 4 insertions(+)\n create mode 100644 test-chinese.txt\n create mode 100644 test-emoji.txt\n create mode 100644 test-hebrew.txt\n create mode 100644 test-mixed.txt\n"
actual stderr was : ""
actual exit was   : 0
:test/cli\unicode-remote.test:10: [OK]
actual command was: "cd test\\cli\\output\\work_unicode_remote & bit push"
actual stdout was : "Verifying local files...\nVerified 4 files. All match metadata.\nPushing to filesystem remote: C:\\Users\\natanh\\repos\\workers\\worker1\\bit\\test\\cli\\output\\fs_unicode_remote\nFirst push: initializing bit repo at remote...\nFetching local commits into remote...\nMerging at remote (fast-forward only)...\nFirst push: syncing all files to remote...\nUpdating local tracking ref...\nPush complete.\n"
actual stderr was : ""
actual exit was   : 0
:test/cli\unicode-remote.test:11: [OK]
actual command was: "if exist \"test\\cli\\output\\fs_unicode_remote\\test-hebrew.txt\" (echo hebrew exists) else (echo missing)"
actual stdout was : "hebrew exists\n"
actual stderr was : ""
actual exit was   : 0
:test/cli\unicode-remote.test:12: [OK]
actual command was: "if exist \"test\\cli\\output\\fs_unicode_remote\\test-chinese.txt\" (echo chinese exists) else (echo missing)"
actual stdout was : "chinese exists\n"
actual stderr was : ""
actual exit was   : 0
:test/cli\unicode-remote.test:13: [OK]
actual command was: "if exist \"test\\cli\\output\\fs_unicode_remote\\test-emoji.txt\" (echo emoji exists) else (echo missing)"
actual stdout was : "emoji exists\n"
actual stderr was : ""
actual exit was   : 0
:test/cli\unicode-remote.test:14: [OK]
actual command was: "if exist \"test\\cli\\output\\fs_unicode_remote\\test-mixed.txt\" (echo mixed exists) else (echo missing)"
actual stdout was : "mixed exists\n"
actual stderr was : ""
actual exit was   : 0
:test/cli\unicode-remote.test:15: [OK]
actual command was: "mkdir test\\cli\\output\\work_unicode_remote_b"
actual stdout was : ""
actual stderr was : ""
actual exit was   : 0
:test/cli\unicode-remote.test:16: [OK]
actual command was: "cd test\\cli\\output\\work_unicode_remote_b & bit init"
actual stdout was : "Initializing bit in: C:\\Users\\natanh\\repos\\workers\\worker1\\bit\\test\\cli\\output\\work_unicode_remote_b\nbit initialized successfully!\n"
actual stderr was : ""
actual exit was   : 0
:test/cli\unicode-remote.test:17: [OK]
actual command was: "cd test\\cli\\output\\work_unicode_remote_b & bit remote add origin ..\\fs_unicode_remote"
actual stdout was : "Remote 'origin' added (C:\\Users\\natanh\\repos\\workers\\worker1\\bit\\test\\cli\\output\\fs_unicode_remote).\n"
actual stderr was : ""
actual exit was   : 0
:test/cli\unicode-remote.test:18: [OK]
actual command was: "cd test\\cli\\output\\work_unicode_remote_b & bit pull"
actual stdout was : "Pulling from filesystem remote: C:\\Users\\natanh\\repos\\workers\\worker1\\bit\\test\\cli\\output\\fs_unicode_remote\nFetching remote commits...\nVerifying remote repository...\nVerified 4 remote files.\nChecking out 55915ee (first pull)\nSyncing binaries... done.\n"
actual stderr was : "From origin\n * [new branch]      main       -> origin/main\n"
actual exit was   : 0
:test/cli\unicode-remote.test:19: [OK]
actual command was: "if exist \"test\\cli\\output\\work_unicode_remote_b\\test-hebrew.txt\" (echo hebrew pulled) else (echo missing)"
actual stdout was : "hebrew pulled\n"
actual stderr was : ""
actual exit was   : 0
:test/cli\unicode-remote.test:20: [OK]
actual command was: "if exist \"test\\cli\\output\\work_unicode_remote_b\\test-chinese.txt\" (echo chinese pulled) else (echo missing)"
actual stdout was : "chinese pulled\n"
actual stderr was : ""
actual exit was   : 0
:test/cli\unicode-remote.test:21: [OK]
actual command was: "timeout /t 1 >nul & rmdir /s /q test\\cli\\output\\work_unicode_remote 2>nul & rmdir /s /q test\\cli\\output\\work_unicode_remote_b 2>nul & rmdir /s /q test\\cli\\output\\fs_unicode_remote 2>nul & echo cleanup done"
actual stdout was : "cleanup done\n"
actual stderr was : "ERROR: Input redirection is not supported, exiting the process immediately.\n"
actual exit was   : 0
:test/cli\unicode-remote.test:22: [OK]
actual command was: "rmdir /s /q test\\cli\\output\\work 2>nul & mkdir test\\cli\\output\\work & cd test\\cli\\output\\work & bit init"
actual stdout was : "Initializing bit in: C:\\Users\\natanh\\repos\\workers\\worker1\\bit\\test\\cli\\output\\work\nbit initialized successfully!\n"
actual stderr was : ""
actual exit was   : 0
:test/cli\unicode.test:1: [OK]
actual command was: "cd test\\cli\\output\\work & git -C .bit\\index config --get core.quotePath"
actual stdout was : "false\n"
actual stderr was : ""
actual exit was   : 0
:test/cli\unicode.test:2: [OK]
actual command was: "cd test\\cli\\output\\work & echo test content> test-hebrew.txt"
actual stdout was : ""
actual stderr was : ""
actual exit was   : 0
:test/cli\unicode.test:3: [OK]
actual command was: "cd test\\cli\\output\\work & bit add test-hebrew.txt"
actual stdout was : ""
actual stderr was : ""
actual exit was   : 0
:test/cli\unicode.test:4: [OK]
actual command was: "cd test\\cli\\output\\work & git -C .bit\\index ls-files"
actual stdout was : "test-hebrew.txt\n"
actual stderr was : ""
actual exit was   : 0
:test/cli\unicode.test:5: [OK]
actual command was: "cd test\\cli\\output\\work & bit commit -m \"Add test file\""
actual stdout was : "[main (root-commit) 1efd7b0] Add test file\n 1 file changed, 1 insertion(+)\n create mode 100644 test-hebrew.txt\n"
actual stderr was : ""
actual exit was   : 0
:test/cli\unicode.test:6: [OK]
actual command was: "cd test\\cli\\output\\work & bit status"
actual stdout was : "On branch main\nnothing to commit, working tree clean\n"
actual stderr was : ""
actual exit was   : 0
:test/cli\unicode.test:7: [OK]
actual command was: "cd test\\cli\\output\\work & echo mixed> test-mixed.txt"
actual stdout was : ""
actual stderr was : ""
actual exit was   : 0
:test/cli\unicode.test:8: [OK]
actual command was: "cd test\\cli\\output\\work & bit add test-mixed.txt & bit commit -m \"Mixed Unicode\""
actual stdout was : "[main eee8ce4] Mixed Unicode\n 1 file changed, 1 insertion(+)\n create mode 100644 test-mixed.txt\n"
actual stderr was : ""
actual exit was   : 0
:test/cli\unicode.test:9: [OK]
actual command was: "cd test\\cli\\output\\work & git -C .bit\\index log --oneline"
actual stdout was : "eee8ce4 Mixed Unicode\n1efd7b0 Add test file\n"
actual stderr was : ""
actual exit was   : 0
:test/cli\unicode.test:10: [OK]
actual command was: "timeout /t 1 >nul & rmdir /s /q test\\cli\\output\\upstream-local 2>nul & rmdir /s /q test\\cli\\output\\upstream-local2 2>nul & rmdir /s /q test\\cli\\output\\upstream-local3 2>nul & rmdir /s /q test\\cli\\output\\upstream-local4 2>nul & rmdir /s /q test\\cli\\output\\upstream-remote 2>nul & rmdir /s /q test\\cli\\output\\upstream-remote3 2>nul & rmdir /s /q test\\cli\\output\\upstream-remote4 2>nul & echo cleanup done"
actual stdout was : "cleanup done\n"
actual stderr was : "ERROR: Input redirection is not supported, exiting the process immediately.\n"
actual exit was   : 0
:test/cli\upstream-tracking.test:1: [OK]
actual command was: "rmdir /s /q test\\cli\\output\\upstream-local 2>nul & mkdir test\\cli\\output\\upstream-local & cd test\\cli\\output\\upstream-local & bit init"
actual stdout was : "Initializing bit in: C:\\Users\\natanh\\repos\\workers\\worker1\\bit\\test\\cli\\output\\upstream-local\nbit initialized successfully!\n"
actual stderr was : ""
actual exit was   : 0
:test/cli\upstream-tracking.test:2: [OK]
actual command was: "rmdir /s /q test\\cli\\output\\upstream-remote 2>nul & mkdir test\\cli\\output\\upstream-remote & cd test\\cli\\output\\upstream-remote & bit init"
actual stdout was : "Initializing bit in: C:\\Users\\natanh\\repos\\workers\\worker1\\bit\\test\\cli\\output\\upstream-remote\nbit initialized successfully!\n"
actual stderr was : ""
actual exit was   : 0
:test/cli\upstream-tracking.test:3: [OK]
actual command was: "cd test\\cli\\output\\upstream-local & bit remote add origin ..\\upstream-remote"
actual stdout was : "Remote 'origin' added (C:\\Users\\natanh\\repos\\workers\\worker1\\bit\\test\\cli\\output\\upstream-remote).\n"
actual stderr was : ""
actual exit was   : 0
:test/cli\upstream-tracking.test:4: [OK]
actual command was: "cd test\\cli\\output\\upstream-local & git -C .bit\\index config --get branch.main.remote 2>nul"
actual stdout was : ""
actual stderr was : ""
actual exit was   : 1
:test/cli\upstream-tracking.test:5: [OK]
actual command was: "cd test\\cli\\output\\upstream-local & echo hello> test.txt & bit add test.txt & bit commit -m \"Initial commit\""
actual stdout was : "[main (root-commit) 95f2368] Initial commit\n 1 file changed, 1 insertion(+)\n create mode 100644 test.txt\n"
actual stderr was : ""
actual exit was   : 0
:test/cli\upstream-tracking.test:6: [OK]
actual command was: "cd test\\cli\\output\\upstream-local & bit push"
actual stdout was : "Verifying local files...\nVerified 1 files. All match metadata.\nPushing to filesystem remote: C:\\Users\\natanh\\repos\\workers\\worker1\\bit\\test\\cli\\output\\upstream-remote\nFetching local commits into remote...\nMerging at remote (fast-forward only)...\nFirst push: syncing all files to remote...\nUpdating local tracking ref...\nPush complete.\n"
actual stderr was : ""
actual exit was   : 0
:test/cli\upstream-tracking.test:7: [OK]
actual command was: "cd test\\cli\\output\\upstream-local & bit push origin"
actual stdout was : "Verifying local files...\nVerified 1 files. All match metadata.\nPushing to filesystem remote: C:\\Users\\natanh\\repos\\workers\\worker1\\bit\\test\\cli\\output\\upstream-remote\nFetching local commits into remote...\nMerging at remote (fast-forward only)...\nSyncing changed files to remote...\nUpdating local tracking ref...\nPush complete.\n"
actual stderr was : ""
actual exit was   : 0
:test/cli\upstream-tracking.test:8: [OK]
actual command was: "cd test\\cli\\output\\upstream-local & git -C .bit\\index config --get branch.main.remote 2>nul"
actual stdout was : ""
actual stderr was : ""
actual exit was   : 1
:test/cli\upstream-tracking.test:9: [OK]
actual command was: "cd test\\cli\\output\\upstream-local & echo world> test2.txt & bit add test2.txt & bit commit -m \"Second commit\""
actual stdout was : "[main 6b34053] Second commit\n 1 file changed, 1 insertion(+)\n create mode 100644 test2.txt\n"
actual stderr was : ""
actual exit was   : 0
:test/cli\upstream-tracking.test:10: [OK]
actual command was: "cd test\\cli\\output\\upstream-local & bit push -u origin"
actual stdout was : "Verifying local files...\nVerified 2 files. All match metadata.\nPushing to filesystem remote: C:\\Users\\natanh\\repos\\workers\\worker1\\bit\\test\\cli\\output\\upstream-remote\nFetching local commits into remote...\nMerging at remote (fast-forward only)...\nSyncing changed files to remote...\nUpdating local tracking ref...\nPush complete.\nbranch 'main' set up to track 'origin/main'.\n"
actual stderr was : ""
actual exit was   : 0
:test/cli\upstream-tracking.test:11: [OK]
actual command was: "cd test\\cli\\output\\upstream-local & git -C .bit\\index config --get branch.main.remote"
actual stdout was : "origin\n"
actual stderr was : ""
actual exit was   : 0
:test/cli\upstream-tracking.test:12:actual command was: "cd test\\cli\\output\\upstream-local & echo more> test3.txt & bit add test3.txt & bit commit -m \"Third commit\""
 [OK]
actual stdout was : "[main a72d996] Third commit\n 1 file changed, 1 insertion(+)\n create mode 100644 test3.txt\n"
actual stderr was : ""
actual exit was   : 0
:test/cli\upstream-tracking.test:13: [OK]
actual command was: "cd test\\cli\\output\\upstream-local & bit push"
actual stdout was : "Verifying local files...\nVerified 3 files. All match metadata.\nPushing to filesystem remote: C:\\Users\\natanh\\repos\\workers\\worker1\\bit\\test\\cli\\output\\upstream-remote\nFetching local commits into remote...\nMerging at remote (fast-forward only)...\nSyncing changed files to remote...\nUpdating local tracking ref...\nPush complete.\n"
actual stderr was : ""
actual exit was   : 0
:test/cli\upstream-tracking.test:14: [OK]
actual command was: "rmdir /s /q test\\cli\\output\\upstream-local2 2>nul & mkdir test\\cli\\output\\upstream-local2 & cd test\\cli\\output\\upstream-local2 & bit init"
actual stdout was : "Initializing bit in: C:\\Users\\natanh\\repos\\workers\\worker1\\bit\\test\\cli\\output\\upstream-local2\nbit initialized successfully!\n"
actual stderr was : ""
actual exit was   : 0
:test/cli\upstream-tracking.test:15: [OK]
actual command was: "cd test\\cli\\output\\upstream-local2 & bit remote add origin ..\\upstream-remote"
actual stdout was : "Remote 'origin' added (C:\\Users\\natanh\\repos\\workers\\worker1\\bit\\test\\cli\\output\\upstream-remote).\n"
actual stderr was : ""
actual exit was   : 0
:test/cli\upstream-tracking.test:16: [OK]
actual command was: "cd test\\cli\\output\\upstream-local2 & bit fetch origin 2>&1"
actual stdout was : "From origin\n * [new branch]      main       -> origin/main\nFetching from filesystem remote: C:\\Users\\natanh\\repos\\workers\\worker1\\bit\\test\\cli\\output\\upstream-remote\nFetching remote commits...\nFetch complete.\n"
actual stderr was : ""
actual exit was   : 0
:test/cli\upstream-tracking.test:17: [OK]
actual command was: "cd test\\cli\\output\\upstream-local2 & git -C .bit\\index config --get branch.main.remote 2>nul"
actual stdout was : ""
actual stderr was : ""
actual exit was   : 1
:test/cli\upstream-tracking.test:18: [OK]
actual command was: "cd test\\cli\\output\\upstream-local2 & bit pull origin"
actual stdout was : "Pulling from filesystem remote: C:\\Users\\natanh\\repos\\workers\\worker1\\bit\\test\\cli\\output\\upstream-remote\nFetching remote commits...\nVerifying remote repository...\nVerified 3 remote files.\nChecking out a72d996 (first pull)\nSyncing binaries... done.\n"
actual stderr was : "From origin\n * [new branch]      main       -> origin/main\n"
actual exit was   : 0
:test/cli\upstream-tracking.test:19: [OK]
actual command was: "cd test\\cli\\output\\upstream-local2 & git -C .bit\\index config --get branch.main.remote 2>nul"
actual stdout was : ""
actual stderr was : ""
actual exit was   : 1
:test/cli\upstream-tracking.test:20: [OK]
actual command was: "rmdir /s /q test\\cli\\output\\upstream-local3 2>nul & mkdir test\\cli\\output\\upstream-local3 & cd test\\cli\\output\\upstream-local3 & bit init"
actual stdout was : "Initializing bit in: C:\\Users\\natanh\\repos\\workers\\worker1\\bit\\test\\cli\\output\\upstream-local3\nbit initialized successfully!\n"
actual stderr was : ""
actual exit was   : 0
:test/cli\upstream-tracking.test:21: [OK]
actual command was: "rmdir /s /q test\\cli\\output\\upstream-remote3 2>nul & mkdir test\\cli\\output\\upstream-remote3 & cd test\\cli\\output\\upstream-remote3 & bit init"
actual stdout was : "Initializing bit in: C:\\Users\\natanh\\repos\\workers\\worker1\\bit\\test\\cli\\output\\upstream-remote3\nbit initialized successfully!\n"
actual stderr was : ""
actual exit was   : 0
:test/cli\upstream-tracking.test:22: [OK]
actual command was: "cd test\\cli\\output\\upstream-local3 & bit remote add myremote ..\\upstream-remote3"
actual stdout was : "Remote 'myremote' added (C:\\Users\\natanh\\repos\\workers\\worker1\\bit\\test\\cli\\output\\upstream-remote3).\n"
actual stderr was : ""
actual exit was   : 0
:test/cli\upstream-tracking.test:23: [OK]
actual command was: "cd test\\cli\\output\\upstream-local3 & echo test> file.txt & bit add file.txt & bit commit -m \"Test commit\""
actual stdout was : "[main (root-commit) 6b72f49] Test commit\n 1 file changed, 1 insertion(+)\n create mode 100644 file.txt\n"
actual stderr was : ""
actual exit was   : 0
:test/cli\upstream-tracking.test:24: [OK]
actual command was: "cd test\\cli\\output\\upstream-local3 & bit push --set-upstream myremote"
actual stdout was : "Verifying local files...\nVerified 1 files. All match metadata.\nPushing to filesystem remote: C:\\Users\\natanh\\repos\\workers\\worker1\\bit\\test\\cli\\output\\upstream-remote3\nFetching local commits into remote...\nMerging at remote (fast-forward only)...\nFirst push: syncing all files to remote...\nUpdating local tracking ref...\nPush complete.\nbranch 'main' set up to track 'myremote/main'.\n"
actual stderr was : ""
actual exit was   : 0
:test/cli\upstream-tracking.test:25: [OK]
actual command was: "cd test\\cli\\output\\upstream-local3 & git -C .bit\\index config --get branch.main.remote"
actual stdout was : "myremote\n"
actual stderr was : ""
actual exit was   : 0
:test/cli\upstream-tracking.test:26: [OK]
actual command was: "rmdir /s /q test\\cli\\output\\upstream-local4 2>nul & mkdir test\\cli\\output\\upstream-local4 & cd test\\cli\\output\\upstream-local4 & bit init"
actual stdout was : "Initializing bit in: C:\\Users\\natanh\\repos\\workers\\worker1\\bit\\test\\cli\\output\\upstream-local4\nbit initialized successfully!\n"
actual stderr was : ""
actual exit was   : 0
:test/cli\upstream-tracking.test:27: [OK]
actual command was: "rmdir /s /q test\\cli\\output\\upstream-remote4 2>nul & mkdir test\\cli\\output\\upstream-remote4 & cd test\\cli\\output\\upstream-remote4 & bit init"
actual stdout was : "Initializing bit in: C:\\Users\\natanh\\repos\\workers\\worker1\\bit\\test\\cli\\output\\upstream-remote4\nbit initialized successfully!\n"
actual stderr was : ""
actual exit was   : 0
:test/cli\upstream-tracking.test:28: [OK]
actual command was: "cd test\\cli\\output\\upstream-local4 & bit remote add foo ..\\upstream-remote4"
actual stdout was : "Remote 'foo' added (C:\\Users\\natanh\\repos\\workers\\worker1\\bit\\test\\cli\\output\\upstream-remote4).\n"
actual stderr was : ""
actual exit was   : 0
:test/cli\upstream-tracking.test:29: [OK]
actual command was: "cd test\\cli\\output\\upstream-local4 & echo test> file.txt & bit add file.txt & bit commit -m \"Test\""
actual stdout was : "[main (root-commit) d23bc7c] Test\n 1 file changed, 1 insertion(+)\n create mode 100644 file.txt\n"
actual stderr was : ""
actual exit was   : 0
:test/cli\upstream-tracking.test:30: [OK]
actual command was: "cd test\\cli\\output\\upstream-local4 & bit push 2>&1"
actual stdout was : "fatal: No upstream configured and no remote specified.\nhint: bit push <remote>\nhint: bit push -u <remote>    (to set default upstream)\n"
actual stderr was : ""
actual exit was   : 1
:test/cli\upstream-tracking.test:31: [OK]
actual command was: "cd test\\cli\\output\\upstream-local4 & bit push 2>&1"
actual stdout was : "fatal: No upstream configured and no remote specified.\nhint: bit push <remote>\nhint: bit push -u <remote>    (to set default upstream)\n"
actual stderr was : ""
actual exit was   : 1
:test/cli\upstream-tracking.test:32: [OK]
actual command was: "cd test\\cli\\output\\upstream-local4 & bit push 2>&1"
actual stdout was : "fatal: No upstream configured and no remote specified.\nhint: bit push <remote>\nhint: bit push -u <remote>    (to set default upstream)\n"
actual stderr was : ""
actual exit was   : 1
:test/cli\upstream-tracking.test:33: [OK]
actual command was: "timeout /t 1 >nul & rmdir /s /q test\\cli\\output\\upstream-local 2>nul & rmdir /s /q test\\cli\\output\\upstream-local2 2>nul & rmdir /s /q test\\cli\\output\\upstream-local3 2>nul & rmdir /s /q test\\cli\\output\\upstream-local4 2>nul & rmdir /s /q test\\cli\\output\\upstream-remote 2>nul & rmdir /s /q test\\cli\\output\\upstream-remote3 2>nul & rmdir /s /q test\\cli\\output\\upstream-remote4 2>nul & echo cleanup done"
actual stdout was : "cleanup done\n"
actual stderr was : "ERROR: Input redirection is not supported, exiting the process immediately.\n"
actual exit was   : 0
:test/cli\upstream-tracking.test:34: [OK]
actual command was: "timeout /t 1 >nul & rmdir /s /q test\\cli\\output\\work_verify_progress 2>nul & echo cleanup done"
actual stdout was : "cleanup done\n"
actual stderr was : "ERROR: Input redirection is not supported, exiting the process immediately.\n"
actual exit was   : 0
:test/cli\verify-progress.test:1: [OK]
actual command was: "mkdir test\\cli\\output\\work_verify_progress"
actual stdout was : ""
actual stderr was : ""
actual exit was   : 0
:test/cli\verify-progress.test:2: [OK]
actual command was: "cd test\\cli\\output\\work_verify_progress & bit init"
actual stdout was : "Initializing bit in: C:\\Users\\natanh\\repos\\workers\\worker1\\bit\\test\\cli\\output\\work_verify_progress\nbit initialized successfully!\n"
actual stderr was : ""
actual exit was   : 0
:test/cli\verify-progress.test:3: [OK]
actual command was: "cd test\\cli\\output\\work_verify_progress & bit verify"
actual stdout was : "[OK] All 0 files match metadata.\n"
actual stderr was : ""
actual exit was   : 0
:test/cli\verify-progress.test:4: [OK]
actual command was: "cd test\\cli\\output\\work_verify_progress & echo file1> f1.txt & echo file2> f2.txt & echo file3> f3.txt & echo file4> f4.txt & echo file5> f5.txt & echo file6> f6.txt & bit add . & bit commit -m \"Add files\""
actual stdout was : "[main (root-commit) 91ef2b7] Add files\n 6 files changed, 6 insertions(+)\n create mode 100644 f1.txt\n create mode 100644 f2.txt\n create mode 100644 f3.txt\n create mode 100644 f4.txt\n create mode 100644 f5.txt\n create mode 100644 f6.txt\n"
actual stderr was : ""
actual exit was   : 0
:test/cli\verify-progress.test:5: [OK]
actual command was: "cd test\\cli\\output\\work_verify_progress & bit verify"
actual stdout was : "[OK] All 6 files match metadata.\n"
actual stderr was : ""
actual exit was   : 0
:test/cli\verify-progress.test:6: [OK]
actual command was: "cd test\\cli\\output\\work_verify_progress & echo corrupted> f1.txt"
actual stdout was : ""
actual stderr was : ""
actual exit was   : 0
:test/cli\verify-progress.test:7: [OK]
actual command was: "cd test\\cli\\output\\work_verify_progress & bit verify"
actual stdout was : "Checked 6 files. 1 issues found. Run 'bit status' for details.\n"
actual stderr was : "[ERROR] Hash mismatch: f1.txt\n  Expected: (committed)\n  Actual:   md5:d85edc01730d...\n"
actual exit was   : 0
:test/cli\verify-progress.test:8: [OK]
actual command was: "cd test\\cli\\output\\work_verify_progress & echo file1> f1.txt & del f2.txt"
actual stdout was : ""
actual stderr was : ""
actual exit was   : 0
:test/cli\verify-progress.test:9: [OK]
actual command was: "cd test\\cli\\output\\work_verify_progress & bit verify"
actual stdout was : "Checked 6 files. 1 issues found. Run 'bit status' for details.\n"
actual stderr was : "[ERROR] Missing: f2.txt\n"
actual exit was   : 0
:test/cli\verify-progress.test:10: [OK]
actual command was: "cd test\\cli\\output\\work_verify_progress & echo file2> f2.txt"
actual stdout was : ""
actual stderr was : ""
actual exit was   : 0
:test/cli\verify-progress.test:11: [OK]
actual command was: "cd test\\cli\\output\\work_verify_progress & bit fsck"
actual stdout was : ""
actual stderr was : ""
actual exit was   : 0
:test/cli\verify-progress.test:12: [OK]
actual command was: "timeout /t 1 >nul & rmdir /s /q test\\cli\\output\\work_verify_progress 2>nul & echo cleanup done"
actual stdout was : "cleanup done\n"
actual stderr was : "ERROR: Input redirection is not supported, exiting the process immediately.\n"
actual exit was   : 0
:test/cli\verify-progress.test:13: [OK]
actual command was: "timeout /t 1 >nul & rmdir /s /q test\\cli\\output\\work_vr 2>nul & rmdir /s /q test\\cli\\output\\remote_vr 2>nul & echo cleanup done"
actual stdout was : "cleanup done\n"
actual stderr was : "ERROR: Input redirection is not supported, exiting the process immediately.\n"
actual exit was   : 0
:test/cli\verify-remote.test:1: [OK]
actual command was: "mkdir test\\cli\\output\\work_vr & mkdir test\\cli\\output\\remote_vr & cd test\\cli\\output\\work_vr & bit init"
actual stdout was : "Initializing bit in: C:\\Users\\natanh\\repos\\workers\\worker1\\bit\\test\\cli\\output\\work_vr\nbit initialized successfully!\n"
actual stderr was : ""
actual exit was   : 0
:test/cli\verify-remote.test:2: [OK]
actual command was: "cd test\\cli\\output\\work_vr & bit remote add origin ..\\remote_vr"
actual stdout was : "Remote 'origin' added (C:\\Users\\natanh\\repos\\workers\\worker1\\bit\\test\\cli\\output\\remote_vr).\n"
actual stderr was : ""
actual exit was   : 0
:test/cli\verify-remote.test:3: [OK]
actual command was: "cd test\\cli\\output\\work_vr & echo hello> greet.txt & echo binarydata> data.bin & bit add greet.txt data.bin & bit commit -m \"Add files\""
actual stdout was : "[main (root-commit) b7a600d] Add files\n 2 files changed, 3 insertions(+)\n create mode 100644 data.bin\n create mode 100644 greet.txt\n"
actual stderr was : ""
actual exit was   : 0
:test/cli\verify-remote.test:4: [OK]
actual command was: "cd test\\cli\\output\\work_vr & bit push"
actual stdout was : "Verifying local files...\nVerified 2 files. All match metadata.\nPushing to filesystem remote: C:\\Users\\natanh\\repos\\workers\\worker1\\bit\\test\\cli\\output\\remote_vr\nFirst push: initializing bit repo at remote...\nFetching local commits into remote...\nMerging at remote (fast-forward only)...\nFirst push: syncing all files to remote...\nUpdating local tracking ref...\nPush complete.\n"
actual stderr was : ""
actual exit was   : 0
:test/cli\verify-remote.test:5: [OK]
actual command was: "cd test\\cli\\output\\work_vr & bit verify --remote"
actual stdout was : "Verifying remote files...\n[OK] All 2 files match metadata.\n"
actual stderr was : ""
actual exit was   : 0
:test/cli\verify-remote.test:6: [OK]
actual command was: "cd test\\cli\\output\\remote_vr & echo corrupted> data.bin"
actual stdout was : ""
actual stderr was : ""
actual exit was   : 0
:test/cli\verify-remote.test:7: [OK]
actual command was: "cd test\\cli\\output\\work_vr & bit verify --remote"
actual stdout was : "Verifying remote files...\nChecked 2 files. 1 issues found.\n"
actual stderr was : "[ERROR] Hash mismatch: data.bin\n  Expected: md5:aff98f1a8207...\n  Actual:   md5:d85edc01730d...\n"
actual exit was   : 0
:test/cli\verify-remote.test:8: [OK]
actual command was: "cd test\\cli\\output\\remote_vr & del greet.txt"
actual stdout was : ""
actual stderr was : ""
actual exit was   : 0
:test/cli\verify-remote.test:9: [OK]
actual command was: "cd test\\cli\\output\\work_vr & bit verify --remote"
actual stdout was : "Verifying remote files...\nChecked 2 files. 2 issues found.\n"
actual stderr was : "[ERROR] Hash mismatch: data.bin\n  Expected: md5:aff98f1a8207...\n  Actual:   md5:d85edc01730d...\n[ERROR] Missing: greet.txt\n"
actual exit was   : 0
:test/cli\verify-remote.test:10: [OK]
actual command was: "timeout /t 1 >nul & rmdir /s /q test\\cli\\output\\work_vr 2>nul & rmdir /s /q test\\cli\\output\\remote_vr 2>nul & echo cleanup done"
actual stdout was : "cleanup done\n"
actual stderr was : "ERROR: Input redirection is not supported, exiting the process immediately.\n"
actual exit was   : 0
:test/cli\verify-remote.test:11: [OK]
actual command was: "rmdir /s /q test\\cli\\output\\work_verify 2>nul & mkdir test\\cli\\output\\work_verify & cd test\\cli\\output\\work_verify & bit init"
actual stdout was : "Initializing bit in: C:\\Users\\natanh\\repos\\workers\\worker1\\bit\\test\\cli\\output\\work_verify\nbit initialized successfully!\n"
actual stderr was : ""
actual exit was   : 0
:test/cli\verify.test:1: [OK]
actual command was: "cd test\\cli\\output\\work_verify & bit verify"
actual stdout was : "[OK] All 0 files match metadata.\n"
actual stderr was : ""
actual exit was   : 0
:test/cli\verify.test:2: [OK]
actual command was: "rmdir /s /q test\\cli\\output\\work_verify 2>nul & mkdir test\\cli\\output\\work_verify & cd test\\cli\\output\\work_verify & bit init & echo hello> a.txt & bit add a.txt & bit commit -m \"Add a\""
actual stdout was : "Initializing bit in: C:\\Users\\natanh\\repos\\workers\\worker1\\bit\\test\\cli\\output\\work_verify\nbit initialized successfully!\n[main (root-commit) 841f78c] Add a\n 1 file changed, 1 insertion(+)\n create mode 100644 a.txt\n"
actual stderr was : ""
actual exit was   : 0
:test/cli\verify.test:3: [OK]
actual command was: "cd test\\cli\\output\\work_verify & bit verify"
actual stdout was : "[OK] All 1 files match metadata.\n"
actual stderr was : ""
actual exit was   : 0
:test/cli\verify.test:4: [OK]
actual command was: "rmdir /s /q test\\cli\\output\\work_verify 2>nul & mkdir test\\cli\\output\\work_verify & cd test\\cli\\output\\work_verify & bit init & echo original> file.bin & bit add file.bin & bit commit -m \"Add file\""
actual stdout was : "Initializing bit in: C:\\Users\\natanh\\repos\\workers\\worker1\\bit\\test\\cli\\output\\work_verify\nbit initialized successfully!\n[main (root-commit) de86d18] Add file\n 1 file changed, 2 insertions(+)\n create mode 100644 file.bin\n"
actual stderr was : ""
actual exit was   : 0
:test/cli\verify.test:5: [OK]
actual command was: "cd test\\cli\\output\\work_verify & echo corrupted> file.bin"
actual stdout was : ""
actual stderr was : ""
actual exit was   : 0
:test/cli\verify.test:6: [OK]
actual command was: "cd test\\cli\\output\\work_verify & bit verify"
actual stdout was : "[OK] All 1 files match metadata.\n"
actual stderr was : ""
actual exit was   : 0
:test/cli\verify.test:7: [Failed]
Command (at line 36):
cd test\cli\output\work_verify & bit verify
Expected stdout: 
/issues found|hash mismatch|file\.bin/
Got stdout:      
[OK] All 1 files match metadata.

actual command was: "cd test\\cli\\output\\work_verify & bit status"
actual stdout was : "On branch main\nnothing to commit, working tree clean\n"
actual stderr was : ""
actual exit was   : 0
:test/cli\verify.test:8: [OK]
actual command was: "cd test\\cli\\output\\work_verify & bit verify"
actual stdout was : "[OK] All 1 files match metadata.\n"
actual stderr was : ""
actual exit was   : 0
:test/cli\verify.test:9: [Failed]
Command (at line 46):
cd test\cli\output\work_verify & bit verify
Expected stdout: 
/issues found|hash mismatch|file\.bin/
Got stdout:      
[OK] All 1 files match metadata.

actual command was: "rmdir /s /q test\\cli\\output\\work_verify 2>nul & mkdir test\\cli\\output\\work_verify & cd test\\cli\\output\\work_verify & bit init & echo x> missing.txt & bit add missing.txt & bit commit -m \"Add missing\""
actual stdout was : "Initializing bit in: C:\\Users\\natanh\\repos\\workers\\worker1\\bit\\test\\cli\\output\\work_verify\nbit initialized successfully!\n[main (root-commit) 8efc7e7] Add missing\n 1 file changed, 1 insertion(+)\n create mode 100644 missing.txt\n"
actual stderr was : ""
actual exit was   : 0
:test/cli\verify.test:10: [OK]
actual command was: "del test\\cli\\output\\work_verify\\missing.txt"
actual stdout was : ""
actual stderr was : ""
actual exit was   : 0
:test/cli\verify.test:11: [OK]
actual command was: "cd test\\cli\\output\\work_verify & bit verify"
actual stdout was : "Checked 1 files. 1 issues found. Run 'bit status' for details.\n"
actual stderr was : "[ERROR] Missing: missing.txt\n"
actual exit was   : 0
:test/cli\verify.test:12: [OK]
actual command was: "timeout /t 1 >nul & rmdir /s /q test\\cli\\output\\work_verify 2>nul"
actual stdout was : ""
actual stderr was : "ERROR: Input redirection is not supported, exiting the process immediately.\n"
actual exit was   : 0
:test/cli\verify.test:13: [OK]

         Test Cases  Total 
 Passed  514         514   
 Failed  17          17    
 Total   531         531   
